Component: ARM Compiler 5.06 update 6 (build 750) Tool: armlink [4d35ed]

==============================================================================

Section Cross References

    startup_stm32f427xx.o(RESET) refers to startup_stm32f427xx.o(STACK) for __initial_sp
    startup_stm32f427xx.o(RESET) refers to startup_stm32f427xx.o(.text) for Reset_Handler
    startup_stm32f427xx.o(RESET) refers to stm32f4xx_it.o(i.NMI_Handler) for NMI_Handler
    startup_stm32f427xx.o(RESET) refers to stm32f4xx_it.o(i.HardFault_Handler) for HardFault_Handler
    startup_stm32f427xx.o(RESET) refers to stm32f4xx_it.o(i.MemManage_Handler) for MemManage_Handler
    startup_stm32f427xx.o(RESET) refers to stm32f4xx_it.o(i.BusFault_Handler) for BusFault_Handler
    startup_stm32f427xx.o(RESET) refers to stm32f4xx_it.o(i.UsageFault_Handler) for UsageFault_Handler
    startup_stm32f427xx.o(RESET) refers to port.o(.emb_text) for SVC_Handler
    startup_stm32f427xx.o(RESET) refers to stm32f4xx_it.o(i.DebugMon_Handler) for DebugMon_Handler
    startup_stm32f427xx.o(RESET) refers to port.o(i.SysTick_Handler) for SysTick_Handler
    startup_stm32f427xx.o(RESET) refers to stm32f4xx_it.o(i.FLASH_IRQHandler) for FLASH_IRQHandler
    startup_stm32f427xx.o(RESET) refers to stm32f4xx_it.o(i.EXTI0_IRQHandler) for EXTI0_IRQHandler
    startup_stm32f427xx.o(RESET) refers to stm32f4xx_it.o(i.EXTI1_IRQHandler) for EXTI1_IRQHandler
    startup_stm32f427xx.o(RESET) refers to stm32f4xx_it.o(i.TIM1_TRG_COM_TIM11_IRQHandler) for TIM1_TRG_COM_TIM11_IRQHandler
    startup_stm32f427xx.o(RESET) refers to stm32f4xx_it.o(i.USART1_IRQHandler) for USART1_IRQHandler
    startup_stm32f427xx.o(RESET) refers to stm32f4xx_it.o(i.EXTI15_10_IRQHandler) for EXTI15_10_IRQHandler
    startup_stm32f427xx.o(RESET) refers to stm32f4xx_it.o(i.TIM8_CC_IRQHandler) for TIM8_CC_IRQHandler
    startup_stm32f427xx.o(RESET) refers to stm32f4xx_it.o(i.TIM6_DAC_IRQHandler) for TIM6_DAC_IRQHandler
    startup_stm32f427xx.o(RESET) refers to stm32f4xx_it.o(i.DMA2_Stream2_IRQHandler) for DMA2_Stream2_IRQHandler
    startup_stm32f427xx.o(.text) refers to system_stm32f4xx.o(i.SystemInit) for SystemInit
    startup_stm32f427xx.o(.text) refers to entry.o(.ARM.Collect$$$$00000000) for __main
    command.o(i.Cmd_For_Debug) refers to common.o(i.Buffer_To_BE32) for Buffer_To_BE32
    command.o(i.Cmd_For_Debug) refers to functions.o(i.debug_Cmd_Check_Cali) for debug_Cmd_Check_Cali
    command.o(i.Cmd_For_Debug) refers to functions.o(i.debug_sw_dac) for debug_sw_dac
    command.o(i.Cmd_For_Debug) refers to functions.o(i.debug_sw_adc) for debug_sw_adc
    command.o(i.Cmd_For_Debug) refers to functions.o(i.debug_vol_adc) for debug_vol_adc
    command.o(i.Cmd_For_Debug) refers to functions.o(i.debug_tag) for debug_tag
    command.o(i.Cmd_For_Debug) refers to functions.o(i.debug_pin) for debug_pin
    command.o(i.Cmd_For_Debug) refers to functions.o(i.debug_cal_switch) for debug_cal_switch
    command.o(i.Cmd_For_Debug) refers to functions.o(i.debug_cal_tosa) for debug_cal_tosa
    command.o(i.Cmd_For_Debug) refers to functions.o(i.debug_get_tosa_val) for debug_get_tosa_val
    command.o(i.Cmd_For_Debug) refers to functions.o(i.debug_cal_il) for debug_cal_il
    command.o(i.Cmd_For_Debug) refers to functions.o(i.debug_cal_default_temp) for debug_cal_default_temp
    command.o(i.Cmd_For_Debug) refers to functions.o(i.debug_cal_rx_pd) for debug_cal_rx_pd
    command.o(i.Cmd_For_Debug) refers to functions.o(i.debug_cal_dump) for debug_cal_dump
    command.o(i.Cmd_For_Debug) refers to functions.o(i.debug_eeprom) for debug_eeprom
    command.o(i.Cmd_For_Debug) refers to functions.o(i.Reset_Log_Status) for Reset_Log_Status
    command.o(i.Cmd_For_Debug) refers to functions.o(i.Reset_Up_Status) for Reset_Up_Status
    command.o(i.Cmd_For_Debug) refers to functions.o(i.debug_test_tosa) for debug_test_tosa
    command.o(i.Cmd_For_Debug) refers to functions.o(i.debug_set_tosa) for debug_set_tosa
    command.o(i.Cmd_For_Debug) refers to functions.o(i.debug_set_tec) for debug_set_tec
    command.o(i.Cmd_For_Debug) refers to memseta.o(.text) for __aeabi_memclr
    command.o(i.Cmd_For_Debug) refers to functions.o(i.debug_get_tosa_tmp) for debug_get_tosa_tmp
    command.o(i.Cmd_For_Debug) refers to functions.o(i.debug_get_pd) for debug_get_pd
    command.o(i.Cmd_For_Debug) refers to functions.o(i.debug_set_lp) for debug_set_lp
    command.o(i.Cmd_For_Debug) refers to functions.o(i.debug_get_switch_channel) for debug_get_switch_channel
    command.o(i.Cmd_For_Debug) refers to functions.o(i.Reset_EEPROM_Alarm_Status) for Reset_EEPROM_Alarm_Status
    command.o(i.Cmd_For_Debug) refers to functions.o(i.debug_get_inter_exp) for debug_get_inter_exp
    command.o(i.Cmd_For_Debug) refers to dfltui.o(.text) for __aeabi_ui2d
    command.o(i.Cmd_For_Debug) refers to ddiv.o(.text) for __aeabi_ddiv
    command.o(i.Cmd_For_Debug) refers to functions.o(i.debug_Cmd_Set_Time) for debug_Cmd_Set_Time
[...]
    Reset_Log_Status                         0x20008d71   Thumb Code    36  functions.o(i.Reset_Log_Status)
    Reset_Switch                             0x20008d99   Thumb Code   156  functions.o(i.Reset_Switch)
    Reset_Switch_Only                        0x20008e41   Thumb Code   106  functions.o(i.Reset_Switch_Only)
    Reset_Tec_Dest_Temp                      0x20008eb9   Thumb Code   166  functions.o(i.Reset_Tec_Dest_Temp)
    Reset_Up_Status                          0x20008f91   Thumb Code    22  functions.o(i.Reset_Up_Status)
    Set_Alarm                                0x20009095   Thumb Code    46  functions.o(i.Set_Alarm)
    Set_Flag                                 0x200090cd   Thumb Code    12  functions.o(i.Set_Flag)
    Set_Lazer_Ready                          0x200090d9   Thumb Code    50  functions.o(i.Set_Lazer_Ready)
    Set_Switch                               0x20009119   Thumb Code   540  functions.o(i.Set_Switch)
    Set_Switch_Alarm                         0x20009369   Thumb Code    38  functions.o(i.Set_Switch_Alarm)
    Set_Switch_Ready                         0x20009395   Thumb Code    56  functions.o(i.Set_Switch_Ready)
    Set_Threshold                            0x200093d9   Thumb Code   758  functions.o(i.Set_Threshold)
    StartDefaultTask                         0x200096fd   Thumb Code     8  freertos.o(i.StartDefaultTask)
    SysTick_Handler                          0x20009705   Thumb Code    38  port.o(i.SysTick_Handler)
    SystemClock_Config                       0x20009731   Thumb Code   160  main.o(i.SystemClock_Config)
    SystemInit                               0x200097d9   Thumb Code    20  system_stm32f4xx.o(i.SystemInit)
    TIM1_TRG_COM_TIM11_IRQHandler            0x200097f1   Thumb Code     6  stm32f4xx_it.o(i.TIM1_TRG_COM_TIM11_IRQHandler)
    TIM6_DAC_IRQHandler                      0x200097fd   Thumb Code     6  stm32f4xx_it.o(i.TIM6_DAC_IRQHandler)
    TIM8_CC_IRQHandler                       0x20009809   Thumb Code     6  stm32f4xx_it.o(i.TIM8_CC_IRQHandler)
    TIM_Base_SetConfig                       0x20009815   Thumb Code   156  stm32f4xx_hal_tim.o(i.TIM_Base_SetConfig)
    TIM_CCxChannelCmd                        0x200098dd   Thumb Code    26  stm32f4xx_hal_tim.o(i.TIM_CCxChannelCmd)
    TIM_TI1_SetConfig                        0x200098f9   Thumb Code   100  stm32f4xx_hal_tim.o(i.TIM_TI1_SetConfig)
    Throw_Log                                0x200099b1   Thumb Code   130  functions.o(i.Throw_Log)
    USART1_IRQHandler                        0x20009db5   Thumb Code     6  stm32f4xx_it.o(i.USART1_IRQHandler)
    Uart_Respond                             0x20009dc1   Thumb Code   126  command.o(i.Uart_Respond)
    Update_EEPROM_Alarm_Status               0x20009e79   Thumb Code    40  functions.o(i.Update_EEPROM_Alarm_Status)
    Update_History_Alarm                     0x20009ea1   Thumb Code   118  functions.o(i.Update_History_Alarm)
    Update_Log_Status                        0x20009f25   Thumb Code    88  functions.o(i.Update_Log_Status)
    Update_Tec_Dest_Temp                     0x20009f81   Thumb Code   224  functions.o(i.Update_Tec_Dest_Temp)
    Update_Up_Status                         0x2000a079   Thumb Code    84  functions.o(i.Update_Up_Status)
    UsageFault_Handler                       0x2000a0cd   Thumb Code     2  stm32f4xx_it.o(i.UsageFault_Handler)
    __0sprintf                               0x2000a0d1   Thumb Code    34  printfa.o(i.__0sprintf)
    __1sprintf                               0x2000a0d1   Thumb Code     0  printfa.o(i.__0sprintf)
    __2sprintf                               0x2000a0d1   Thumb Code     0  printfa.o(i.__0sprintf)
    __c89sprintf                             0x2000a0d1   Thumb Code     0  printfa.o(i.__0sprintf)
    sprintf                                  0x2000a0d1   Thumb Code     0  printfa.o(i.__0sprintf)
    __aeabi_errno_addr                       0x2000a13d   Thumb Code     4  errno.o(i.__aeabi_errno_addr)
    __rt_errno_addr                          0x2000a13d   Thumb Code     0  errno.o(i.__aeabi_errno_addr)
    __hardfp_log                             0x2000a149   Thumb Code   872  log.o(i.__hardfp_log)
    __kernel_poly                            0x2000a50d   Thumb Code   248  poly.o(i.__kernel_poly)
    __mathlib_dbl_divzero                    0x2000a609   Thumb Code    28  dunder.o(i.__mathlib_dbl_divzero)
    __mathlib_dbl_infnan                     0x2000a639   Thumb Code    20  dunder.o(i.__mathlib_dbl_infnan)
    __mathlib_dbl_invalid                    0x2000a651   Thumb Code    24  dunder.o(i.__mathlib_dbl_invalid)
    __scatterload_copy                       0x2000a671   Thumb Code    14  handlers.o(i.__scatterload_copy)
    __scatterload_null                       0x2000a67f   Thumb Code     2  handlers.o(i.__scatterload_null)
    __scatterload_zeroinit                   0x2000a681   Thumb Code    14  handlers.o(i.__scatterload_zeroinit)
    __set_errno                              0x2000a691   Thumb Code     6  errno.o(i.__set_errno)
    cal_tap_pd_by_power                      0x2000af59   Thumb Code   314  functions.o(i.cal_tap_pd_by_power)
    cmdProcessTask                           0x2000b09d   Thumb Code   106  freertos.o(i.cmdProcessTask)
    debug_Cmd_Check_Cali                     0x2000b145   Thumb Code    80  functions.o(i.debug_Cmd_Check_Cali)
    debug_Cmd_Get_Time                       0x2000b199   Thumb Code    68  functions.o(i.debug_Cmd_Get_Time)
    debug_Cmd_LOG_Content                    0x2000b1e5   Thumb Code   362  functions.o(i.debug_Cmd_LOG_Content)
    debug_Cmd_LOG_Size                       0x2000b39d   Thumb Code    88  functions.o(i.debug_Cmd_LOG_Size)
    debug_Cmd_Query_Alarm_History            0x2000b40d   Thumb Code   156  functions.o(i.debug_Cmd_Query_Alarm_History)
    debug_Cmd_Set_Time                       0x2000b4b9   Thumb Code   126  functions.o(i.debug_Cmd_Set_Time)
    debug_cal_default_temp                   0x2000b53d   Thumb Code    22  functions.o(i.debug_cal_default_temp)
    debug_cal_dump                           0x2000b555   Thumb Code   180  functions.o(i.debug_cal_dump)
    debug_cal_il                             0x2000b60d   Thumb Code    38  functions.o(i.debug_cal_il)
    debug_cal_rx_pd                          0x2000b633   Thumb Code    56  functions.o(i.debug_cal_rx_pd)
    debug_cal_switch                         0x2000b66b   Thumb Code   122  functions.o(i.debug_cal_switch)
    debug_cal_tosa                           0x2000b6e5   Thumb Code    94  functions.o(i.debug_cal_tosa)
    debug_eeprom                             0x2000b745   Thumb Code    40  functions.o(i.debug_eeprom)
    debug_get_inter_exp                      0x2000b771   Thumb Code    16  functions.o(i.debug_get_inter_exp)
    debug_get_pd                             0x2000b789   Thumb Code    96  functions.o(i.debug_get_pd)
    debug_get_switch_channel                 0x2000b7f5   Thumb Code    80  functions.o(i.debug_get_switch_channel)
    debug_get_tosa_tmp                       0x2000b84d   Thumb Code   586  functions.o(i.debug_get_tosa_tmp)
    debug_get_tosa_val                       0x2000baed   Thumb Code   140  functions.o(i.debug_get_tosa_val)
    debug_pin                                0x2000bb89   Thumb Code    74  functions.o(i.debug_pin)
    debug_set_lp                             0x2000bbe5   Thumb Code   102  functions.o(i.debug_set_lp)
    debug_set_tec                            0x2000bc51   Thumb Code    20  functions.o(i.debug_set_tec)
    debug_set_tosa                           0x2000bc65   Thumb Code    20  functions.o(i.debug_set_tosa)
    debug_sw_adc                             0x2000bc7d   Thumb Code   128  functions.o(i.debug_sw_adc)
    debug_sw_dac                             0x2000bd05   Thumb Code    18  functions.o(i.debug_sw_dac)
    debug_tag                                0x2000bd19   Thumb Code   132  functions.o(i.debug_tag)
    debug_test_tosa                          0x2000bda5   Thumb Code    48  functions.o(i.debug_test_tosa)
    debug_vol_adc                            0x2000bdd9   Thumb Code    32  functions.o(i.debug_vol_adc)
    get_32_from_eeprom                       0x2000bdfd   Thumb Code    20  common.o(i.get_32_from_eeprom)
    get_rx_pd_power                          0x2000be11   Thumb Code   344  functions.o(i.get_rx_pd_power)
    get_tap_pd_power                         0x2000bf75   Thumb Code   268  functions.o(i.get_tap_pd_power)
    isrTask                                  0x2000c08d   Thumb Code   622  freertos.o(i.isrTask)
    lazerManagerTask                         0x2000c3e5   Thumb Code  1658  freertos.o(i.lazerManagerTask)
    logTask                                  0x2000cb1d   Thumb Code   646  freertos.o(i.logTask)
    main                                     0x2000cdcd   Thumb Code   180  main.o(i.main)
    monitorTask                              0x2000ce9d   Thumb Code  3450  freertos.o(i.monitorTask)
    my_abs                                   0x2000dd8d   Thumb Code    44  common.o(i.my_abs)
    osDelay                                  0x2000ddbd   Thumb Code    46  cmsis_os2.o(i.osDelay)
    osKernelInitialize                       0x2000ddf1   Thumb Code    50  cmsis_os2.o(i.osKernelInitialize)
    osKernelStart                            0x2000de29   Thumb Code    58  cmsis_os2.o(i.osKernelStart)
    osMessageQueueGet                        0x2000de69   Thumb Code   116  cmsis_os2.o(i.osMessageQueueGet)
    osMessageQueueGetCount                   0x2000dee5   Thumb Code    40  cmsis_os2.o(i.osMessageQueueGetCount)
    osMessageQueueNew                        0x2000df11   Thumb Code   110  cmsis_os2.o(i.osMessageQueueNew)
    osMessageQueuePut                        0x2000df85   Thumb Code   120  cmsis_os2.o(i.osMessageQueuePut)
    osMutexAcquire                           0x2000e005   Thumb Code   104  cmsis_os2.o(i.osMutexAcquire)
    osMutexNew                               0x2000e071   Thumb Code   124  cmsis_os2.o(i.osMutexNew)
    osMutexRelease                           0x2000e0f1   Thumb Code    88  cmsis_os2.o(i.osMutexRelease)
    osSemaphoreAcquire                       0x2000e14d   Thumb Code   108  cmsis_os2.o(i.osSemaphoreAcquire)
    osSemaphoreNew                           0x2000e1c1   Thumb Code   172  cmsis_os2.o(i.osSemaphoreNew)
    osSemaphoreRelease                       0x2000e271   Thumb Code   102  cmsis_os2.o(i.osSemaphoreRelease)
    osThreadNew                              0x2000e2e1   Thumb Code   160  cmsis_os2.o(i.osThreadNew)
    pvPortMalloc                             0x2000eae1   Thumb Code   210  heap_4.o(i.pvPortMalloc)
    pvTaskIncrementMutexHeldCount            0x2000ebb9   Thumb Code    18  tasks.o(i.pvTaskIncrementMutexHeldCount)
    pxPortInitialiseStack                    0x2000ebd1   Thumb Code    40  port.o(i.pxPortInitialiseStack)
    set_sw_dac                               0x2000ebfd   Thumb Code   174  functions.o(i.set_sw_dac)
    set_sw_dac_2                             0x2000ecb1   Thumb Code   118  functions.o(i.set_sw_dac_2)
    swIsrTask                                0x2000ed2d   Thumb Code   148  freertos.o(i.swIsrTask)
    switch_endian                            0x2000edcd   Thumb Code     4  common.o(i.switch_endian)
    switch_endian_16                         0x2000edd1   Thumb Code     4  common.o(i.switch_endian_16)
    uartProcessTask                          0x2000edd5   Thumb Code   488  freertos.o(i.uartProcessTask)
    ulTaskNotifyTake                         0x2000f07d   Thumb Code    96  tasks.o(i.ulTaskNotifyTake)
    update_tosa_table                        0x2000f0e5   Thumb Code   326  functions.o(i.update_tosa_table)
    uxListRemove                             0x2000f265   Thumb Code    38  list.o(i.uxListRemove)
    uxQueueMessagesWaiting                   0x2000f28b   Thumb Code    36  queue.o(i.uxQueueMessagesWaiting)
    uxQueueMessagesWaitingFromISR            0x2000f2af   Thumb Code    22  queue.o(i.uxQueueMessagesWaitingFromISR)
    vApplicationGetIdleTaskMemory            0x2000f2c5   Thumb Code    16  cmsis_os2.o(i.vApplicationGetIdleTaskMemory)
    vApplicationGetTimerTaskMemory           0x2000f2d9   Thumb Code    18  cmsis_os2.o(i.vApplicationGetTimerTaskMemory)
    vListInitialise                          0x2000f2f1   Thumb Code    22  list.o(i.vListInitialise)
    vListInitialiseItem                      0x2000f307   Thumb Code     6  list.o(i.vListInitialiseItem)
    vListInsert                              0x2000f30d   Thumb Code    48  list.o(i.vListInsert)
    vListInsertEnd                           0x2000f33d   Thumb Code    24  list.o(i.vListInsertEnd)
    vPortEnterCritical                       0x2000f355   Thumb Code    54  port.o(i.vPortEnterCritical)
    vPortExitCritical                        0x2000f395   Thumb Code    34  port.o(i.vPortExitCritical)
    vPortFree                                0x2000f3bd   Thumb Code    88  heap_4.o(i.vPortFree)
    vPortSetupTimerInterrupt                 0x2000f419   Thumb Code    32  port.o(i.vPortSetupTimerInterrupt)
    vPortValidateInterruptPriority           0x2000f43d   Thumb Code    74  port.o(i.vPortValidateInterruptPriority)
    vQueueAddToRegistry                      0x2000f491   Thumb Code    34  queue.o(i.vQueueAddToRegistry)
    vQueueDelete                             0x2000f4b9   Thumb Code    46  queue.o(i.vQueueDelete)
    vQueueUnregisterQueue                    0x2000f4e9   Thumb Code    36  queue.o(i.vQueueUnregisterQueue)
    vQueueWaitForMessageRestricted           0x2000f511   Thumb Code    68  queue.o(i.vQueueWaitForMessageRestricted)
    vTaskDelay                               0x2000f555   Thumb Code    66  tasks.o(i.vTaskDelay)
    vTaskInternalSetTimeOutState             0x2000f5a1   Thumb Code    12  tasks.o(i.vTaskInternalSetTimeOutState)
    vTaskMissedYield                         0x2000f5b1   Thumb Code     8  tasks.o(i.vTaskMissedYield)
    vTaskPlaceOnEventList                    0x2000f5bd   Thumb Code    44  tasks.o(i.vTaskPlaceOnEventList)
    vTaskPlaceOnEventListRestricted          0x2000f5ed   Thumb Code    52  tasks.o(i.vTaskPlaceOnEventListRestricted)
    vTaskPriorityDisinheritAfterTimeout      0x2000f625   Thumb Code   134  tasks.o(i.vTaskPriorityDisinheritAfterTimeout)
    vTaskStartScheduler                      0x2000f6b5   Thumb Code   118  tasks.o(i.vTaskStartScheduler)
    vTaskSuspendAll                          0x2000f73d   Thumb Code    10  tasks.o(i.vTaskSuspendAll)
    vTaskSwitchContext                       0x2000f74d   Thumb Code    90  tasks.o(i.vTaskSwitchContext)
    watchdogTask                             0x2000f7b1   Thumb Code    18  freertos.o(i.watchdogTask)
    write_32_to_eeprom                       0x2000f7c9   Thumb Code    16  common.o(i.write_32_to_eeprom)
    xPortStartScheduler                      0x2000f7d9   Thumb Code   222  port.o(i.xPortStartScheduler)
    xQueueCreateCountingSemaphore            0x2000f8cd   Thumb Code    58  queue.o(i.xQueueCreateCountingSemaphore)
    xQueueCreateCountingSemaphoreStatic      0x2000f907   Thumb Code    64  queue.o(i.xQueueCreateCountingSemaphoreStatic)
    xQueueCreateMutex                        0x2000f947   Thumb Code    22  queue.o(i.xQueueCreateMutex)
    xQueueCreateMutexStatic                  0x2000f95d   Thumb Code    26  queue.o(i.xQueueCreateMutexStatic)
    xQueueGenericCreate                      0x2000f977   Thumb Code    72  queue.o(i.xQueueGenericCreate)
    xQueueGenericCreateStatic                0x2000f9bf   Thumb Code   102  queue.o(i.xQueueGenericCreateStatic)
    xQueueGenericReset                       0x2000fa25   Thumb Code   132  queue.o(i.xQueueGenericReset)
    xQueueGenericSend                        0x2000faad   Thumb Code   346  queue.o(i.xQueueGenericSend)
    xQueueGenericSendFromISR                 0x2000fc0d   Thumb Code   188  queue.o(i.xQueueGenericSendFromISR)
    xQueueGiveFromISR                        0x2000fcc9   Thumb Code   156  queue.o(i.xQueueGiveFromISR)
    xQueueGiveMutexRecursive                 0x2000fd65   Thumb Code    62  queue.o(i.xQueueGiveMutexRecursive)
    xQueueReceive                            0x2000fda5   Thumb Code   308  queue.o(i.xQueueReceive)
    xQueueReceiveFromISR                     0x2000fedd   Thumb Code   154  queue.o(i.xQueueReceiveFromISR)
    xQueueSemaphoreTake                      0x2000ff79   Thumb Code   372  queue.o(i.xQueueSemaphoreTake)
    xQueueTakeMutexRecursive                 0x200100f1   Thumb Code    64  queue.o(i.xQueueTakeMutexRecursive)
    xTaskCheckForTimeOut                     0x20010131   Thumb Code   112  tasks.o(i.xTaskCheckForTimeOut)
    xTaskCreate                              0x200101a5   Thumb Code    90  tasks.o(i.xTaskCreate)
    xTaskCreateStatic                        0x200101ff   Thumb Code    86  tasks.o(i.xTaskCreateStatic)
    xTaskGenericNotify                       0x20010255   Thumb Code   188  tasks.o(i.xTaskGenericNotify)
    xTaskGetCurrentTaskHandle                0x2001031d   Thumb Code     6  tasks.o(i.xTaskGetCurrentTaskHandle)
    xTaskGetSchedulerState                   0x20010329   Thumb Code    22  tasks.o(i.xTaskGetSchedulerState)
    xTaskGetTickCount                        0x20010345   Thumb Code     6  tasks.o(i.xTaskGetTickCount)
    xTaskIncrementTick                       0x20010351   Thumb Code   190  tasks.o(i.xTaskIncrementTick)
    xTaskPriorityDisinherit                  0x20010419   Thumb Code   118  tasks.o(i.xTaskPriorityDisinherit)
    xTaskPriorityInherit                     0x20010499   Thumb Code   112  tasks.o(i.xTaskPriorityInherit)
    xTaskRemoveFromEventList                 0x20010511   Thumb Code    98  tasks.o(i.xTaskRemoveFromEventList)
    xTaskResumeAll                           0x20010581   Thumb Code   182  tasks.o(i.xTaskResumeAll)
    xTimerCreateTimerTask                    0x20010645   Thumb Code    78  timers.o(i.xTimerCreateTimerTask)
    xTimerGenericCommand                     0x200106a5   Thumb Code    98  timers.o(i.xTimerGenericCommand)
    error_file_flash_addr                    0x20010714   Data          28  main.o(.constdata)
    normal_file_flash_addr                   0x20010730   Data          12  main.o(.constdata)
    error_file_flash_end                     0x2001073c   Data           4  main.o(.constdata)
    error_file_flash_count                   0x20010740   Data           1  main.o(.constdata)
    normal_file_flash_end                    0x20010744   Data           4  main.o(.constdata)
    normal_file_flash_count                  0x20010748   Data           1  main.o(.constdata)
    Thread_Mutex_attr                        0x2001074c   Data          16  freertos.o(.constdata)
    cmdProcessTask_attributes                0x2001075c   Data          36  freertos.o(.constdata)
    uartProcessTask_attributes               0x20010780   Data          36  freertos.o(.constdata)
    watchdogTask_attributes                  0x200107a4   Data          36  freertos.o(.constdata)
    isrTask_attributes                       0x200107c8   Data          36  freertos.o(.constdata)
    swIsrTask_attributes                     0x200107ec   Data          36  freertos.o(.constdata)
    logTask_attributes                       0x20010810   Data          36  freertos.o(.constdata)
    monTask_attributes                       0x20010834   Data          36  freertos.o(.constdata)
    lazerManagerTask_attributes              0x20010858   Data          36  freertos.o(.constdata)
    defaultTask_attributes                   0x2001087c   Data          36  freertos.o(.constdata)
    AHBPrescTable                            0x200108a8   Data          16  system_stm32f4xx.o(.constdata)
    APBPrescTable                            0x200108b8   Data           8  system_stm32f4xx.o(.constdata)
    __mathlib_zero                           0x200108f8   Data           8  qnan.o(.constdata)
    __ctype_table                            0x20010900   Data         129  ctype_o.o(.constdata)
    Region$$Table$$Base                      0x20010b8c   Number         0  anon$$obj.o(Region$$Table)
    Region$$Table$$Limit                     0x20010bac   Number         0  anon$$obj.o(Region$$Table)
    fw_version                               0x20018000   Data           4  command.o(.data)
    hw_version                               0x20018004   Data           5  command.o(.data)
    command_list                             0x2001800c   Data         208  command.o(.data)
    channel_map_count                        0x200184dc   Data           4  functions.o(.data)
    channel_map                              0x200184e0   Data          60  functions.o(.data)
    switch_map                               0x2001851c   Data          72  functions.o(.data)
    reset_flag                               0x20018564   Data           1  main.o(.data)
    flash_in_use                             0x20018565   Data           1  main.o(.data)
    history_alarm_status                     0x20018568   Data           8  main.o(.data)
    tosa_table_count                         0x20018570   Data           1  main.o(.data)
    tosa_power_high_max_thr                  0x20018578   Data           8  main.o(.data)
    tosa_power_low_min_thr                   0x20018580   Data           8  main.o(.data)
    device_busy                              0x20018588   Data           1  main.o(.data)
    allow_tosa                               0x20018589   Data           1  main.o(.data)
    enable_tosa_failed                       0x2001858a   Data           1  main.o(.data)
    lock_debug                               0x2001858b   Data           1  main.o(.data)
    uart_sync                                0x2001858c   Data           2  freertos.o(.data)
    uartProcessSemaphore                     0x20018590   Data           4  freertos.o(.data)
    cmdProcessSemaphore                      0x20018594   Data           4  freertos.o(.data)
    switchSemaphore                          0x20018598   Data           4  freertos.o(.data)
    logEraseSemaphore                        0x2001859c   Data           4  freertos.o(.data)
    mid_LogMsg                               0x200185a0   Data           4  freertos.o(.data)
    mid_ISR                                  0x200185a4   Data           4  freertos.o(.data)
    mid_SwISR                                0x200185a8   Data           4  freertos.o(.data)
    mid_LazerManager                         0x200185ac   Data           4  freertos.o(.data)
    mid_CmdProcess                           0x200185b0   Data           4  freertos.o(.data)
    i2c1Mutex                                0x200185b4   Data           4  freertos.o(.data)
    i2c2Mutex                                0x200185b8   Data           4  freertos.o(.data)
    spi2Mutex                                0x200185bc   Data           4  freertos.o(.data)
    spi3Mutex                                0x200185c0   Data           4  freertos.o(.data)
    spi4Mutex                                0x200185c4   Data           4  freertos.o(.data)
    spi5Mutex                                0x200185c8   Data           4  freertos.o(.data)
    spi6Mutex                                0x200185cc   Data           4  freertos.o(.data)
    swMutex                                  0x200185d0   Data           4  freertos.o(.data)
    cmdProcessTaskHandle                     0x200185d4   Data           4  freertos.o(.data)
    uartProcessTaskHandle                    0x200185d8   Data           4  freertos.o(.data)
    watchdogTaskHandle                       0x200185dc   Data           4  freertos.o(.data)
    isrTaskHandle                            0x200185e0   Data           4  freertos.o(.data)
    swIsrTaskHandle                          0x200185e4   Data           4  freertos.o(.data)
    logTaskHandle                            0x200185e8   Data           4  freertos.o(.data)
    monTaskHandle                            0x200185ec   Data           4  freertos.o(.data)
    lazerManagerTaskHandle                   0x200185f0   Data           4  freertos.o(.data)
    defaultTaskHandle                        0x200185f4   Data           4  freertos.o(.data)
    uwTickFreq                               0x200185f8   Data           1  stm32f4xx_hal.o(.data)
    uwTickPrio                               0x200185fc   Data           4  stm32f4xx_hal.o(.data)
    uwTick                                   0x20018600   Data           4  stm32f4xx_hal.o(.data)
    SystemCoreClock                          0x20018604   Data           4  system_stm32f4xx.o(.data)
    pxCurrentTCB                             0x20018608   Data           4  tasks.o(.data)
    resp_buf                                 0x20018684   Data         262  command.o(.bss)
    trans_buf                                0x2001878a   Data         259  command.o(.bss)
    up_state                                 0x20018890   Data          36  command.o(.bss)
    pn                                       0x200188b4   Data          17  command.o(.bss)
    debug_buf                                0x200188c5   Data        1024  common.o(.bss)
    upgrade_status                           0x20018cc8   Data          24  main.o(.bss)
    log_file_state                           0x20018ce0   Data          32  main.o(.bss)
    sw_tim_control                           0x20018d00   Data          32  main.o(.bss)
    tim_isr_msg                              0x20018d20   Data          12  main.o(.bss)
    tosa_table                               0x20018d30   Data         240  main.o(.bss)
    hi2c1                                    0x20018e20   Data          84  i2c.o(.bss)
    hi2c2                                    0x20018e74   Data          84  i2c.o(.bss)
    hiwdg                                    0x20018ec8   Data          12  iwdg.o(.bss)
    hrtc                                     0x20018ed4   Data          32  rtc.o(.bss)
    hspi1                                    0x20018ef4   Data          88  spi.o(.bss)
    hspi2                                    0x20018f4c   Data          88  spi.o(.bss)
    hspi3                                    0x20018fa4   Data          88  spi.o(.bss)
    hspi4                                    0x20018ffc   Data          88  spi.o(.bss)
    hspi5                                    0x20019054   Data          88  spi.o(.bss)
    hspi6                                    0x200190ac   Data          88  spi.o(.bss)
    htim6                                    0x20019104   Data          64  tim.o(.bss)
    htim8                                    0x20019144   Data          64  tim.o(.bss)
    huart1                                   0x20019184   Data          64  usart.o(.bss)
    huart3                                   0x200191c4   Data          64  usart.o(.bss)
    hdma_usart1_rx                           0x20019204   Data          96  usart.o(.bss)
    htim11                                   0x20019264   Data          64  stm32f4xx_hal_timebase_tim.o(.bss)
    pFlash                                   0x200192a4   Data          32  stm32f4xx_hal_flash.o(.bss)
    xQueueRegistry                           0x200192c4   Data          64  queue.o(.bss)
    __initial_sp                             0x2001df98   Data           0  startup_stm32f427xx.o(STACK)
    run_status                               0x2002fc00   Data         384  main.o(.ARM.__AT_0x2002FC00)



==============================================================================

Memory Map of the image

  Image Entry point : 0x200001ad

  Load Region LR_IROM2 (Base: 0x20000000, Size: 0x00011230, Max: 0x00018000, ABSOLUTE, COMPRESSED[0x000110f8])

    Execution Region ER_IROM2 (Exec base: 0x20000000, Load base: 0x20000000, Size: 0x00010bac, Max: 0x00018000, ABSOLUTE)

    Exec Addr    Load Addr    Size         Type   Attr      Idx    E Section Name        Object

    0x20000000   0x20000000   0x000001ac   Data   RO            3    RESET               startup_stm32f427xx.o
    0x200001ac   0x200001ac   0x00000000   Code   RO         7230  * .ARM.Collect$$$$00000000  mc_w.l(entry.o)
    0x200001ac   0x200001ac   0x00000004   Code   RO         7545    .ARM.Collect$$$$00000001  mc_w.l(entry2.o)
    0x200001b0   0x200001b0   0x00000004   Code   RO         7548    .ARM.Collect$$$$00000004  mc_w.l(entry5.o)
    0x200001b4   0x200001b4   0x00000000   Code   RO         7550    .ARM.Collect$$$$00000008  mc_w.l(entry7b.o)
    0x200001b4   0x200001b4   0x00000000   Code   RO         7552    .ARM.Collect$$$$0000000A  mc_w.l(entry8b.o)
    0x200001b4   0x200001b4   0x00000008   Code   RO         7553    .ARM.Collect$$$$0000000B  mc_w.l(entry9a.o)
    0x200001bc   0x200001bc   0x00000000   Code   RO         7555    .ARM.Collect$$$$0000000D  mc_w.l(entry10a.o)
    0x200001bc   0x200001bc   0x00000000   Code   RO         7557    .ARM.Collect$$$$0000000F  mc_w.l(entry11a.o)
    0x200001bc   0x200001bc   0x00000004   Code   RO         7546    .ARM.Collect$$$$00002712  mc_w.l(entry2.o)
    0x200001c0   0x200001c0   0x000000be   Code   RO         7139    .emb_text           port.o
    0x2000027e   0x2000027e   0x00000002   PAD
    0x20000280   0x20000280   0x00000024   Code   RO            4    .text               startup_stm32f427xx.o
    0x200002a4   0x200002a4   0x00000062   Code   RO         7233    .text               mc_w.l(uldiv.o)
    0x20000306   0x20000306   0x00000024   Code   RO         7235    .text               mc_w.l(memcpya.o)
    0x2000032a   0x2000032a   0x00000024   Code   RO         7239    .text               mc_w.l(memseta.o)
    0x2000034e   0x2000034e   0x0000000e   Code   RO         7241    .text               mc_w.l(strlen.o)
    0x2000035c   0x2000035c   0x0000001e   Code   RO         7243    .text               mc_w.l(strncmp.o)
    0x2000037a   0x2000037a   0x00000072   Code   RO         7508    .text               mc_w.l(strtoul.o)
    0x200003ec   0x200003ec   0x0000014e   Code   RO         7510    .text               mf_w.l(dadd.o)
    0x2000053a   0x2000053a   0x000000e4   Code   RO         7512    .text               mf_w.l(dmul.o)
    0x2000061e   0x2000061e   0x000000de   Code   RO         7514    .text               mf_w.l(ddiv.o)
    0x200006fc   0x200006fc   0x00000022   Code   RO         7516    .text               mf_w.l(dflti.o)
    0x2000071e   0x2000071e   0x0000001a   Code   RO         7518    .text               mf_w.l(dfltui.o)
    0x20000738   0x20000738   0x0000003e   Code   RO         7520    .text               mf_w.l(dfixi.o)
    0x20000776   0x20000776   0x00000032   Code   RO         7522    .text               mf_w.l(dfixui.o)
    0x200007a8   0x200007a8   0x00000030   Code   RO         7524    .text               mf_w.l(cdcmple.o)
    0x200007d8   0x200007d8   0x00000030   Code   RO         7526    .text               mf_w.l(cdrcmple.o)
    0x20000808   0x20000808   0x0000002c   Code   RO         7562    .text               mc_w.l(uidiv.o)
    0x20000834   0x20000834   0x0000001e   Code   RO         7564    .text               mc_w.l(llshl.o)
    0x20000852   0x20000852   0x00000020   Code   RO         7566    .text               mc_w.l(llushr.o)
    0x20000872   0x20000872   0x00000024   Code   RO         7568    .text               mc_w.l(llsshr.o)
    0x20000896   0x20000896   0x00000002   PAD
    0x20000898   0x20000898   0x00000008   Code   RO         7570    .text               mc_w.l(ctype_o.o)
    0x200008a0   0x200008a0   0x0000009e   Code   RO         7605    .text               mc_w.l(_strtoul.o)
    0x2000093e   0x2000093e   0x00000000   Code   RO         7607    .text               mc_w.l(iusefp.o)
    0x2000093e   0x2000093e   0x000000ba   Code   RO         7608    .text               mf_w.l(depilogue.o)
    0x200009f8   0x200009f8   0x00000030   Code   RO         7612    .text               mf_w.l(dfixul.o)
    0x20000a28   0x20000a28   0x00000024   Code   RO         7614    .text               mc_w.l(init.o)
    0x20000a4c   0x20000a4c   0x0000001c   Code   RO         7617    .text               mc_w.l(_chval.o)
    0x20000a68   0x20000a68   0x00000056   Code   RO         7628    .text               mc_w.l(__dczerorl2.o)
    0x20000abe   0x20000abe   0x00000008   Code   RO          410    i.BE16_To_Buffer    common.o
    0x20000ac6   0x20000ac6   0x00000010   Code   RO          411    i.BE32_To_Buffer    common.o
    0x20000ad6   0x20000ad6   0x00000006   Code   RO          412    i.Buffer_To_BE16    common.o
    0x20000adc   0x20000adc   0x0000000e   Code   RO          413    i.Buffer_To_BE32    common.o
    0x20000aea   0x20000aea   0x00000002   Code   RO         1745    i.BusFault_Handler  stm32f4xx_it.o
    0x20000aec   0x20000aec   0x00000028   Code   RO          414    i.Cal_CRC32         common.o
    0x20000b14   0x20000b14   0x00000028   Code   RO          415    i.Cal_CRC32_2       common.o
    0x20000b3c   0x20000b3c   0x00000018   Code   RO          416    i.Cal_Check         common.o
    0x20000b54   0x20000b54   0x000000c0   Code   RO          670    i.Cal_Temp          functions.o
    0x20000c14   0x20000c14   0x000001b8   Code   RO          671    i.Cal_Tosa_Data     functions.o
    0x20000dcc   0x20000dcc   0x00000130   Code   RO          672    i.Cal_Tosa_Temp     functions.o
    0x20000efc   0x20000efc   0x00000348   Code   RO          673    i.Cali_Power        functions.o
    0x20001244   0x20001244   0x0000007c   Code   RO          674    i.Check_Cali        functions.o
    0x200012c0   0x200012c0   0x00000038   Code   RO         1185    i.Clear_Alarm       functions.o
    0x200012f8   0x200012f8   0x0000000c   Code   RO          675    i.Clear_Flag        functions.o
    0x20001304   0x20001304   0x00000040   Code   RO          676    i.Clear_Lazer_Ready  functions.o
    0x20001344   0x20001344   0x0000002c   Code   RO          677    i.Clear_Switch_Alarm  functions.o
    0x20001370   0x20001370   0x00000016   Code   RO          678    i.Clear_Switch_Dac  functions.o
    0x20001386   0x20001386   0x00000002   PAD
    0x20001388   0x20001388   0x00000044   Code   RO          679    i.Clear_Switch_Ready  functions.o
    0x200013cc   0x200013cc   0x000003cc   Code   RO           13    i.Cmd_For_Debug     command.o
    0x20001798   0x20001798   0x0000009c   Code   RO           14    i.Cmd_Get_IL        command.o
    0x20001834   0x20001834   0x000000d4   Code   RO           15    i.Cmd_Get_Switch    command.o
    0x20001908   0x20001908   0x000000ac   Code   RO           16    i.Cmd_Get_Temperature  command.o
    0x200019b4   0x200019b4   0x00000028   Code   RO           17    i.Cmd_Get_Version   command.o
    0x200019dc   0x200019dc   0x00000070   Code   RO           18    i.Cmd_Performance   command.o
    0x20001a4c   0x20001a4c   0x000000d4   Code   RO           19    i.Cmd_Process       command.o
    0x20001b20   0x20001b20   0x0000002c   Code   RO           20    i.Cmd_Query_Alarm   command.o
    0x20001b4c   0x20001b4c   0x00000024   Code   RO           21    i.Cmd_Query_MDate   command.o
    0x20001b70   0x20001b70   0x00000020   Code   RO           22    i.Cmd_Query_Modulation  command.o
    0x20001b90   0x20001b90   0x00000024   Code   RO           23    i.Cmd_Query_PN      command.o
    0x20001bb4   0x20001bb4   0x00000024   Code   RO           24    i.Cmd_Query_SN      command.o
    0x20001bd8   0x20001bd8   0x00000020   Code   RO           25    i.Cmd_Query_Status  command.o
    0x20001bf8   0x20001bf8   0x00000034   Code   RO           26    i.Cmd_Query_Threshold  command.o
    0x20001c2c   0x20001c2c   0x0000006c   Code   RO           27    i.Cmd_Query_Tosa    command.o
    0x20001c98   0x20001c98   0x00000088   Code   RO           28    i.Cmd_Query_Tosa_Thr  command.o
    0x20001d20   0x20001d20   0x00000024   Code   RO           29    i.Cmd_Query_Vendor  command.o
    0x20001d44   0x20001d44   0x00000064   Code   RO           30    i.Cmd_RX_PD_CALI    command.o
    0x20001da8   0x20001da8   0x00000060   Code   RO           31    i.Cmd_Set_Modulation  command.o
    0x20001e08   0x20001e08   0x000002bc   Code   RO           32    i.Cmd_Set_Switch    command.o
    0x200020c4   0x200020c4   0x00000054   Code   RO           33    i.Cmd_Set_Threshold  command.o
    0x20002118   0x20002118   0x0000001c   Code   RO           34    i.Cmd_Softreset     command.o
    0x20002134   0x20002134   0x00000104   Code   RO           35    i.Cmd_TAP_PD_CALI   command.o
    0x20002238   0x20002238   0x00000350   Code   RO           36    i.Cmd_Upgrade_Data  command.o
    0x20002588   0x20002588   0x00000024   Code   RO           37    i.Cmd_Upgrade_Init  command.o
    0x200025ac   0x200025ac   0x000001e0   Code   RO           38    i.Cmd_Upgrade_Install  command.o
    0x2000278c   0x2000278c   0x000001f4   Code   RO           39    i.Cmd_Voltage       command.o
    0x20002980   0x20002980   0x000000c8   Code   RO          417    i.DAC5541_Write     common.o
    0x20002a48   0x20002a48   0x0000000c   Code   RO         1746    i.DMA2_Stream2_IRQHandler  stm32f4xx_it.o
    0x20002a54   0x20002a54   0x00000028   Code   RO         2431    i.DMA_CalcBaseAndBitshift  stm32f4xx_hal_dma.o
    0x20002a7c   0x20002a7c   0x00000054   Code   RO         2432    i.DMA_CheckFifoParam  stm32f4xx_hal_dma.o
    0x20002ad0   0x20002ad0   0x00000028   Code   RO         2433    i.DMA_SetConfig     stm32f4xx_hal_dma.o
    0x20002af8   0x20002af8   0x00000002   Code   RO         1747    i.DebugMon_Handler  stm32f4xx_it.o
    0x20002afa   0x20002afa   0x00000002   PAD
    0x20002afc   0x20002afc   0x0000002c   Code   RO          680    i.Disable_Tosa      functions.o
    0x20002b28   0x20002b28   0x00000006   Code   RO         1748    i.EXTI0_IRQHandler  stm32f4xx_it.o
    0x20002b2e   0x20002b2e   0x00000008   Code   RO         1749    i.EXTI15_10_IRQHandler  stm32f4xx_it.o
    0x20002b36   0x20002b36   0x00000006   Code   RO         1750    i.EXTI1_IRQHandler  stm32f4xx_it.o
    0x20002b3c   0x20002b3c   0x00000044   Code   RO          681    i.Enable_Tosa       functions.o
    0x20002b80   0x20002b80   0x00000002   Code   RO         1198    i.Error_Handler     main.o
    0x20002b82   0x20002b82   0x00000002   PAD
    0x20002b84   0x20002b84   0x00000054   Code   RO         2206    i.FLASH_Erase_Sector  stm32f4xx_hal_flash_ex.o
    0x20002bd8   0x20002bd8   0x00000054   Code   RO         2207    i.FLASH_FlushCaches  stm32f4xx_hal_flash_ex.o
    0x20002c2c   0x20002c2c   0x00000004   Code   RO         1751    i.FLASH_IRQHandler  stm32f4xx_it.o
    0x20002c30   0x20002c30   0x0000002e   Code   RO          629    i.FLASH_If_Erase_IT  flash_if.o
    0x20002c5e   0x20002c5e   0x00000002   PAD
    0x20002c60   0x20002c60   0x00000018   Code   RO          630    i.FLASH_If_Init     flash_if.o
    0x20002c78   0x20002c78   0x00000054   Code   RO          631    i.FLASH_If_Write    flash_if.o
    0x20002ccc   0x20002ccc   0x00000040   Code   RO         2208    i.FLASH_MassErase   stm32f4xx_hal_flash_ex.o
    0x20002d0c   0x20002d0c   0x00000020   Code   RO         2088    i.FLASH_Program_Byte  stm32f4xx_hal_flash.o
    0x20002d2c   0x20002d2c   0x0000002c   Code   RO         2089    i.FLASH_Program_DoubleWord  stm32f4xx_hal_flash.o
    0x20002d58   0x20002d58   0x00000024   Code   RO         2090    i.FLASH_Program_HalfWord  stm32f4xx_hal_flash.o
    0x20002d7c   0x20002d7c   0x00000024   Code   RO         2091    i.FLASH_Program_Word  stm32f4xx_hal_flash.o
    0x20002da0   0x20002da0   0x0000007c   Code   RO         2092    i.FLASH_SetErrorCode  stm32f4xx_hal_flash.o
    0x20002e1c   0x20002e1c   0x00000050   Code   RO         2093    i.FLASH_WaitForLastOperation  stm32f4xx_hal_flash.o
    0x20002e6c   0x20002e6c   0x000000d4   Code   RO          682    i.Get_Current_Switch_ADC  functions.o
    0x20002f40   0x20002f40   0x000002c8   Code   RO          683    i.Get_Current_Switch_Channel  functions.o
    0x20003208   0x20003208   0x00000048   Code   RO          684    i.Get_EEPROM_Alarm_Status  functions.o
    0x20003250   0x20003250   0x00000060   Code   RO          685    i.Get_Index_Of_Channel_Map  functions.o
    0x200032b0   0x200032b0   0x00000080   Code   RO          686    i.Get_Log_Status    functions.o
    0x20003330   0x20003330   0x0000040c   Code   RO          687    i.Get_Performance   functions.o
    0x2000373c   0x2000373c   0x0000006c   Code   RO          688    i.Get_Rx_Power      functions.o
    0x200037a8   0x200037a8   0x0000006c   Code   RO          689    i.Get_Switch_Adc    functions.o
    0x20003814   0x20003814   0x000000cc   Code   RO          690    i.Get_Switch_Position_By_IO  functions.o
    0x200038e0   0x200038e0   0x00000140   Code   RO          691    i.Get_Tap_Power     functions.o
    0x20003a20   0x20003a20   0x00000248   Code   RO          692    i.Get_Threshold     functions.o
    0x20003c68   0x20003c68   0x00000200   Code   RO          693    i.Get_Threshold_Table  functions.o
    0x20003e68   0x20003e68   0x00000100   Code   RO          694    i.Get_Tosa_Data     functions.o
    0x20003f68   0x20003f68   0x0000005a   Code   RO          695    i.Get_Up_Status     functions.o
    0x20003fc2   0x20003fc2   0x0000008e   Code   RO         2434    i.HAL_DMA_Abort     stm32f4xx_hal_dma.o
    0x20004050   0x20004050   0x00000024   Code   RO         2435    i.HAL_DMA_Abort_IT  stm32f4xx_hal_dma.o
    0x20004074   0x20004074   0x000001a0   Code   RO         2439    i.HAL_DMA_IRQHandler  stm32f4xx_hal_dma.o
    0x20004214   0x20004214   0x000000d4   Code   RO         2440    i.HAL_DMA_Init      stm32f4xx_hal_dma.o
    0x200042e8   0x200042e8   0x0000006e   Code   RO         2444    i.HAL_DMA_Start_IT  stm32f4xx_hal_dma.o
    0x20004356   0x20004356   0x00000002   PAD
    0x20004358   0x20004358   0x00000068   Code   RO         2214    i.HAL_FLASHEx_Erase_IT  stm32f4xx_hal_flash_ex.o
    0x200043c0   0x200043c0   0x00000054   Code   RO         1199    i.HAL_FLASH_EndOfOperationCallback  main.o
    0x20004414   0x20004414   0x000000cc   Code   RO         2096    i.HAL_FLASH_IRQHandler  stm32f4xx_hal_flash.o
    0x200044e0   0x200044e0   0x00000014   Code   RO         2097    i.HAL_FLASH_Lock    stm32f4xx_hal_flash.o
    0x200044f4   0x200044f4   0x00000002   Code   RO         2101    i.HAL_FLASH_OperationErrorCallback  stm32f4xx_hal_flash.o
    0x200044f6   0x200044f6   0x00000002   PAD
    0x200044f8   0x200044f8   0x0000007c   Code   RO         2102    i.HAL_FLASH_Program  stm32f4xx_hal_flash.o
    0x20004574   0x20004574   0x0000002c   Code   RO         2104    i.HAL_FLASH_Unlock  stm32f4xx_hal_flash.o
    0x200045a0   0x200045a0   0x00000074   Code   RO         1200    i.HAL_GPIO_EXTI_Callback  main.o
    0x20004614   0x20004614   0x00000018   Code   RO         2326    i.HAL_GPIO_EXTI_IRQHandler  stm32f4xx_hal_gpio.o
    0x2000462c   0x2000462c   0x000001d4   Code   RO         2327    i.HAL_GPIO_Init     stm32f4xx_hal_gpio.o
    0x20004800   0x20004800   0x0000000a   Code   RO         2329    i.HAL_GPIO_ReadPin  stm32f4xx_hal_gpio.o
    0x2000480a   0x2000480a   0x0000000a   Code   RO         2331    i.HAL_GPIO_WritePin  stm32f4xx_hal_gpio.o
    0x20004814   0x20004814   0x0000000c   Code   RO         2879    i.HAL_GetTick       stm32f4xx_hal.o
    0x20004820   0x20004820   0x00000042   Code   RO         3561    i.HAL_I2CEx_ConfigAnalogFilter  stm32f4xx_hal_i2c_ex.o
    0x20004862   0x20004862   0x0000003e   Code   RO         3562    i.HAL_I2CEx_ConfigDigitalFilter  stm32f4xx_hal_i2c_ex.o
    0x200048a0   0x200048a0   0x00000188   Code   RO         3145    i.HAL_I2C_Init      stm32f4xx_hal_i2c.o
    0x20004a28   0x20004a28   0x000001f8   Code   RO         3163    i.HAL_I2C_Mem_Read  stm32f4xx_hal_i2c.o
    0x20004c20   0x20004c20   0x00000130   Code   RO         3166    i.HAL_I2C_Mem_Write  stm32f4xx_hal_i2c.o
    0x20004d50   0x20004d50   0x000000a8   Code   RO         1439    i.HAL_I2C_MspInit   i2c.o
    0x20004df8   0x20004df8   0x00000052   Code   RO         3591    i.HAL_IWDG_Init     stm32f4xx_hal_iwdg.o
    0x20004e4a   0x20004e4a   0x0000000c   Code   RO         3592    i.HAL_IWDG_Refresh  stm32f4xx_hal_iwdg.o
    0x20004e56   0x20004e56   0x00000002   PAD
    0x20004e58   0x20004e58   0x00000010   Code   RO         2885    i.HAL_IncTick       stm32f4xx_hal.o
    0x20004e68   0x20004e68   0x00000034   Code   RO         2886    i.HAL_Init          stm32f4xx_hal.o
    0x20004e9c   0x20004e9c   0x00000074   Code   RO         1881    i.HAL_InitTick      stm32f4xx_hal_timebase_tim.o
    0x20004f10   0x20004f10   0x0000004c   Code   RO         1857    i.HAL_MspInit       stm32f4xx_hal_msp.o
    0x20004f5c   0x20004f5c   0x0000001a   Code   RO         2734    i.HAL_NVIC_EnableIRQ  stm32f4xx_hal_cortex.o
    0x20004f76   0x20004f76   0x00000002   PAD
    0x20004f78   0x20004f78   0x00000040   Code   RO         2740    i.HAL_NVIC_SetPriority  stm32f4xx_hal_cortex.o
    0x20004fb8   0x20004fb8   0x00000024   Code   RO         2741    i.HAL_NVIC_SetPriorityGrouping  stm32f4xx_hal_cortex.o
    0x20004fdc   0x20004fdc   0x00000070   Code   RO         2663    i.HAL_PWREx_EnableOverDrive  stm32f4xx_hal_pwr_ex.o
    0x2000504c   0x2000504c   0x00000254   Code   RO         2028    i.HAL_RCCEx_PeriphCLKConfig  stm32f4xx_hal_rcc_ex.o
    0x200052a0   0x200052a0   0x00000134   Code   RO         1921    i.HAL_RCC_ClockConfig  stm32f4xx_hal_rcc.o
    0x200053d4   0x200053d4   0x00000040   Code   RO         1925    i.HAL_RCC_GetClockConfig  stm32f4xx_hal_rcc.o
    0x20005414   0x20005414   0x00000020   Code   RO         1928    i.HAL_RCC_GetPCLK1Freq  stm32f4xx_hal_rcc.o
    0x20005434   0x20005434   0x00000020   Code   RO         1929    i.HAL_RCC_GetPCLK2Freq  stm32f4xx_hal_rcc.o
    0x20005454   0x20005454   0x00000064   Code   RO         1930    i.HAL_RCC_GetSysClockFreq  stm32f4xx_hal_rcc.o
    0x200054b8   0x200054b8   0x0000035c   Code   RO         1933    i.HAL_RCC_OscConfig  stm32f4xx_hal_rcc.o
    0x20005814   0x20005814   0x00000044   Code   RO         3626    i.HAL_RTC_GetDate   stm32f4xx_hal_rtc.o
    0x20005858   0x20005858   0x00000058   Code   RO         3628    i.HAL_RTC_GetTime   stm32f4xx_hal_rtc.o
    0x200058b0   0x200058b0   0x000000ac   Code   RO         3629    i.HAL_RTC_Init      stm32f4xx_hal_rtc.o
    0x2000595c   0x2000595c   0x00000018   Code   RO         1517    i.HAL_RTC_MspInit   rtc.o
    0x20005974   0x20005974   0x000000c8   Code   RO         3635    i.HAL_RTC_SetDate   stm32f4xx_hal_rtc.o
    0x20005a3c   0x20005a3c   0x000000ec   Code   RO         3636    i.HAL_RTC_SetTime   stm32f4xx_hal_rtc.o
    0x20005b28   0x20005b28   0x00000036   Code   RO         3637    i.HAL_RTC_WaitForSynchro  stm32f4xx_hal_rtc.o
    0x20005b5e   0x20005b5e   0x00000080   Code   RO         3997    i.HAL_SPI_Init      stm32f4xx_hal_spi.o
    0x20005bde   0x20005bde   0x00000002   PAD
    0x20005be0   0x20005be0   0x000001b0   Code   RO         1559    i.HAL_SPI_MspInit   spi.o
    0x20005d90   0x20005d90   0x0000015c   Code   RO         4005    i.HAL_SPI_Transmit  stm32f4xx_hal_spi.o
    0x20005eec   0x20005eec   0x000001e2   Code   RO         4006    i.HAL_SPI_TransmitReceive  stm32f4xx_hal_spi.o
    0x200060ce   0x200060ce   0x00000002   Code   RO         4985    i.HAL_TIMEx_BreakCallback  stm32f4xx_hal_tim_ex.o
    0x200060d0   0x200060d0   0x00000002   Code   RO         4986    i.HAL_TIMEx_CommutCallback  stm32f4xx_hal_tim_ex.o
    0x200060d2   0x200060d2   0x00000002   PAD
    0x200060d4   0x200060d4   0x00000090   Code   RO         5003    i.HAL_TIMEx_MasterConfigSynchronization  stm32f4xx_hal_tim_ex.o
    0x20006164   0x20006164   0x00000036   Code   RO         4310    i.HAL_TIM_Base_Init  stm32f4xx_hal_tim.o
    0x2000619a   0x2000619a   0x00000002   PAD
    0x2000619c   0x2000619c   0x0000003c   Code   RO         1631    i.HAL_TIM_Base_MspInit  tim.o
    0x200061d8   0x200061d8   0x00000022   Code   RO         4315    i.HAL_TIM_Base_Start_IT  stm32f4xx_hal_tim.o
    0x200061fa   0x200061fa   0x0000002a   Code   RO         4318    i.HAL_TIM_Base_Stop_IT  stm32f4xx_hal_tim.o
    0x20006224   0x20006224   0x0000003c   Code   RO         1201    i.HAL_TIM_IC_CaptureCallback  main.o
    0x20006260   0x20006260   0x0000011e   Code   RO         4341    i.HAL_TIM_IC_ConfigChannel  stm32f4xx_hal_tim.o
    0x2000637e   0x2000637e   0x00000036   Code   RO         4344    i.HAL_TIM_IC_Init   stm32f4xx_hal_tim.o
    0x200063b4   0x200063b4   0x00000078   Code   RO         1633    i.HAL_TIM_IC_MspInit  tim.o
    0x2000642c   0x2000642c   0x00000056   Code   RO         4349    i.HAL_TIM_IC_Start_IT  stm32f4xx_hal_tim.o
    0x20006482   0x20006482   0x0000005e   Code   RO         4352    i.HAL_TIM_IC_Stop_IT  stm32f4xx_hal_tim.o
    0x200064e0   0x200064e0   0x00000166   Code   RO         4353    i.HAL_TIM_IRQHandler  stm32f4xx_hal_tim.o
    0x20006646   0x20006646   0x00000002   Code   RO         4356    i.HAL_TIM_OC_DelayElapsedCallback  stm32f4xx_hal_tim.o
    0x20006648   0x20006648   0x00000002   Code   RO         4383    i.HAL_TIM_PWM_PulseFinishedCallback  stm32f4xx_hal_tim.o
    0x2000664a   0x2000664a   0x00000002   PAD
    0x2000664c   0x2000664c   0x0000005c   Code   RO         1202    i.HAL_TIM_PeriodElapsedCallback  main.o
    0x200066a8   0x200066a8   0x00000002   Code   RO         4396    i.HAL_TIM_TriggerCallback  stm32f4xx_hal_tim.o
    0x200066aa   0x200066aa   0x00000058   Code   RO         5255    i.HAL_UART_DMAStop  stm32f4xx_hal_uart.o
    0x20006702   0x20006702   0x00000002   Code   RO         5257    i.HAL_UART_ErrorCallback  stm32f4xx_hal_uart.o
    0x20006704   0x20006704   0x00000114   Code   RO         5260    i.HAL_UART_IRQHandler  stm32f4xx_hal_uart.o
    0x20006818   0x20006818   0x00000062   Code   RO         5261    i.HAL_UART_Init     stm32f4xx_hal_uart.o
    0x2000687a   0x2000687a   0x00000002   PAD
    0x2000687c   0x2000687c   0x000000f8   Code   RO         1691    i.HAL_UART_MspInit  usart.o
    0x20006974   0x20006974   0x00000098   Code   RO         5265    i.HAL_UART_Receive_DMA  stm32f4xx_hal_uart.o
    0x20006a0c   0x20006a0c   0x00000052   Code   RO         5266    i.HAL_UART_Receive_IT  stm32f4xx_hal_uart.o
    0x20006a5e   0x20006a5e   0x00000002   PAD
    0x20006a60   0x20006a60   0x0000001c   Code   RO         1692    i.HAL_UART_RxCpltCallback  usart.o
    0x20006a7c   0x20006a7c   0x00000002   Code   RO         5268    i.HAL_UART_RxHalfCpltCallback  stm32f4xx_hal_uart.o
    0x20006a7e   0x20006a7e   0x000000ba   Code   RO         5269    i.HAL_UART_Transmit  stm32f4xx_hal_uart.o
    0x20006b38   0x20006b38   0x00000002   Code   RO         5272    i.HAL_UART_TxCpltCallback  stm32f4xx_hal_uart.o
    0x20006b3a   0x20006b3a   0x00000002   Code   RO         1752    i.HardFault_Handler  stm32f4xx_it.o
    0x20006b3c   0x20006b3c   0x0000002e   Code   RO         3187    i.I2C_IsAcknowledgeFailed  stm32f4xx_hal_i2c.o
    0x20006b6a   0x20006b6a   0x00000002   PAD
    0x20006b6c   0x20006b6c   0x000000fc   Code   RO         3197    i.I2C_RequestMemoryRead  stm32f4xx_hal_i2c.o
    0x20006c68   0x20006c68   0x000000a8   Code   RO         3198    i.I2C_RequestMemoryWrite  stm32f4xx_hal_i2c.o
    0x20006d10   0x20006d10   0x0000004c   Code   RO         3201    i.I2C_WaitOnBTFFlagUntilTimeout  stm32f4xx_hal_i2c.o
    0x20006d5c   0x20006d5c   0x00000068   Code   RO         3202    i.I2C_WaitOnFlagUntilTimeout  stm32f4xx_hal_i2c.o
    0x20006dc4   0x20006dc4   0x00000096   Code   RO         3203    i.I2C_WaitOnMasterAddressFlagUntilTimeout  stm32f4xx_hal_i2c.o
    0x20006e5a   0x20006e5a   0x00000066   Code   RO         3204    i.I2C_WaitOnRXNEFlagUntilTimeout  stm32f4xx_hal_i2c.o
    0x20006ec0   0x20006ec0   0x0000004c   Code   RO         3205    i.I2C_WaitOnTXEFlagUntilTimeout  stm32f4xx_hal_i2c.o
    0x20006f0c   0x20006f0c   0x00000020   Code   RO          418    i.I2cEepromRead     common.o
    0x20006f2c   0x20006f2c   0x00000078   Code   RO          419    i.I2cEepromWrite    common.o
    0x20006fa4   0x20006fa4   0x00000080   Code   RO          696    i.Init_Run_Status   functions.o
    0x20007024   0x20007024   0x00000064   Code   RO          420    i.Is_Date_Valid     common.o
    0x20007088   0x20007088   0x0000000e   Code   RO          697    i.Is_Flag_Set       functions.o
    0x20007096   0x20007096   0x00000002   PAD
    0x20007098   0x20007098   0x00000018   Code   RO          698    i.Is_Tec_Lock       functions.o
    0x200070b0   0x200070b0   0x00000064   Code   RO          421    i.Is_Value_Approximate  common.o
    0x20007114   0x20007114   0x00000012   Code   RO          699    i.Log_Read          functions.o
    0x20007126   0x20007126   0x00000002   PAD
    0x20007128   0x20007128   0x00000074   Code   RO          700    i.Log_Write         functions.o
    0x2000719c   0x2000719c   0x0000004c   Code   RO          701    i.Log_Write_byte    functions.o
    0x200071e8   0x200071e8   0x0000048c   Code   RO         1203    i.MON32_Init        main.o
    0x20007674   0x20007674   0x000000d4   Code   RO         1204    i.MON32_Init_Dev    main.o
    0x20007748   0x20007748   0x0000002c   Code   RO         1322    i.MX_DMA_Init       dma.o
    0x20007774   0x20007774   0x00000210   Code   RO         1346    i.MX_FREERTOS_Init  freertos.o
    0x20007984   0x20007984   0x000002a0   Code   RO         1298    i.MX_GPIO_Init      gpio.o
    0x20007c24   0x20007c24   0x0000005c   Code   RO         1440    i.MX_I2C1_Init      i2c.o
    0x20007c80   0x20007c80   0x0000005c   Code   RO         1441    i.MX_I2C2_Init      i2c.o
    0x20007cdc   0x20007cdc   0x0000002c   Code   RO         1486    i.MX_IWDG_Init      iwdg.o
    0x20007d08   0x20007d08   0x00000034   Code   RO         1518    i.MX_RTC_Init       rtc.o
    0x20007d3c   0x20007d3c   0x00000048   Code   RO         1560    i.MX_SPI1_Init      spi.o
    0x20007d84   0x20007d84   0x00000044   Code   RO         1561    i.MX_SPI2_Init      spi.o
    0x20007dc8   0x20007dc8   0x00000044   Code   RO         1562    i.MX_SPI3_Init      spi.o
    0x20007e0c   0x20007e0c   0x00000048   Code   RO         1563    i.MX_SPI4_Init      spi.o
    0x20007e54   0x20007e54   0x00000048   Code   RO         1564    i.MX_SPI5_Init      spi.o
    0x20007e9c   0x20007e9c   0x00000048   Code   RO         1565    i.MX_SPI6_Init      spi.o
    0x20007ee4   0x20007ee4   0x00000044   Code   RO         1634    i.MX_TIM6_Init      tim.o
    0x20007f28   0x20007f28   0x00000080   Code   RO         1635    i.MX_TIM8_Init      tim.o
    0x20007fa8   0x20007fa8   0x00000038   Code   RO         1693    i.MX_USART1_UART_Init  usart.o
    0x20007fe0   0x20007fe0   0x00000038   Code   RO         1694    i.MX_USART3_UART_Init  usart.o
    0x20008018   0x20008018   0x00000002   Code   RO         1753    i.MemManage_Handler  stm32f4xx_it.o
    0x2000801a   0x2000801a   0x00000002   Code   RO         1754    i.NMI_Handler       stm32f4xx_it.o
    0x2000801c   0x2000801c   0x00000016   Code   RO          422    i.PRINT_HEX         common.o
    0x20008032   0x20008032   0x00000012   Code   RO         3638    i.RTC_Bcd2ToByte    stm32f4xx_hal_rtc.o
    0x20008044   0x20008044   0x00000016   Code   RO         3639    i.RTC_ByteToBcd2    stm32f4xx_hal_rtc.o
    0x2000805a   0x2000805a   0x00000002   PAD
    0x2000805c   0x2000805c   0x0000003a   Code   RO         3640    i.RTC_EnterInitMode  stm32f4xx_hal_rtc.o
    0x20008096   0x20008096   0x00000002   PAD
    0x20008098   0x20008098   0x0000012c   Code   RO          423    i.RTOS_ADC7828_Read  common.o
    0x200081c4   0x200081c4   0x000001f4   Code   RO          424    i.RTOS_ADC7953_SPI4_Read  common.o
    0x200083b8   0x200083b8   0x000001f0   Code   RO          425    i.RTOS_ADC7953_SPI5_Read  common.o
    0x200085a8   0x200085a8   0x000001f4   Code   RO          426    i.RTOS_ADC7953_SPI6_Read  common.o
    0x2000879c   0x2000879c   0x00000160   Code   RO          427    i.RTOS_DAC128S085_Write  common.o
    0x200088fc   0x200088fc   0x00000138   Code   RO          428    i.RTOS_DAC5535_Write  common.o
    0x20008a34   0x20008a34   0x00000134   Code   RO          429    i.RTOS_DAC5535_Write_Nodelay  common.o
    0x20008b68   0x20008b68   0x000000ec   Code   RO          430    i.RTOS_EEPROM_Read  common.o
    0x20008c54   0x20008c54   0x000000ec   Code   RO          431    i.RTOS_EEPROM_Write  common.o
    0x20008d40   0x20008d40   0x00000010   Code   RO          432    i.RTOS_SWITCH_ADC7953_Read  common.o
    0x20008d50   0x20008d50   0x00000020   Code   RO          702    i.Reset_EEPROM_Alarm_Status  functions.o
    0x20008d70   0x20008d70   0x00000028   Code   RO          703    i.Reset_Log_Status  functions.o
    0x20008d98   0x20008d98   0x000000a8   Code   RO          704    i.Reset_Switch      functions.o
    0x20008e40   0x20008e40   0x00000078   Code   RO          705    i.Reset_Switch_Only  functions.o
    0x20008eb8   0x20008eb8   0x000000d8   Code   RO          706    i.Reset_Tec_Dest_Temp  functions.o
    0x20008f90   0x20008f90   0x00000016   Code   RO          707    i.Reset_Up_Status   functions.o
    0x20008fa6   0x20008fa6   0x00000002   PAD
    0x20008fa8   0x20008fa8   0x00000058   Code   RO         4035    i.SPI_EndRxTxTransaction  stm32f4xx_hal_spi.o
    0x20009000   0x20009000   0x00000094   Code   RO         4040    i.SPI_WaitFlagStateUntilTimeout  stm32f4xx_hal_spi.o
    0x20009094   0x20009094   0x00000038   Code   RO         1179    i.Set_Alarm         functions.o
    0x200090cc   0x200090cc   0x0000000c   Code   RO          708    i.Set_Flag          functions.o
    0x200090d8   0x200090d8   0x00000040   Code   RO          709    i.Set_Lazer_Ready   functions.o
    0x20009118   0x20009118   0x00000250   Code   RO          710    i.Set_Switch        functions.o
    0x20009368   0x20009368   0x0000002c   Code   RO          711    i.Set_Switch_Alarm  functions.o
    0x20009394   0x20009394   0x00000044   Code   RO          712    i.Set_Switch_Ready  functions.o
    0x200093d8   0x200093d8   0x00000324   Code   RO          713    i.Set_Threshold     functions.o
    0x200096fc   0x200096fc   0x00000008   Code   RO         1347    i.StartDefaultTask  freertos.o
    0x20009704   0x20009704   0x0000002c   Code   RO         7140    i.SysTick_Handler   port.o
    0x20009730   0x20009730   0x000000a8   Code   RO         1205    i.SystemClock_Config  main.o
    0x200097d8   0x200097d8   0x00000018   Code   RO         5563    i.SystemInit        system_stm32f4xx.o
    0x200097f0   0x200097f0   0x0000000c   Code   RO         1755    i.TIM1_TRG_COM_TIM11_IRQHandler  stm32f4xx_it.o
    0x200097fc   0x200097fc   0x0000000c   Code   RO         1756    i.TIM6_DAC_IRQHandler  stm32f4xx_it.o
    0x20009808   0x20009808   0x0000000c   Code   RO         1757    i.TIM8_CC_IRQHandler  stm32f4xx_it.o
    0x20009814   0x20009814   0x000000c8   Code   RO         4398    i.TIM_Base_SetConfig  stm32f4xx_hal_tim.o
    0x200098dc   0x200098dc   0x0000001a   Code   RO         4399    i.TIM_CCxChannelCmd  stm32f4xx_hal_tim.o
    0x200098f6   0x200098f6   0x00000002   PAD
    0x200098f8   0x200098f8   0x00000080   Code   RO         4417    i.TIM_TI1_SetConfig  stm32f4xx_hal_tim.o
    0x20009978   0x20009978   0x00000036   Code   RO         4419    i.TIM_TI2_SetConfig  stm32f4xx_hal_tim.o
    0x200099ae   0x200099ae   0x00000002   PAD
    0x200099b0   0x200099b0   0x000000b0   Code   RO          714    i.Throw_Log         functions.o
    0x20009a60   0x20009a60   0x00000010   Code   RO         5274    i.UART_DMAAbortOnError  stm32f4xx_hal_uart.o
    0x20009a70   0x20009a70   0x0000004a   Code   RO         5275    i.UART_DMAError     stm32f4xx_hal_uart.o
    0x20009aba   0x20009aba   0x0000003c   Code   RO         5276    i.UART_DMAReceiveCplt  stm32f4xx_hal_uart.o
    0x20009af6   0x20009af6   0x0000000a   Code   RO         5278    i.UART_DMARxHalfCplt  stm32f4xx_hal_uart.o
    0x20009b00   0x20009b00   0x0000001c   Code   RO         5284    i.UART_EndRxTransfer  stm32f4xx_hal_uart.o
    0x20009b1c   0x20009b1c   0x00000012   Code   RO         5285    i.UART_EndTxTransfer  stm32f4xx_hal_uart.o
    0x20009b2e   0x20009b2e   0x00000096   Code   RO         5286    i.UART_Receive_IT   stm32f4xx_hal_uart.o
    0x20009bc4   0x20009bc4   0x00000128   Code   RO         5287    i.UART_SetConfig    stm32f4xx_hal_uart.o
    0x20009cec   0x20009cec   0x00000062   Code   RO         5288    i.UART_Transmit_IT  stm32f4xx_hal_uart.o
    0x20009d4e   0x20009d4e   0x00000064   Code   RO         5289    i.UART_WaitOnFlagUntilTimeout  stm32f4xx_hal_uart.o
    0x20009db2   0x20009db2   0x00000002   PAD
    0x20009db4   0x20009db4   0x0000000c   Code   RO         1758    i.USART1_IRQHandler  stm32f4xx_it.o
    0x20009dc0   0x20009dc0   0x000000b8   Code   RO           40    i.Uart_Respond      command.o
    0x20009e78   0x20009e78   0x00000028   Code   RO          715    i.Update_EEPROM_Alarm_Status  functions.o
    0x20009ea0   0x20009ea0   0x00000084   Code   RO          716    i.Update_History_Alarm  functions.o
    0x20009f24   0x20009f24   0x0000005c   Code   RO          717    i.Update_Log_Status  functions.o
    0x20009f80   0x20009f80   0x000000f8   Code   RO          718    i.Update_Tec_Dest_Temp  functions.o
    0x2000a078   0x2000a078   0x00000054   Code   RO          719    i.Update_Up_Status  functions.o
    0x2000a0cc   0x2000a0cc   0x00000002   Code   RO         1759    i.UsageFault_Handler  stm32f4xx_it.o
    0x2000a0ce   0x2000a0ce   0x00000002   PAD
    0x2000a0d0   0x2000a0d0   0x00000028   Code   RO         7482    i.__0sprintf        mc_w.l(printfa.o)
    0x2000a0f8   0x2000a0f8   0x00000020   Code   RO         2747    i.__NVIC_SetPriority  stm32f4xx_hal_cortex.o
    0x2000a118   0x2000a118   0x00000024   Code   RO           41    i.__NVIC_SystemReset  command.o
    0x2000a13c   0x2000a13c   0x00000008   Code   RO         7598    i.__aeabi_errno_addr  mc_w.l(errno.o)
    0x2000a144   0x2000a144   0x00000004   PAD
    0x2000a148   0x2000a148   0x000003c4   Code   RO         7216    i.__hardfp_log      m_wm.l(log.o)
    0x2000a50c   0x2000a50c   0x000000f8   Code   RO         7542    i.__kernel_poly     m_wm.l(poly.o)
    0x2000a604   0x2000a604   0x00000004   PAD
    0x2000a608   0x2000a608   0x00000030   Code   RO         7528    i.__mathlib_dbl_divzero  m_wm.l(dunder.o)
    0x2000a638   0x2000a638   0x00000014   Code   RO         7529    i.__mathlib_dbl_infnan  m_wm.l(dunder.o)
    0x2000a64c   0x2000a64c   0x00000004   PAD
    0x2000a650   0x2000a650   0x00000020   Code   RO         7531    i.__mathlib_dbl_invalid  m_wm.l(dunder.o)
    0x2000a670   0x2000a670   0x0000000e   Code   RO         7622    i.__scatterload_copy  mc_w.l(handlers.o)
    0x2000a67e   0x2000a67e   0x00000002   Code   RO         7623    i.__scatterload_null  mc_w.l(handlers.o)
    0x2000a680   0x2000a680   0x0000000e   Code   RO         7624    i.__scatterload_zeroinit  mc_w.l(handlers.o)
    0x2000a68e   0x2000a68e   0x00000002   PAD
    0x2000a690   0x2000a690   0x0000000c   Code   RO         7600    i.__set_errno       mc_w.l(errno.o)
    0x2000a69c   0x2000a69c   0x00000184   Code   RO         7487    i._fp_digits        mc_w.l(printfa.o)
    0x2000a820   0x2000a820   0x000006dc   Code   RO         7488    i._printf_core      mc_w.l(printfa.o)
    0x2000aefc   0x2000aefc   0x00000024   Code   RO         7489    i._printf_post_padding  mc_w.l(printfa.o)
    0x2000af20   0x2000af20   0x0000002e   Code   RO         7490    i._printf_pre_padding  mc_w.l(printfa.o)
    0x2000af4e   0x2000af4e   0x0000000a   Code   RO         7492    i._sputc            mc_w.l(printfa.o)
    0x2000af58   0x2000af58   0x00000144   Code   RO          720    i.cal_tap_pd_by_power  functions.o
    0x2000b09c   0x2000b09c   0x000000a8   Code   RO         1348    i.cmdProcessTask    freertos.o
    0x2000b144   0x2000b144   0x00000054   Code   RO          721    i.debug_Cmd_Check_Cali  functions.o
    0x2000b198   0x2000b198   0x0000004c   Code   RO          722    i.debug_Cmd_Get_Time  functions.o
    0x2000b1e4   0x2000b1e4   0x000001b8   Code   RO          723    i.debug_Cmd_LOG_Content  functions.o
    0x2000b39c   0x2000b39c   0x00000070   Code   RO          724    i.debug_Cmd_LOG_Size  functions.o
    0x2000b40c   0x2000b40c   0x000000ac   Code   RO          725    i.debug_Cmd_Query_Alarm_History  functions.o
    0x2000b4b8   0x2000b4b8   0x00000084   Code   RO          726    i.debug_Cmd_Set_Time  functions.o
    0x2000b53c   0x2000b53c   0x00000016   Code   RO          727    i.debug_cal_default_temp  functions.o
    0x2000b552   0x2000b552   0x00000002   PAD
    0x2000b554   0x2000b554   0x000000b8   Code   RO          728    i.debug_cal_dump    functions.o
    0x2000b60c   0x2000b60c   0x00000026   Code   RO          729    i.debug_cal_il      functions.o
    0x2000b632   0x2000b632   0x00000038   Code   RO          730    i.debug_cal_rx_pd   functions.o
    0x2000b66a   0x2000b66a   0x0000007a   Code   RO          731    i.debug_cal_switch  functions.o
    0x2000b6e4   0x2000b6e4   0x0000005e   Code   RO          732    i.debug_cal_tosa    functions.o
    0x2000b742   0x2000b742   0x00000002   PAD
    0x2000b744   0x2000b744   0x0000002c   Code   RO          733    i.debug_eeprom      functions.o
    0x2000b770   0x2000b770   0x00000018   Code   RO          734    i.debug_get_inter_exp  functions.o
    0x2000b788   0x2000b788   0x0000006c   Code   RO          735    i.debug_get_pd      functions.o
    0x2000b7f4   0x2000b7f4   0x00000058   Code   RO          736    i.debug_get_switch_channel  functions.o
    0x2000b84c   0x2000b84c   0x000002a0   Code   RO          737    i.debug_get_tosa_tmp  functions.o
    0x2000baec   0x2000baec   0x0000009c   Code   RO          738    i.debug_get_tosa_val  functions.o
    0x2000bb88   0x2000bb88   0x0000005c   Code   RO          739    i.debug_pin         functions.o
    0x2000bbe4   0x2000bbe4   0x0000006c   Code   RO          740    i.debug_set_lp      functions.o
    0x2000bc50   0x2000bc50   0x00000014   Code   RO          741    i.debug_set_tec     functions.o
    0x2000bc64   0x2000bc64   0x00000018   Code   RO          742    i.debug_set_tosa    functions.o
    0x2000bc7c   0x2000bc7c   0x00000088   Code   RO          743    i.debug_sw_adc      functions.o
    0x2000bd04   0x2000bd04   0x00000012   Code   RO          744    i.debug_sw_dac      functions.o
    0x2000bd16   0x2000bd16   0x00000002   PAD
    0x2000bd18   0x2000bd18   0x0000008c   Code   RO          745    i.debug_tag         functions.o
    0x2000bda4   0x2000bda4   0x00000034   Code   RO          746    i.debug_test_tosa   functions.o
    0x2000bdd8   0x2000bdd8   0x00000024   Code   RO          747    i.debug_vol_adc     functions.o
    0x2000bdfc   0x2000bdfc   0x00000014   Code   RO          433    i.get_32_from_eeprom  common.o
    0x2000be10   0x2000be10   0x00000164   Code   RO          748    i.get_rx_pd_power   functions.o
    0x2000bf74   0x2000bf74   0x00000118   Code   RO          749    i.get_tap_pd_power  functions.o
    0x2000c08c   0x2000c08c   0x00000358   Code   RO         1349    i.isrTask           freertos.o
    0x2000c3e4   0x2000c3e4   0x00000738   Code   RO         1350    i.lazerManagerTask  freertos.o
    0x2000cb1c   0x2000cb1c   0x000002b0   Code   RO         1351    i.logTask           freertos.o
    0x2000cdcc   0x2000cdcc   0x000000d0   Code   RO         1206    i.main              main.o
    0x2000ce9c   0x2000ce9c   0x00000ef0   Code   RO         1352    i.monitorTask       freertos.o
    0x2000dd8c   0x2000dd8c   0x00000030   Code   RO          435    i.my_abs            common.o
    0x2000ddbc   0x2000ddbc   0x00000034   Code   RO         6669    i.osDelay           cmsis_os2.o
    0x2000ddf0   0x2000ddf0   0x00000038   Code   RO         6683    i.osKernelInitialize  cmsis_os2.o
    0x2000de28   0x2000de28   0x00000040   Code   RO         6686    i.osKernelStart     cmsis_os2.o
    0x2000de68   0x2000de68   0x0000007c   Code   RO         6689    i.osMessageQueueGet  cmsis_os2.o
    0x2000dee4   0x2000dee4   0x0000002c   Code   RO         6691    i.osMessageQueueGetCount  cmsis_os2.o
    0x2000df10   0x2000df10   0x00000074   Code   RO         6694    i.osMessageQueueNew  cmsis_os2.o
    0x2000df84   0x2000df84   0x00000080   Code   RO         6695    i.osMessageQueuePut  cmsis_os2.o
    0x2000e004   0x2000e004   0x0000006c   Code   RO         6697    i.osMutexAcquire    cmsis_os2.o
    0x2000e070   0x2000e070   0x00000080   Code   RO         6700    i.osMutexNew        cmsis_os2.o
    0x2000e0f0   0x2000e0f0   0x0000005c   Code   RO         6701    i.osMutexRelease    cmsis_os2.o
    0x2000e14c   0x2000e14c   0x00000074   Code   RO         6702    i.osSemaphoreAcquire  cmsis_os2.o
    0x2000e1c0   0x2000e1c0   0x000000b0   Code   RO         6705    i.osSemaphoreNew    cmsis_os2.o
    0x2000e270   0x2000e270   0x00000070   Code   RO         6706    i.osSemaphoreRelease  cmsis_os2.o
    0x2000e2e0   0x2000e2e0   0x000000a4   Code   RO         6720    i.osThreadNew       cmsis_os2.o
    0x2000e384   0x2000e384   0x0000005c   Code   RO         6165    i.prvAddCurrentTaskToDelayedList  tasks.o
    0x2000e3e0   0x2000e3e0   0x000000d0   Code   RO         6166    i.prvAddNewTaskToReadyList  tasks.o
    0x2000e4b0   0x2000e4b0   0x00000058   Code   RO         6515    i.prvCheckForValidListAndQueue  timers.o
    0x2000e508   0x2000e508   0x00000026   Code   RO         5768    i.prvCopyDataFromQueue  queue.o
    0x2000e52e   0x2000e52e   0x0000006c   Code   RO         5769    i.prvCopyDataToQueue  queue.o
    0x2000e59a   0x2000e59a   0x00000034   Code   RO         6167    i.prvDeleteTCB      tasks.o
    0x2000e5ce   0x2000e5ce   0x00000002   PAD
    0x2000e5d0   0x2000e5d0   0x0000004c   Code   RO         7090    i.prvHeapInit       heap_4.o
    0x2000e61c   0x2000e61c   0x00000060   Code   RO         6168    i.prvIdleTask       tasks.o
    0x2000e67c   0x2000e67c   0x00000016   Code   RO         5770    i.prvInitialiseMutex  queue.o
    0x2000e692   0x2000e692   0x00000002   PAD
    0x2000e694   0x2000e694   0x00000022   Code   RO         5771    i.prvInitialiseNewQueue  queue.o
    0x2000e6b6   0x2000e6b6   0x0000009c   Code   RO         6169    i.prvInitialiseNewTask  tasks.o
    0x2000e752   0x2000e752   0x00000002   PAD
    0x2000e754   0x2000e754   0x0000004c   Code   RO         7091    i.prvInsertBlockIntoFreeList  heap_4.o
    0x2000e7a0   0x2000e7a0   0x00000038   Code   RO         6517    i.prvInsertTimerInActiveList  timers.o
    0x2000e7d8   0x2000e7d8   0x0000001c   Code   RO         5772    i.prvIsQueueEmpty   queue.o
    0x2000e7f4   0x2000e7f4   0x000000cc   Code   RO         6518    i.prvProcessReceivedCommands  timers.o
    0x2000e8c0   0x2000e8c0   0x000000b4   Code   RO         6519    i.prvProcessTimerOrBlockTask  timers.o
    0x2000e974   0x2000e974   0x00000020   Code   RO         6171    i.prvResetNextTaskUnblockTime  tasks.o
    0x2000e994   0x2000e994   0x00000028   Code   RO         6520    i.prvSampleTimeNow  timers.o
    0x2000e9bc   0x2000e9bc   0x0000006c   Code   RO         6521    i.prvSwitchTimerLists  timers.o
    0x2000ea28   0x2000ea28   0x00000028   Code   RO         7141    i.prvTaskExitError  port.o
    0x2000ea50   0x2000ea50   0x00000024   Code   RO         6522    i.prvTimerTask      timers.o
    0x2000ea74   0x2000ea74   0x0000006a   Code   RO         5773    i.prvUnlockQueue    queue.o
    0x2000eade   0x2000eade   0x00000002   PAD
    0x2000eae0   0x2000eae0   0x000000d8   Code   RO         7092    i.pvPortMalloc      heap_4.o
    0x2000ebb8   0x2000ebb8   0x00000018   Code   RO         6174    i.pvTaskIncrementMutexHeldCount  tasks.o
    0x2000ebd0   0x2000ebd0   0x0000002c   Code   RO         7142    i.pxPortInitialiseStack  port.o
    0x2000ebfc   0x2000ebfc   0x000000b4   Code   RO          750    i.set_sw_dac        functions.o
    0x2000ecb0   0x2000ecb0   0x0000007c   Code   RO          751    i.set_sw_dac_2      functions.o
    0x2000ed2c   0x2000ed2c   0x000000a0   Code   RO         1353    i.swIsrTask         freertos.o
    0x2000edcc   0x2000edcc   0x00000004   Code   RO          436    i.switch_endian     common.o
    0x2000edd0   0x2000edd0   0x00000004   Code   RO          437    i.switch_endian_16  common.o
    0x2000edd4   0x2000edd4   0x000002a8   Code   RO         1354    i.uartProcessTask   freertos.o
    0x2000f07c   0x2000f07c   0x00000068   Code   RO         6175    i.ulTaskNotifyTake  tasks.o
    0x2000f0e4   0x2000f0e4   0x00000180   Code   RO          752    i.update_tosa_table  functions.o
    0x2000f264   0x2000f264   0x00000026   Code   RO         5728    i.uxListRemove      list.o
    0x2000f28a   0x2000f28a   0x00000024   Code   RO         5776    i.uxQueueMessagesWaiting  queue.o
    0x2000f2ae   0x2000f2ae   0x00000016   Code   RO         5777    i.uxQueueMessagesWaitingFromISR  queue.o
    0x2000f2c4   0x2000f2c4   0x00000014   Code   RO         6732    i.vApplicationGetIdleTaskMemory  cmsis_os2.o
    0x2000f2d8   0x2000f2d8   0x00000018   Code   RO         6733    i.vApplicationGetTimerTaskMemory  cmsis_os2.o
    0x2000f2f0   0x2000f2f0   0x00000016   Code   RO         5729    i.vListInitialise   list.o
    0x2000f306   0x2000f306   0x00000006   Code   RO         5730    i.vListInitialiseItem  list.o
    0x2000f30c   0x2000f30c   0x00000030   Code   RO         5731    i.vListInsert       list.o
    0x2000f33c   0x2000f33c   0x00000018   Code   RO         5732    i.vListInsertEnd    list.o
    0x2000f354   0x2000f354   0x00000040   Code   RO         7144    i.vPortEnterCritical  port.o
    0x2000f394   0x2000f394   0x00000028   Code   RO         7145    i.vPortExitCritical  port.o
    0x2000f3bc   0x2000f3bc   0x0000005c   Code   RO         7093    i.vPortFree         heap_4.o
    0x2000f418   0x2000f418   0x00000024   Code   RO         7146    i.vPortSetupTimerInterrupt  port.o
    0x2000f43c   0x2000f43c   0x00000054   Code   RO         7147    i.vPortValidateInterruptPriority  port.o
    0x2000f490   0x2000f490   0x00000028   Code   RO         5779    i.vQueueAddToRegistry  queue.o
    0x2000f4b8   0x2000f4b8   0x0000002e   Code   RO         5780    i.vQueueDelete      queue.o
    0x2000f4e6   0x2000f4e6   0x00000002   PAD
    0x2000f4e8   0x2000f4e8   0x00000028   Code   RO         5782    i.vQueueUnregisterQueue  queue.o
    0x2000f510   0x2000f510   0x00000044   Code   RO         5783    i.vQueueWaitForMessageRestricted  queue.o
    0x2000f554   0x2000f554   0x0000004c   Code   RO         6183    i.vTaskDelay        tasks.o
    0x2000f5a0   0x2000f5a0   0x00000010   Code   RO         6188    i.vTaskInternalSetTimeOutState  tasks.o
    0x2000f5b0   0x2000f5b0   0x0000000c   Code   RO         6189    i.vTaskMissedYield  tasks.o
    0x2000f5bc   0x2000f5bc   0x00000030   Code   RO         6191    i.vTaskPlaceOnEventList  tasks.o
    0x2000f5ec   0x2000f5ec   0x00000038   Code   RO         6192    i.vTaskPlaceOnEventListRestricted  tasks.o
    0x2000f624   0x2000f624   0x00000090   Code   RO         6194    i.vTaskPriorityDisinheritAfterTimeout  tasks.o
    0x2000f6b4   0x2000f6b4   0x00000088   Code   RO         6200    i.vTaskStartScheduler  tasks.o
    0x2000f73c   0x2000f73c   0x00000010   Code   RO         6202    i.vTaskSuspendAll   tasks.o
    0x2000f74c   0x2000f74c   0x00000064   Code   RO         6203    i.vTaskSwitchContext  tasks.o
    0x2000f7b0   0x2000f7b0   0x00000018   Code   RO         1355    i.watchdogTask      freertos.o
    0x2000f7c8   0x2000f7c8   0x00000010   Code   RO          438    i.write_32_to_eeprom  common.o
    0x2000f7d8   0x2000f7d8   0x000000f4   Code   RO         7148    i.xPortStartScheduler  port.o
    0x2000f8cc   0x2000f8cc   0x0000003a   Code   RO         5784    i.xQueueCreateCountingSemaphore  queue.o
    0x2000f906   0x2000f906   0x00000040   Code   RO         5785    i.xQueueCreateCountingSemaphoreStatic  queue.o
    0x2000f946   0x2000f946   0x00000016   Code   RO         5786    i.xQueueCreateMutex  queue.o
    0x2000f95c   0x2000f95c   0x0000001a   Code   RO         5787    i.xQueueCreateMutexStatic  queue.o
    0x2000f976   0x2000f976   0x00000048   Code   RO         5788    i.xQueueGenericCreate  queue.o
    0x2000f9be   0x2000f9be   0x00000066   Code   RO         5789    i.xQueueGenericCreateStatic  queue.o
    0x2000fa24   0x2000fa24   0x00000088   Code   RO         5790    i.xQueueGenericReset  queue.o
    0x2000faac   0x2000faac   0x00000160   Code   RO         5791    i.xQueueGenericSend  queue.o
    0x2000fc0c   0x2000fc0c   0x000000bc   Code   RO         5792    i.xQueueGenericSendFromISR  queue.o
    0x2000fcc8   0x2000fcc8   0x0000009c   Code   RO         5795    i.xQueueGiveFromISR  queue.o
    0x2000fd64   0x2000fd64   0x0000003e   Code   RO         5796    i.xQueueGiveMutexRecursive  queue.o
    0x2000fda2   0x2000fda2   0x00000002   PAD
    0x2000fda4   0x2000fda4   0x00000138   Code   RO         5801    i.xQueueReceive     queue.o
    0x2000fedc   0x2000fedc   0x0000009a   Code   RO         5802    i.xQueueReceiveFromISR  queue.o
    0x2000ff76   0x2000ff76   0x00000002   PAD
    0x2000ff78   0x2000ff78   0x00000178   Code   RO         5803    i.xQueueSemaphoreTake  queue.o
    0x200100f0   0x200100f0   0x00000040   Code   RO         5804    i.xQueueTakeMutexRecursive  queue.o
    0x20010130   0x20010130   0x00000074   Code   RO         6204    i.xTaskCheckForTimeOut  tasks.o
    0x200101a4   0x200101a4   0x0000005a   Code   RO         6205    i.xTaskCreate       tasks.o
    0x200101fe   0x200101fe   0x00000056   Code   RO         6206    i.xTaskCreateStatic  tasks.o
    0x20010254   0x20010254   0x000000c8   Code   RO         6207    i.xTaskGenericNotify  tasks.o
    0x2001031c   0x2001031c   0x0000000c   Code   RO         6209    i.xTaskGetCurrentTaskHandle  tasks.o
    0x20010328   0x20010328   0x0000001c   Code   RO         6210    i.xTaskGetSchedulerState  tasks.o
    0x20010344   0x20010344   0x0000000c   Code   RO         6211    i.xTaskGetTickCount  tasks.o
    0x20010350   0x20010350   0x000000c8   Code   RO         6213    i.xTaskIncrementTick  tasks.o
    0x20010418   0x20010418   0x00000080   Code   RO         6216    i.xTaskPriorityDisinherit  tasks.o
    0x20010498   0x20010498   0x00000078   Code   RO         6217    i.xTaskPriorityInherit  tasks.o
    0x20010510   0x20010510   0x00000070   Code   RO         6218    i.xTaskRemoveFromEventList  tasks.o
    0x20010580   0x20010580   0x000000c4   Code   RO         6219    i.xTaskResumeAll    tasks.o
    0x20010644   0x20010644   0x00000060   Code   RO         6529    i.xTimerCreateTimerTask  timers.o
    0x200106a4   0x200106a4   0x00000068   Code   RO         6530    i.xTimerGenericCommand  timers.o
    0x2001070c   0x2001070c   0x00000008   Data   RO          753    .constdata          functions.o
    0x20010714   0x20010714   0x00000028   Data   RO         1210    .constdata          main.o
    0x2001073c   0x2001073c   0x00000004   Data   RO         1211    .constdata          main.o
    0x20010740   0x20010740   0x00000001   Data   RO         1212    .constdata          main.o
    0x20010741   0x20010741   0x00000003   PAD
    0x20010744   0x20010744   0x00000004   Data   RO         1213    .constdata          main.o
    0x20010748   0x20010748   0x00000001   Data   RO         1214    .constdata          main.o
    0x20010749   0x20010749   0x00000003   PAD
    0x2001074c   0x2001074c   0x00000154   Data   RO         1356    .constdata          freertos.o
    0x200108a0   0x200108a0   0x00000008   Data   RO         2446    .constdata          stm32f4xx_hal_dma.o
    0x200108a8   0x200108a8   0x00000010   Data   RO         5564    .constdata          system_stm32f4xx.o
    0x200108b8   0x200108b8   0x00000008   Data   RO         5565    .constdata          system_stm32f4xx.o
    0x200108c0   0x200108c0   0x00000038   Data   RO         7219    .constdata          m_wm.l(log.o)
    0x200108f8   0x200108f8   0x00000008   Data   RO         7544    .constdata          m_wm.l(qnan.o)
    0x20010900   0x20010900   0x00000081   Data   RO         7571    .constdata          mc_w.l(ctype_o.o)
    0x20010981   0x20010981   0x00000003   PAD
    0x20010984   0x20010984   0x00000004   Data   RO         7572    .constdata          mc_w.l(ctype_o.o)
    0x20010988   0x20010988   0x00000005   Data   RO           43    .conststring        command.o
    0x2001098d   0x2001098d   0x00000003   PAD
    0x20010990   0x20010990   0x0000009a   Data   RO          754    .conststring        functions.o
    0x20010a2a   0x20010a2a   0x00000002   PAD
    0x20010a2c   0x20010a2c   0x00000088   Data   RO         1215    .conststring        main.o
    0x20010ab4   0x20010ab4   0x000000d6   Data   RO         1357    .conststring        freertos.o
    0x20010b8a   0x20010b8a   0x00000002   PAD
    0x20010b8c   0x20010b8c   0x00000020   Data   RO         7620    Region$$Table       anon$$obj.o


    Execution Region RW_IRAM1 (Exec base: 0x20018000, Load base: 0x20010bac, Size: 0x00005f98, Max: 0x00017c00, ABSOLUTE, COMPRESSED[0x0000054c])

    Exec Addr    Load Addr    Size         Type   Attr      Idx    E Section Name        Object

    0x20018000   COMPRESSED   0x000000dc   Data   RW           44    .data               command.o
    0x200180dc   COMPRESSED   0x00000400   Data   RW          442    .data               common.o
    0x200184dc   COMPRESSED   0x00000088   Data   RW          755    .data               functions.o
    0x20018564   COMPRESSED   0x0000000c   Data   RW         1216    .data               main.o
    0x20018570   COMPRESSED   0x00000001   Data   RW         1217    .data               main.o
    0x20018571   COMPRESSED   0x00000007   PAD
    0x20018578   COMPRESSED   0x00000008   Data   RW         1218    .data               main.o
    0x20018580   COMPRESSED   0x00000008   Data   RW         1219    .data               main.o
    0x20018588   COMPRESSED   0x00000001   Data   RW         1220    .data               main.o
    0x20018589   COMPRESSED   0x00000001   Data   RW         1221    .data               main.o
    0x2001858a   COMPRESSED   0x00000001   Data   RW         1222    .data               main.o
    0x2001858b   COMPRESSED   0x00000001   Data   RW         1223    .data               main.o
    0x2001858c   COMPRESSED   0x0000006c   Data   RW         1358    .data               freertos.o
    0x200185f8   COMPRESSED   0x0000000c   Data   RW         2893    .data               stm32f4xx_hal.o
    0x20018604   COMPRESSED   0x00000004   Data   RW         5566    .data               system_stm32f4xx.o
    0x20018608   COMPRESSED   0x0000003c   Data   RW         6222    .data               tasks.o
    0x20018644   COMPRESSED   0x00000014   Data   RW         6538    .data               timers.o
    0x20018658   COMPRESSED   0x00000004   Data   RW         6735    .data               cmsis_os2.o
    0x2001865c   COMPRESSED   0x00000018   Data   RW         7098    .data               heap_4.o
    0x20018674   COMPRESSED   0x0000000c   Data   RW         7149    .data               port.o
    0x20018680   COMPRESSED   0x00000004   Data   RW         7601    .data               mc_w.l(errno.o)
    0x20018684        -       0x00000241   Zero   RW           42    .bss                command.o
    0x200188c5        -       0x00000400   Zero   RW          441    .bss                common.o
    0x20018cc5   COMPRESSED   0x00000003   PAD
    0x20018cc8        -       0x00000064   Zero   RW         1208    .bss                main.o
    0x20018d2c   COMPRESSED   0x00000004   PAD
    0x20018d30        -       0x000000f0   Zero   RW         1209    .bss                main.o
    0x20018e20        -       0x000000a8   Zero   RW         1442    .bss                i2c.o
    0x20018ec8        -       0x0000000c   Zero   RW         1487    .bss                iwdg.o
    0x20018ed4        -       0x00000020   Zero   RW         1519    .bss                rtc.o
    0x20018ef4        -       0x00000210   Zero   RW         1566    .bss                spi.o
    0x20019104        -       0x00000080   Zero   RW         1636    .bss                tim.o
    0x20019184        -       0x000000e0   Zero   RW         1695    .bss                usart.o
    0x20019264        -       0x00000040   Zero   RW         1884    .bss                stm32f4xx_hal_timebase_tim.o
    0x200192a4        -       0x00000020   Zero   RW         2105    .bss                stm32f4xx_hal_flash.o
    0x200192c4        -       0x00000040   Zero   RW         5805    .bss                queue.o
    0x20019304        -       0x000004c4   Zero   RW         6221    .bss                tasks.o
    0x200197c8        -       0x00000118   Zero   RW         6537    .bss                timers.o
    0x200198e0        -       0x000006b8   Zero   RW         6734    .bss                cmsis_os2.o
    0x20019f98        -       0x00003c00   Zero   RW         7097    .bss                heap_4.o
    0x2001db98        -       0x00000400   Zero   RW            1    STACK               startup_stm32f427xx.o


    Execution Region RW_IRAM2 (Exec base: 0x2002fc00, Load base: 0x200110f8, Size: 0x00000180, Max: 0x00000400, ABSOLUTE, UNINIT)

    Exec Addr    Load Addr    Size         Type   Attr      Idx    E Section Name        Object

    0x2002fc00        -       0x00000180   Zero   RW         1207    .ARM.__AT_0x2002FC00  main.o


==============================================================================

Image component sizes


      Code (inc. data)   RO Data    RW Data    ZI Data      Debug   Object Name

      1524         92          0          4       1720      29837   cmsis_os2.o
      5776       1436          5        220        577     848003   command.o
      4070       1276          0       1024       1024      24058   common.o
        44          4          0          0          0        766   dma.o
         0          0          0          0          0      20124   event_groups.o
       154          8          0          0          0       2273   flash_if.o
      8784       2118        554        108          0      12996   freertos.o
     15000       1940        162        136          0      67314   functions.o
       672         42          0          0          0       1339   gpio.o
       460         24          0         24      15360       4811   heap_4.o
       352         50          0          0        168       2382   i2c.o
        44          8          0          0         12        719   iwdg.o
       138          0          0          0          0       3582   list.o
      2106        460        186         33        724       8057   main.o
       786         82          0         12          0      11665   port.o
      2732         28          0          0         64      31993   queue.o
        76         16          0          0         32       1463   rtc.o
       856        108          0          0        528       5042   spi.o
        36          8        428          0       1024        844   startup_stm32f427xx.o
        80         14          0         12          0       8262   stm32f4xx_hal.o
       158         14          0          0          0      33186   stm32f4xx_hal_cortex.o
      1080         16          8          0          0       7410   stm32f4xx_hal_dma.o
       746         74          0          0         32       8048   stm32f4xx_hal_flash.o
       336         22          0          0          0       4225   stm32f4xx_hal_flash_ex.o
       512         60          0          0          0       3738   stm32f4xx_hal_gpio.o
      2174         52          0          0          0      12966   stm32f4xx_hal_i2c.o
       128          0          0          0          0       1879   stm32f4xx_hal_i2c_ex.o
        94          0          0          0          0       1775   stm32f4xx_hal_iwdg.o
        76          6          0          0          0        866   stm32f4xx_hal_msp.o
       112         14          0          0          0       1300   stm32f4xx_hal_pwr_ex.o
      1396         92          0          0          0       5933   stm32f4xx_hal_rcc.o
       596         36          0          0          0       1624   stm32f4xx_hal_rcc_ex.o
       916         30          0          0          0       7580   stm32f4xx_hal_rtc.o
      1194          8          0          0          0       6296   stm32f4xx_hal_spi.o
      1422         72          0          0          0      12367   stm32f4xx_hal_tim.o
       148         28          0          0          0       2481   stm32f4xx_hal_tim_ex.o
       116         16          0          0         64       1416   stm32f4xx_hal_timebase_tim.o
      1738         30          0          0          0      14475   stm32f4xx_hal_uart.o
        96         30          0          0          0       7006   stm32f4xx_it.o
         0          0          0          0          0       8880   stream_buffer.o
        24          4         24          4          0       1179   system_stm32f4xx.o
      2668        226          0         60       1220      29441   tasks.o
       376         42          0          0        128       2944   tim.o
       912         82          0         20        280      26299   timers.o
       388         54          0          0        224       3071   usart.o

    ----------------------------------------------------------------------
     61166       8722       1412       1664      23188    1291915   Object Totals
         0          0         32          0          0          0   (incl. Generated)
        70          0         13          7          7          0   (incl. Padding)

    ----------------------------------------------------------------------

      Code (inc. data)   RO Data    RW Data    ZI Data      Debug   Library Member Name

       100         28          0          0          0        372   dunder.o
       964         92         56          0          0        316   log.o
       248          0          0          0          0        152   poly.o
         0          0          8          0          0          0   qnan.o
        86          0          0          0          0          0   __dczerorl2.o
        28          0          0          0          0         68   _chval.o
       158          0          0          0          0         92   _strtoul.o
         8          4        133          0          0         68   ctype_o.o
         0          0          0          0          0          0   entry.o
         0          0          0          0          0          0   entry10a.o
         0          0          0          0          0          0   entry11a.o
         8          4          0          0          0          0   entry2.o
         4          0          0          0          0          0   entry5.o
         0          0          0          0          0          0   entry7b.o
         0          0          0          0          0          0   entry8b.o
         8          4          0          0          0          0   entry9a.o
        20         10          0          4          0        136   errno.o
        30          0          0          0          0          0   handlers.o
        36          8          0          0          0         68   init.o
         0          0          0          0          0          0   iusefp.o
        30          0          0          0          0         68   llshl.o
        36          0          0          0          0         68   llsshr.o
        32          0          0          0          0         68   llushr.o
        36          0          0          0          0         68   memcpya.o
        36          0          0          0          0        108   memseta.o
      2276         86          0          0          0        520   printfa.o
        14          0          0          0          0         68   strlen.o
        30          0          0          0          0         80   strncmp.o
       114          0          0          0          0         92   strtoul.o
        44          0          0          0          0         80   uidiv.o
        98          0          0          0          0         92   uldiv.o
        48          0          0          0          0         68   cdcmple.o
        48          0          0          0          0         68   cdrcmple.o
       334          0          0          0          0        148   dadd.o
       222          0          0          0          0        100   ddiv.o
       186          0          0          0          0        176   depilogue.o
        62          0          0          0          0         80   dfixi.o
        50          0          0          0          0         76   dfixui.o
        48          0          0          0          0         68   dfixul.o
        34          0          0          0          0         76   dflti.o
        26          0          0          0          0         76   dfltui.o
       228          0          0          0          0         96   dmul.o

    ----------------------------------------------------------------------
      5746        240        200          4          0       3616   Library Totals
        16          4          3          0          0          0   (incl. Padding)

    ----------------------------------------------------------------------

      Code (inc. data)   RO Data    RW Data    ZI Data      Debug   Library Name

      1312        120         64          0          0        840   m_wm.l
      3132        116        133          4          0       1744   mc_w.l
      1286          0          0          0          0       1032   mf_w.l

    ----------------------------------------------------------------------
      5746        240        200          4          0       3616   Library Totals

    ----------------------------------------------------------------------

==============================================================================


      Code (inc. data)   RO Data    RW Data    ZI Data      Debug   

     66912       8962       1612       1668      23188    1253459   Grand Totals
     66912       8962       1612       1356      23188    1253459   ELF Image Totals (compressed)
     66912       8962       1612       1356          0          0   ROM Totals

==============================================================================

    Total RO  Size (Code + RO Data)                68524 (  66.92kB)
    Total RW  Size (RW Data + ZI Data)             24856 (  24.27kB)
    Total ROM Size (Code + RO Data + RW Data)      69880 (  68.24kB)

==============================================================================

