Component: ARM Compiler 5.06 update 6 (build 750) Tool: armlink [4d35ed]

==============================================================================

Section Cross References

    startup_stm32f427xx.o(RESET) refers to startup_stm32f427xx.o(STACK) for __initial_sp
    startup_stm32f427xx.o(RESET) refers to startup_stm32f427xx.o(.text) for Reset_Handler
    startup_stm32f427xx.o(RESET) refers to stm32f4xx_it.o(i.NMI_Handler) for NMI_Handler
    startup_stm32f427xx.o(RESET) refers to stm32f4xx_it.o(i.HardFault_Handler) for HardFault_Handler
    startup_stm32f427xx.o(RESET) refers to stm32f4xx_it.o(i.MemManage_Handler) for MemManage_Handler
    startup_stm32f427xx.o(RESET) refers to stm32f4xx_it.o(i.BusFault_Handler) for BusFault_Handler
    startup_stm32f427xx.o(RESET) refers to stm32f4xx_it.o(i.UsageFault_Handler) for UsageFault_Handler
    startup_stm32f427xx.o(RESET) refers to port.o(.emb_text) for SVC_Handler
    startup_stm32f427xx.o(RESET) refers to stm32f4xx_it.o(i.DebugMon_Handler) for DebugMon_Handler
    startup_stm32f427xx.o(RESET) refers to port.o(i.SysTick_Handler) for SysTick_Handler
    startup_stm32f427xx.o(RESET) refers to stm32f4xx_it.o(i.FLASH_IRQHandler) for FLASH_IRQHandler
    startup_stm32f427xx.o(RESET) refers to stm32f4xx_it.o(i.EXTI0_IRQHandler) for EXTI0_IRQHandler
    startup_stm32f427xx.o(RESET) refers to stm32f4xx_it.o(i.EXTI1_IRQHandler) for EXTI1_IRQHandler
    startup_stm32f427xx.o(RESET) refers to stm32f4xx_it.o(i.TIM1_TRG_COM_TIM11_IRQHandler) for TIM1_TRG_COM_TIM11_IRQHandler
    startup_stm32f427xx.o(RESET) refers to stm32f4xx_it.o(i.USART1_IRQHandler) for USART1_IRQHandler
    startup_stm32f427xx.o(RESET) refers to stm32f4xx_it.o(i.EXTI15_10_IRQHandler) for EXTI15_10_IRQHandler
    startup_stm32f427xx.o(RESET) refers to stm32f4xx_it.o(i.TIM8_CC_IRQHandler) for TIM8_CC_IRQHandler
    startup_stm32f427xx.o(RESET) refers to stm32f4xx_it.o(i.DMA2_Stream2_IRQHandler) for DMA2_Stream2_IRQHandler
    startup_stm32f427xx.o(.text) refers to system_stm32f4xx.o(i.SystemInit) for SystemInit
    startup_stm32f427xx.o(.text) refers to entry.o(.ARM.Collect$$$$00000000) for __main
    command.o(i.Cmd_For_Debug) refers to common.o(i.Buffer_To_BE32) for Buffer_To_BE32
    command.o(i.Cmd_For_Debug) refers to functions.o(i.debug_sw_dac) for debug_sw_dac
    command.o(i.Cmd_For_Debug) refers to functions.o(i.debug_sw_adc) for debug_sw_adc
    command.o(i.Cmd_For_Debug) refers to functions.o(i.debug_vol_adc) for debug_vol_adc
    command.o(i.Cmd_For_Debug) refers to functions.o(i.debug_tag) for debug_tag
    command.o(i.Cmd_For_Debug) refers to functions.o(i.debug_pin) for debug_pin
    command.o(i.Cmd_For_Debug) refers to functions.o(i.debug_cal_switch) for debug_cal_switch
    command.o(i.Cmd_For_Debug) refers to functions.o(i.debug_cal_tosa) for debug_cal_tosa
    command.o(i.Cmd_For_Debug) refers to functions.o(i.debug_get_tosa_val) for debug_get_tosa_val
    command.o(i.Cmd_For_Debug) refers to functions.o(i.debug_cal_il) for debug_cal_il
    command.o(i.Cmd_For_Debug) refers to functions.o(i.debug_cal_rx_pd) for debug_cal_rx_pd
    command.o(i.Cmd_For_Debug) refers to functions.o(i.debug_cal_dump) for debug_cal_dump
    command.o(i.Cmd_For_Debug) refers to functions.o(i.debug_eeprom) for debug_eeprom
    command.o(i.Cmd_For_Debug) refers to functions.o(i.Reset_Log_Status) for Reset_Log_Status
    command.o(i.Cmd_For_Debug) refers to functions.o(i.Reset_Up_Status) for Reset_Up_Status
    command.o(i.Cmd_For_Debug) refers to functions.o(i.debug_test_tosa) for debug_test_tosa
    command.o(i.Cmd_For_Debug) refers to functions.o(i.debug_set_tosa) for debug_set_tosa
    command.o(i.Cmd_For_Debug) refers to functions.o(i.debug_set_tec) for debug_set_tec
    command.o(i.Cmd_For_Debug) refers to memseta.o(.text) for __aeabi_memclr
    command.o(i.Cmd_For_Debug) refers to functions.o(i.debug_get_tosa_tmp) for debug_get_tosa_tmp
    command.o(i.Cmd_For_Debug) refers to functions.o(i.debug_get_pd) for debug_get_pd
    command.o(i.Cmd_For_Debug) refers to functions.o(i.debug_set_lp) for debug_set_lp
    command.o(i.Cmd_For_Debug) refers to functions.o(i.debug_get_switch_channel) for debug_get_switch_channel
    command.o(i.Cmd_For_Debug) refers to functions.o(i.Reset_EEPROM_Alarm_Status) for Reset_EEPROM_Alarm_Status
    command.o(i.Cmd_For_Debug) refers to functions.o(i.debug_get_inter_exp) for debug_get_inter_exp
    command.o(i.Cmd_For_Debug) refers to dfltui.o(.text) for __aeabi_ui2d
    command.o(i.Cmd_For_Debug) refers to ddiv.o(.text) for __aeabi_ddiv
    command.o(i.Cmd_For_Debug) refers to functions.o(i.debug_Cmd_Set_Time) for debug_Cmd_Set_Time
    command.o(i.Cmd_For_Debug) refers to functions.o(i.debug_Cmd_Get_Time) for debug_Cmd_Get_Time
    command.o(i.Cmd_For_Debug) refers to functions.o(i.debug_Cmd_LOG_Content) for debug_Cmd_LOG_Content
    command.o(i.Cmd_For_Debug) refers to functions.o(i.debug_Cmd_LOG_Size) for debug_Cmd_LOG_Size
[...]
    MX_RTC_Init                              0x200078d5   Thumb Code    44  rtc.o(i.MX_RTC_Init)
    MX_SPI1_Init                             0x20007909   Thumb Code    62  spi.o(i.MX_SPI1_Init)
    MX_SPI2_Init                             0x20007951   Thumb Code    60  spi.o(i.MX_SPI2_Init)
    MX_SPI3_Init                             0x20007995   Thumb Code    60  spi.o(i.MX_SPI3_Init)
    MX_SPI4_Init                             0x200079d9   Thumb Code    62  spi.o(i.MX_SPI4_Init)
    MX_SPI5_Init                             0x20007a21   Thumb Code    62  spi.o(i.MX_SPI5_Init)
    MX_SPI6_Init                             0x20007a69   Thumb Code    62  spi.o(i.MX_SPI6_Init)
    MX_TIM8_Init                             0x20007ab1   Thumb Code   118  tim.o(i.MX_TIM8_Init)
    MX_USART1_UART_Init                      0x20007b31   Thumb Code    48  usart.o(i.MX_USART1_UART_Init)
    MX_USART3_UART_Init                      0x20007b69   Thumb Code    48  usart.o(i.MX_USART3_UART_Init)
    MemManage_Handler                        0x20007ba1   Thumb Code     2  stm32f4xx_it.o(i.MemManage_Handler)
    NMI_Handler                              0x20007ba3   Thumb Code     2  stm32f4xx_it.o(i.NMI_Handler)
    PRINT_HEX                                0x20007ba5   Thumb Code    22  common.o(i.PRINT_HEX)
    RTC_Bcd2ToByte                           0x20007bbb   Thumb Code    18  stm32f4xx_hal_rtc.o(i.RTC_Bcd2ToByte)
    RTC_ByteToBcd2                           0x20007bcd   Thumb Code    22  stm32f4xx_hal_rtc.o(i.RTC_ByteToBcd2)
    RTC_EnterInitMode                        0x20007be5   Thumb Code    58  stm32f4xx_hal_rtc.o(i.RTC_EnterInitMode)
    RTOS_ADC7828_Read                        0x20007c21   Thumb Code   192  common.o(i.RTOS_ADC7828_Read)
    RTOS_ADC7953_SPI4_Read                   0x20007d4d   Thumb Code   330  common.o(i.RTOS_ADC7953_SPI4_Read)
    RTOS_ADC7953_SPI5_Read                   0x20007f41   Thumb Code   328  common.o(i.RTOS_ADC7953_SPI5_Read)
    RTOS_ADC7953_SPI6_Read                   0x20008131   Thumb Code   330  common.o(i.RTOS_ADC7953_SPI6_Read)
    RTOS_DAC128S085_Write                    0x20008325   Thumb Code   230  common.o(i.RTOS_DAC128S085_Write)
    RTOS_DAC5535_Write                       0x20008485   Thumb Code   198  common.o(i.RTOS_DAC5535_Write)
    RTOS_EEPROM_Read                         0x200085bd   Thumb Code   142  common.o(i.RTOS_EEPROM_Read)
    RTOS_EEPROM_Write                        0x200086a9   Thumb Code   142  common.o(i.RTOS_EEPROM_Write)
    RTOS_SWITCH_ADC7953_Read                 0x20008795   Thumb Code    16  common.o(i.RTOS_SWITCH_ADC7953_Read)
    Reset_EEPROM_Alarm_Status                0x200087a5   Thumb Code    26  functions.o(i.Reset_EEPROM_Alarm_Status)
    Reset_Log_Status                         0x200087c5   Thumb Code    36  functions.o(i.Reset_Log_Status)
    Reset_Switch                             0x200087ed   Thumb Code   146  functions.o(i.Reset_Switch)
    Reset_Switch_Only                        0x2000888d   Thumb Code   106  functions.o(i.Reset_Switch_Only)
    Reset_Up_Status                          0x20008905   Thumb Code    22  functions.o(i.Reset_Up_Status)
    Set_Alarm                                0x20008a09   Thumb Code    46  functions.o(i.Set_Alarm)
    Set_Flag                                 0x20008a41   Thumb Code    12  functions.o(i.Set_Flag)
    Set_Lazer_Ready                          0x20008a4d   Thumb Code    50  functions.o(i.Set_Lazer_Ready)
    Set_Switch                               0x20008a8d   Thumb Code   312  functions.o(i.Set_Switch)
    Set_Switch_Alarm                         0x20008bcd   Thumb Code    38  functions.o(i.Set_Switch_Alarm)
    Set_Switch_Ready                         0x20008bf9   Thumb Code    56  functions.o(i.Set_Switch_Ready)
    Set_Threshold                            0x20008c3d   Thumb Code   752  functions.o(i.Set_Threshold)
    StartDefaultTask                         0x20008f59   Thumb Code     8  freertos.o(i.StartDefaultTask)
    SysTick_Handler                          0x20008f61   Thumb Code    38  port.o(i.SysTick_Handler)
    SystemClock_Config                       0x20008f8d   Thumb Code   160  main.o(i.SystemClock_Config)
    SystemInit                               0x20009035   Thumb Code    20  system_stm32f4xx.o(i.SystemInit)
    TIM1_TRG_COM_TIM11_IRQHandler            0x2000904d   Thumb Code     6  stm32f4xx_it.o(i.TIM1_TRG_COM_TIM11_IRQHandler)
    TIM8_CC_IRQHandler                       0x20009059   Thumb Code     6  stm32f4xx_it.o(i.TIM8_CC_IRQHandler)
    TIM_Base_SetConfig                       0x20009065   Thumb Code   156  stm32f4xx_hal_tim.o(i.TIM_Base_SetConfig)
    TIM_CCxChannelCmd                        0x2000912d   Thumb Code    26  stm32f4xx_hal_tim.o(i.TIM_CCxChannelCmd)
    TIM_TI1_SetConfig                        0x20009149   Thumb Code   100  stm32f4xx_hal_tim.o(i.TIM_TI1_SetConfig)
    Throw_Log                                0x20009201   Thumb Code   130  functions.o(i.Throw_Log)
    USART1_IRQHandler                        0x20009605   Thumb Code     6  stm32f4xx_it.o(i.USART1_IRQHandler)
    Uart_Respond                             0x20009611   Thumb Code   126  command.o(i.Uart_Respond)
    Update_EEPROM_Alarm_Status               0x200096c9   Thumb Code    40  functions.o(i.Update_EEPROM_Alarm_Status)
    Update_History_Alarm                     0x200096f1   Thumb Code   118  functions.o(i.Update_History_Alarm)
    Update_Log_Status                        0x20009775   Thumb Code    88  functions.o(i.Update_Log_Status)
    Update_Tec_Dest_Temp                     0x200097d1   Thumb Code   120  functions.o(i.Update_Tec_Dest_Temp)
    Update_Up_Status                         0x20009859   Thumb Code    84  functions.o(i.Update_Up_Status)
    UsageFault_Handler                       0x200098ad   Thumb Code     2  stm32f4xx_it.o(i.UsageFault_Handler)
    __0sprintf                               0x200098b1   Thumb Code    34  printfa.o(i.__0sprintf)
    __1sprintf                               0x200098b1   Thumb Code     0  printfa.o(i.__0sprintf)
    __2sprintf                               0x200098b1   Thumb Code     0  printfa.o(i.__0sprintf)
    __c89sprintf                             0x200098b1   Thumb Code     0  printfa.o(i.__0sprintf)
    sprintf                                  0x200098b1   Thumb Code     0  printfa.o(i.__0sprintf)
    __aeabi_errno_addr                       0x2000991d   Thumb Code     4  errno.o(i.__aeabi_errno_addr)
    __rt_errno_addr                          0x2000991d   Thumb Code     0  errno.o(i.__aeabi_errno_addr)
    __hardfp_log                             0x20009929   Thumb Code   872  log.o(i.__hardfp_log)
    __kernel_poly                            0x20009ced   Thumb Code   248  poly.o(i.__kernel_poly)
    __mathlib_dbl_divzero                    0x20009de9   Thumb Code    28  dunder.o(i.__mathlib_dbl_divzero)
    __mathlib_dbl_infnan                     0x20009e19   Thumb Code    20  dunder.o(i.__mathlib_dbl_infnan)
    __mathlib_dbl_invalid                    0x20009e31   Thumb Code    24  dunder.o(i.__mathlib_dbl_invalid)
    __scatterload_copy                       0x20009e51   Thumb Code    14  handlers.o(i.__scatterload_copy)
    __scatterload_null                       0x20009e5f   Thumb Code     2  handlers.o(i.__scatterload_null)
    __scatterload_zeroinit                   0x20009e61   Thumb Code    14  handlers.o(i.__scatterload_zeroinit)
    __set_errno                              0x20009e71   Thumb Code     6  errno.o(i.__set_errno)
    cal_tap_pd_by_power                      0x2000a739   Thumb Code   298  functions.o(i.cal_tap_pd_by_power)
    cmdProcessTask                           0x2000a86d   Thumb Code   106  freertos.o(i.cmdProcessTask)
    debug_Cmd_Check_Cali                     0x2000a915   Thumb Code    80  functions.o(i.debug_Cmd_Check_Cali)
    debug_Cmd_Get_Time                       0x2000a969   Thumb Code    68  functions.o(i.debug_Cmd_Get_Time)
    debug_Cmd_LOG_Content                    0x2000a9b5   Thumb Code   362  functions.o(i.debug_Cmd_LOG_Content)
    debug_Cmd_LOG_Size                       0x2000ab6d   Thumb Code    88  functions.o(i.debug_Cmd_LOG_Size)
    debug_Cmd_Query_Alarm_History            0x2000abdd   Thumb Code   156  functions.o(i.debug_Cmd_Query_Alarm_History)
    debug_Cmd_Set_Time                       0x2000ac89   Thumb Code   126  functions.o(i.debug_Cmd_Set_Time)
    debug_cal_dump                           0x2000ad0d   Thumb Code   170  functions.o(i.debug_cal_dump)
    debug_cal_il                             0x2000adbd   Thumb Code    38  functions.o(i.debug_cal_il)
    debug_cal_rx_pd                          0x2000ade3   Thumb Code    56  functions.o(i.debug_cal_rx_pd)
    debug_cal_switch                         0x2000ae1b   Thumb Code   122  functions.o(i.debug_cal_switch)
    debug_cal_tosa                           0x2000ae95   Thumb Code    94  functions.o(i.debug_cal_tosa)
    debug_eeprom                             0x2000aef5   Thumb Code    40  functions.o(i.debug_eeprom)
    debug_get_inter_exp                      0x2000af21   Thumb Code    16  functions.o(i.debug_get_inter_exp)
    debug_get_pd                             0x2000af39   Thumb Code    96  functions.o(i.debug_get_pd)
    debug_get_switch_channel                 0x2000afa5   Thumb Code    80  functions.o(i.debug_get_switch_channel)
    debug_get_tosa_tmp                       0x2000affd   Thumb Code   586  functions.o(i.debug_get_tosa_tmp)
    debug_get_tosa_val                       0x2000b29d   Thumb Code   140  functions.o(i.debug_get_tosa_val)
    debug_pin                                0x2000b339   Thumb Code    74  functions.o(i.debug_pin)
    debug_set_lp                             0x2000b395   Thumb Code   104  functions.o(i.debug_set_lp)
    debug_set_tec                            0x2000b401   Thumb Code    20  functions.o(i.debug_set_tec)
    debug_set_tosa                           0x2000b415   Thumb Code    10  functions.o(i.debug_set_tosa)
    debug_sw_adc                             0x2000b425   Thumb Code   156  functions.o(i.debug_sw_adc)
    debug_sw_dac                             0x2000b4e5   Thumb Code    18  functions.o(i.debug_sw_dac)
    debug_tag                                0x2000b4f9   Thumb Code   132  functions.o(i.debug_tag)
    debug_test_tosa                          0x2000b585   Thumb Code    48  functions.o(i.debug_test_tosa)
    debug_vol_adc                            0x2000b5b9   Thumb Code    32  functions.o(i.debug_vol_adc)
    get_32_from_eeprom                       0x2000b5dd   Thumb Code    20  common.o(i.get_32_from_eeprom)
    get_rx_pd_power                          0x2000b5f1   Thumb Code   344  functions.o(i.get_rx_pd_power)
    get_tap_pd_power                         0x2000b755   Thumb Code   248  functions.o(i.get_tap_pd_power)
    isrTask                                  0x2000b859   Thumb Code   492  freertos.o(i.isrTask)
    lazerManagerTask                         0x2000bb11   Thumb Code  2344  freertos.o(i.lazerManagerTask)
    logTask                                  0x2000c535   Thumb Code   646  freertos.o(i.logTask)
    main                                     0x2000c7e5   Thumb Code   176  main.o(i.main)
    monitorTask                              0x2000c8b1   Thumb Code  3300  freertos.o(i.monitorTask)
    my_abs                                   0x2000d695   Thumb Code    44  common.o(i.my_abs)
    osDelay                                  0x2000d6c5   Thumb Code    46  cmsis_os2.o(i.osDelay)
    osKernelInitialize                       0x2000d6f9   Thumb Code    50  cmsis_os2.o(i.osKernelInitialize)
    osKernelStart                            0x2000d731   Thumb Code    58  cmsis_os2.o(i.osKernelStart)
    osMessageQueueGet                        0x2000d771   Thumb Code   116  cmsis_os2.o(i.osMessageQueueGet)
    osMessageQueueGetCount                   0x2000d7ed   Thumb Code    40  cmsis_os2.o(i.osMessageQueueGetCount)
    osMessageQueueNew                        0x2000d819   Thumb Code   110  cmsis_os2.o(i.osMessageQueueNew)
    osMessageQueuePut                        0x2000d88d   Thumb Code   120  cmsis_os2.o(i.osMessageQueuePut)
    osMutexAcquire                           0x2000d90d   Thumb Code   104  cmsis_os2.o(i.osMutexAcquire)
    osMutexNew                               0x2000d979   Thumb Code   124  cmsis_os2.o(i.osMutexNew)
    osMutexRelease                           0x2000d9f9   Thumb Code    88  cmsis_os2.o(i.osMutexRelease)
    osSemaphoreAcquire                       0x2000da55   Thumb Code   108  cmsis_os2.o(i.osSemaphoreAcquire)
    osSemaphoreNew                           0x2000dac9   Thumb Code   172  cmsis_os2.o(i.osSemaphoreNew)
    osSemaphoreRelease                       0x2000db79   Thumb Code   102  cmsis_os2.o(i.osSemaphoreRelease)
    osThreadNew                              0x2000dbe9   Thumb Code   160  cmsis_os2.o(i.osThreadNew)
    pvPortMalloc                             0x2000e3e9   Thumb Code   210  heap_4.o(i.pvPortMalloc)
    pvTaskIncrementMutexHeldCount            0x2000e4c1   Thumb Code    18  tasks.o(i.pvTaskIncrementMutexHeldCount)
    pxPortInitialiseStack                    0x2000e4d9   Thumb Code    40  port.o(i.pxPortInitialiseStack)
    set_sw_dac                               0x2000e505   Thumb Code   174  functions.o(i.set_sw_dac)
    switch_endian                            0x2000e5b9   Thumb Code     4  common.o(i.switch_endian)
    switch_endian_16                         0x2000e5bd   Thumb Code     4  common.o(i.switch_endian_16)
    uartProcessTask                          0x2000e5c1   Thumb Code   494  freertos.o(i.uartProcessTask)
    ulTaskNotifyTake                         0x2000e875   Thumb Code    96  tasks.o(i.ulTaskNotifyTake)
    update_tosa_table                        0x2000e8dd   Thumb Code   310  functions.o(i.update_tosa_table)
    uxListRemove                             0x2000ea4d   Thumb Code    38  list.o(i.uxListRemove)
    uxQueueMessagesWaiting                   0x2000ea73   Thumb Code    36  queue.o(i.uxQueueMessagesWaiting)
    uxQueueMessagesWaitingFromISR            0x2000ea97   Thumb Code    22  queue.o(i.uxQueueMessagesWaitingFromISR)
    vApplicationGetIdleTaskMemory            0x2000eaad   Thumb Code    16  cmsis_os2.o(i.vApplicationGetIdleTaskMemory)
    vApplicationGetTimerTaskMemory           0x2000eac1   Thumb Code    18  cmsis_os2.o(i.vApplicationGetTimerTaskMemory)
    vListInitialise                          0x2000ead9   Thumb Code    22  list.o(i.vListInitialise)
    vListInitialiseItem                      0x2000eaef   Thumb Code     6  list.o(i.vListInitialiseItem)
    vListInsert                              0x2000eaf5   Thumb Code    48  list.o(i.vListInsert)
    vListInsertEnd                           0x2000eb25   Thumb Code    24  list.o(i.vListInsertEnd)
    vPortEnterCritical                       0x2000eb3d   Thumb Code    54  port.o(i.vPortEnterCritical)
    vPortExitCritical                        0x2000eb7d   Thumb Code    34  port.o(i.vPortExitCritical)
    vPortFree                                0x2000eba5   Thumb Code    88  heap_4.o(i.vPortFree)
    vPortSetupTimerInterrupt                 0x2000ec01   Thumb Code    32  port.o(i.vPortSetupTimerInterrupt)
    vPortValidateInterruptPriority           0x2000ec25   Thumb Code    74  port.o(i.vPortValidateInterruptPriority)
    vQueueAddToRegistry                      0x2000ec79   Thumb Code    34  queue.o(i.vQueueAddToRegistry)
    vQueueDelete                             0x2000eca1   Thumb Code    46  queue.o(i.vQueueDelete)
    vQueueUnregisterQueue                    0x2000ecd1   Thumb Code    36  queue.o(i.vQueueUnregisterQueue)
    vQueueWaitForMessageRestricted           0x2000ecf9   Thumb Code    68  queue.o(i.vQueueWaitForMessageRestricted)
    vTaskDelay                               0x2000ed3d   Thumb Code    66  tasks.o(i.vTaskDelay)
    vTaskInternalSetTimeOutState             0x2000ed89   Thumb Code    12  tasks.o(i.vTaskInternalSetTimeOutState)
    vTaskMissedYield                         0x2000ed99   Thumb Code     8  tasks.o(i.vTaskMissedYield)
    vTaskPlaceOnEventList                    0x2000eda5   Thumb Code    44  tasks.o(i.vTaskPlaceOnEventList)
    vTaskPlaceOnEventListRestricted          0x2000edd5   Thumb Code    52  tasks.o(i.vTaskPlaceOnEventListRestricted)
    vTaskPriorityDisinheritAfterTimeout      0x2000ee0d   Thumb Code   134  tasks.o(i.vTaskPriorityDisinheritAfterTimeout)
    vTaskStartScheduler                      0x2000ee9d   Thumb Code   118  tasks.o(i.vTaskStartScheduler)
    vTaskSuspendAll                          0x2000ef25   Thumb Code    10  tasks.o(i.vTaskSuspendAll)
    vTaskSwitchContext                       0x2000ef35   Thumb Code    90  tasks.o(i.vTaskSwitchContext)
    watchdogTask                             0x2000ef99   Thumb Code    18  freertos.o(i.watchdogTask)
    write_32_to_eeprom                       0x2000efb1   Thumb Code    16  common.o(i.write_32_to_eeprom)
    xPortStartScheduler                      0x2000efc1   Thumb Code   222  port.o(i.xPortStartScheduler)
    xQueueCreateCountingSemaphore            0x2000f0b5   Thumb Code    58  queue.o(i.xQueueCreateCountingSemaphore)
    xQueueCreateCountingSemaphoreStatic      0x2000f0ef   Thumb Code    64  queue.o(i.xQueueCreateCountingSemaphoreStatic)
    xQueueCreateMutex                        0x2000f12f   Thumb Code    22  queue.o(i.xQueueCreateMutex)
    xQueueCreateMutexStatic                  0x2000f145   Thumb Code    26  queue.o(i.xQueueCreateMutexStatic)
    xQueueGenericCreate                      0x2000f15f   Thumb Code    72  queue.o(i.xQueueGenericCreate)
    xQueueGenericCreateStatic                0x2000f1a7   Thumb Code   102  queue.o(i.xQueueGenericCreateStatic)
    xQueueGenericReset                       0x2000f20d   Thumb Code   132  queue.o(i.xQueueGenericReset)
    xQueueGenericSend                        0x2000f295   Thumb Code   346  queue.o(i.xQueueGenericSend)
    xQueueGenericSendFromISR                 0x2000f3f5   Thumb Code   188  queue.o(i.xQueueGenericSendFromISR)
    xQueueGiveFromISR                        0x2000f4b1   Thumb Code   156  queue.o(i.xQueueGiveFromISR)
    xQueueGiveMutexRecursive                 0x2000f54d   Thumb Code    62  queue.o(i.xQueueGiveMutexRecursive)
    xQueueReceive                            0x2000f58d   Thumb Code   308  queue.o(i.xQueueReceive)
    xQueueReceiveFromISR                     0x2000f6c5   Thumb Code   154  queue.o(i.xQueueReceiveFromISR)
    xQueueSemaphoreTake                      0x2000f761   Thumb Code   372  queue.o(i.xQueueSemaphoreTake)
    xQueueTakeMutexRecursive                 0x2000f8d9   Thumb Code    64  queue.o(i.xQueueTakeMutexRecursive)
    xTaskCheckForTimeOut                     0x2000f919   Thumb Code   112  tasks.o(i.xTaskCheckForTimeOut)
    xTaskCreate                              0x2000f98d   Thumb Code    90  tasks.o(i.xTaskCreate)
    xTaskCreateStatic                        0x2000f9e7   Thumb Code    86  tasks.o(i.xTaskCreateStatic)
    xTaskGenericNotify                       0x2000fa3d   Thumb Code   188  tasks.o(i.xTaskGenericNotify)
    xTaskGetCurrentTaskHandle                0x2000fb05   Thumb Code     6  tasks.o(i.xTaskGetCurrentTaskHandle)
    xTaskGetSchedulerState                   0x2000fb11   Thumb Code    22  tasks.o(i.xTaskGetSchedulerState)
    xTaskGetTickCount                        0x2000fb2d   Thumb Code     6  tasks.o(i.xTaskGetTickCount)
    xTaskIncrementTick                       0x2000fb39   Thumb Code   190  tasks.o(i.xTaskIncrementTick)
    xTaskPriorityDisinherit                  0x2000fc01   Thumb Code   118  tasks.o(i.xTaskPriorityDisinherit)
    xTaskPriorityInherit                     0x2000fc81   Thumb Code   112  tasks.o(i.xTaskPriorityInherit)
    xTaskRemoveFromEventList                 0x2000fcf9   Thumb Code    98  tasks.o(i.xTaskRemoveFromEventList)
    xTaskResumeAll                           0x2000fd69   Thumb Code   182  tasks.o(i.xTaskResumeAll)
    xTimerCreateTimerTask                    0x2000fe2d   Thumb Code    78  timers.o(i.xTimerCreateTimerTask)
    xTimerGenericCommand                     0x2000fe8d   Thumb Code    98  timers.o(i.xTimerGenericCommand)
    error_file_flash_addr                    0x2000fefc   Data          28  main.o(.constdata)
    normal_file_flash_addr                   0x2000ff18   Data          12  main.o(.constdata)
    error_file_flash_end                     0x2000ff24   Data           4  main.o(.constdata)
    error_file_flash_count                   0x2000ff28   Data           1  main.o(.constdata)
    normal_file_flash_end                    0x2000ff2c   Data           4  main.o(.constdata)
    normal_file_flash_count                  0x2000ff30   Data           1  main.o(.constdata)
    Thread_Mutex_attr                        0x2000ff34   Data          16  freertos.o(.constdata)
    cmdProcessTask_attributes                0x2000ff44   Data          36  freertos.o(.constdata)
    uartProcessTask_attributes               0x2000ff68   Data          36  freertos.o(.constdata)
    watchdogTask_attributes                  0x2000ff8c   Data          36  freertos.o(.constdata)
    isrTask_attributes                       0x2000ffb0   Data          36  freertos.o(.constdata)
    logTask_attributes                       0x2000ffd4   Data          36  freertos.o(.constdata)
    monTask_attributes                       0x2000fff8   Data          36  freertos.o(.constdata)
    lazerManagerTask_attributes              0x2001001c   Data          36  freertos.o(.constdata)
    defaultTask_attributes                   0x20010040   Data          36  freertos.o(.constdata)
    AHBPrescTable                            0x2001006c   Data          16  system_stm32f4xx.o(.constdata)
    APBPrescTable                            0x2001007c   Data           8  system_stm32f4xx.o(.constdata)
    __mathlib_zero                           0x200100c0   Data           8  qnan.o(.constdata)
    __ctype_table                            0x200100c8   Data         129  ctype_o.o(.constdata)
    Region$$Table$$Base                      0x200102ac   Number         0  anon$$obj.o(Region$$Table)
    Region$$Table$$Limit                     0x200102cc   Number         0  anon$$obj.o(Region$$Table)
    fw_version                               0x20018000   Data           4  command.o(.data)
    hw_version                               0x20018004   Data           5  command.o(.data)
    command_list                             0x2001800c   Data         208  command.o(.data)
    channel_map_count                        0x200184dc   Data           4  functions.o(.data)
    channel_map                              0x200184e0   Data          60  functions.o(.data)
    switch_map                               0x2001851c   Data          72  functions.o(.data)
    reset_flag                               0x20018564   Data           1  main.o(.data)
    flash_in_use                             0x20018565   Data           1  main.o(.data)
    history_alarm_status                     0x20018568   Data           8  main.o(.data)
    tosa_table_count                         0x20018570   Data           1  main.o(.data)
    tosa_power_high_max_thr                  0x20018578   Data           8  main.o(.data)
    tosa_power_low_min_thr                   0x20018580   Data           8  main.o(.data)
    device_busy                              0x20018588   Data           1  main.o(.data)
    allow_tosa                               0x20018589   Data           1  main.o(.data)
    uart_sync                                0x2001858c   Data           2  freertos.o(.data)
    uartProcessSemaphore                     0x20018590   Data           4  freertos.o(.data)
    cmdProcessSemaphore                      0x20018594   Data           4  freertos.o(.data)
    logEraseSemaphore                        0x20018598   Data           4  freertos.o(.data)
    mid_LogMsg                               0x2001859c   Data           4  freertos.o(.data)
    mid_ISR                                  0x200185a0   Data           4  freertos.o(.data)
    mid_LazerManager                         0x200185a4   Data           4  freertos.o(.data)
    mid_CmdProcess                           0x200185a8   Data           4  freertos.o(.data)
    i2c1Mutex                                0x200185ac   Data           4  freertos.o(.data)
    i2c2Mutex                                0x200185b0   Data           4  freertos.o(.data)
    spi2Mutex                                0x200185b4   Data           4  freertos.o(.data)
    spi3Mutex                                0x200185b8   Data           4  freertos.o(.data)
    spi4Mutex                                0x200185bc   Data           4  freertos.o(.data)
    spi5Mutex                                0x200185c0   Data           4  freertos.o(.data)
    spi6Mutex                                0x200185c4   Data           4  freertos.o(.data)
    cmdProcessTaskHandle                     0x200185c8   Data           4  freertos.o(.data)
    uartProcessTaskHandle                    0x200185cc   Data           4  freertos.o(.data)
    watchdogTaskHandle                       0x200185d0   Data           4  freertos.o(.data)
    isrTaskHandle                            0x200185d4   Data           4  freertos.o(.data)
    logTaskHandle                            0x200185d8   Data           4  freertos.o(.data)
    monTaskHandle                            0x200185dc   Data           4  freertos.o(.data)
    lazerManagerTaskHandle                   0x200185e0   Data           4  freertos.o(.data)
    defaultTaskHandle                        0x200185e4   Data           4  freertos.o(.data)
    uwTickFreq                               0x200185e8   Data           1  stm32f4xx_hal.o(.data)
    uwTickPrio                               0x200185ec   Data           4  stm32f4xx_hal.o(.data)
    uwTick                                   0x200185f0   Data           4  stm32f4xx_hal.o(.data)
    SystemCoreClock                          0x200185f4   Data           4  system_stm32f4xx.o(.data)
    pxCurrentTCB                             0x200185f8   Data           4  tasks.o(.data)
    resp_buf                                 0x20018674   Data         262  command.o(.bss)
    trans_buf                                0x2001877a   Data         259  command.o(.bss)
    up_state                                 0x20018880   Data          36  command.o(.bss)
    pn                                       0x200188a4   Data          17  command.o(.bss)
    debug_buf                                0x200188b5   Data        1024  common.o(.bss)
    upgrade_status                           0x20018cb8   Data          24  main.o(.bss)
    log_file_state                           0x20018cd0   Data          32  main.o(.bss)
    tosa_table                               0x20018cf0   Data         160  main.o(.bss)
    hi2c1                                    0x20018d90   Data          84  i2c.o(.bss)
    hi2c2                                    0x20018de4   Data          84  i2c.o(.bss)
    hiwdg                                    0x20018e38   Data          12  iwdg.o(.bss)
    hrtc                                     0x20018e44   Data          32  rtc.o(.bss)
    hspi1                                    0x20018e64   Data          88  spi.o(.bss)
    hspi2                                    0x20018ebc   Data          88  spi.o(.bss)
    hspi3                                    0x20018f14   Data          88  spi.o(.bss)
    hspi4                                    0x20018f6c   Data          88  spi.o(.bss)
    hspi5                                    0x20018fc4   Data          88  spi.o(.bss)
    hspi6                                    0x2001901c   Data          88  spi.o(.bss)
    htim8                                    0x20019074   Data          64  tim.o(.bss)
    huart1                                   0x200190b4   Data          64  usart.o(.bss)
    huart3                                   0x200190f4   Data          64  usart.o(.bss)
    hdma_usart1_rx                           0x20019134   Data          96  usart.o(.bss)
    htim11                                   0x20019194   Data          64  stm32f4xx_hal_timebase_tim.o(.bss)
    pFlash                                   0x200191d4   Data          32  stm32f4xx_hal_flash.o(.bss)
    xQueueRegistry                           0x200191f4   Data          64  queue.o(.bss)
    __initial_sp                             0x2001dec8   Data           0  startup_stm32f427xx.o(STACK)
    run_status                               0x2002fc00   Data         360  main.o(.ARM.__AT_0x2002FC00)



==============================================================================

Memory Map of the image

  Image Entry point : 0x200001ad

  Load Region LR_IROM2 (Base: 0x20000000, Size: 0x00010940, Max: 0x00018000, ABSOLUTE, COMPRESSED[0x00010818])

    Execution Region ER_IROM2 (Exec base: 0x20000000, Load base: 0x20000000, Size: 0x000102cc, Max: 0x00018000, ABSOLUTE)

    Exec Addr    Load Addr    Size         Type   Attr      Idx    E Section Name        Object

    0x20000000   0x20000000   0x000001ac   Data   RO            3    RESET               startup_stm32f427xx.o
    0x200001ac   0x200001ac   0x00000000   Code   RO         7294  * .ARM.Collect$$$$00000000  mc_w.l(entry.o)
    0x200001ac   0x200001ac   0x00000004   Code   RO         7609    .ARM.Collect$$$$00000001  mc_w.l(entry2.o)
    0x200001b0   0x200001b0   0x00000004   Code   RO         7612    .ARM.Collect$$$$00000004  mc_w.l(entry5.o)
    0x200001b4   0x200001b4   0x00000000   Code   RO         7614    .ARM.Collect$$$$00000008  mc_w.l(entry7b.o)
    0x200001b4   0x200001b4   0x00000000   Code   RO         7616    .ARM.Collect$$$$0000000A  mc_w.l(entry8b.o)
    0x200001b4   0x200001b4   0x00000008   Code   RO         7617    .ARM.Collect$$$$0000000B  mc_w.l(entry9a.o)
    0x200001bc   0x200001bc   0x00000000   Code   RO         7619    .ARM.Collect$$$$0000000D  mc_w.l(entry10a.o)
    0x200001bc   0x200001bc   0x00000000   Code   RO         7621    .ARM.Collect$$$$0000000F  mc_w.l(entry11a.o)
    0x200001bc   0x200001bc   0x00000004   Code   RO         7610    .ARM.Collect$$$$00002712  mc_w.l(entry2.o)
    0x200001c0   0x200001c0   0x000000be   Code   RO         7203    .emb_text           port.o
    0x2000027e   0x2000027e   0x00000002   PAD
    0x20000280   0x20000280   0x00000024   Code   RO            4    .text               startup_stm32f427xx.o
    0x200002a4   0x200002a4   0x00000062   Code   RO         7297    .text               mc_w.l(uldiv.o)
    0x20000306   0x20000306   0x00000024   Code   RO         7299    .text               mc_w.l(memcpya.o)
    0x2000032a   0x2000032a   0x00000024   Code   RO         7303    .text               mc_w.l(memseta.o)
    0x2000034e   0x2000034e   0x0000000e   Code   RO         7305    .text               mc_w.l(strlen.o)
    0x2000035c   0x2000035c   0x0000001e   Code   RO         7307    .text               mc_w.l(strncmp.o)
    0x2000037a   0x2000037a   0x00000072   Code   RO         7572    .text               mc_w.l(strtoul.o)
    0x200003ec   0x200003ec   0x0000014e   Code   RO         7574    .text               mf_w.l(dadd.o)
    0x2000053a   0x2000053a   0x000000e4   Code   RO         7576    .text               mf_w.l(dmul.o)
    0x2000061e   0x2000061e   0x000000de   Code   RO         7578    .text               mf_w.l(ddiv.o)
    0x200006fc   0x200006fc   0x00000022   Code   RO         7580    .text               mf_w.l(dflti.o)
    0x2000071e   0x2000071e   0x0000001a   Code   RO         7582    .text               mf_w.l(dfltui.o)
    0x20000738   0x20000738   0x0000003e   Code   RO         7584    .text               mf_w.l(dfixi.o)
    0x20000776   0x20000776   0x00000032   Code   RO         7586    .text               mf_w.l(dfixui.o)
    0x200007a8   0x200007a8   0x00000030   Code   RO         7588    .text               mf_w.l(cdcmple.o)
    0x200007d8   0x200007d8   0x00000030   Code   RO         7590    .text               mf_w.l(cdrcmple.o)
    0x20000808   0x20000808   0x0000002c   Code   RO         7626    .text               mc_w.l(uidiv.o)
    0x20000834   0x20000834   0x0000001e   Code   RO         7628    .text               mc_w.l(llshl.o)
    0x20000852   0x20000852   0x00000020   Code   RO         7630    .text               mc_w.l(llushr.o)
    0x20000872   0x20000872   0x00000024   Code   RO         7632    .text               mc_w.l(llsshr.o)
    0x20000896   0x20000896   0x00000002   PAD
    0x20000898   0x20000898   0x00000008   Code   RO         7634    .text               mc_w.l(ctype_o.o)
    0x200008a0   0x200008a0   0x0000009e   Code   RO         7669    .text               mc_w.l(_strtoul.o)
    0x2000093e   0x2000093e   0x00000000   Code   RO         7671    .text               mc_w.l(iusefp.o)
    0x2000093e   0x2000093e   0x000000ba   Code   RO         7672    .text               mf_w.l(depilogue.o)
    0x200009f8   0x200009f8   0x00000030   Code   RO         7676    .text               mf_w.l(dfixul.o)
    0x20000a28   0x20000a28   0x00000024   Code   RO         7678    .text               mc_w.l(init.o)
    0x20000a4c   0x20000a4c   0x0000001c   Code   RO         7681    .text               mc_w.l(_chval.o)
    0x20000a68   0x20000a68   0x00000056   Code   RO         7692    .text               mc_w.l(__dczerorl2.o)
    0x20000abe   0x20000abe   0x00000008   Code   RO          410    i.BE16_To_Buffer    common.o
    0x20000ac6   0x20000ac6   0x00000010   Code   RO          411    i.BE32_To_Buffer    common.o
    0x20000ad6   0x20000ad6   0x00000006   Code   RO          412    i.Buffer_To_BE16    common.o
    0x20000adc   0x20000adc   0x0000000e   Code   RO          413    i.Buffer_To_BE32    common.o
    0x20000aea   0x20000aea   0x00000002   Code   RO         1682    i.BusFault_Handler  stm32f4xx_it.o
    0x20000aec   0x20000aec   0x00000028   Code   RO          414    i.Cal_CRC32         common.o
    0x20000b14   0x20000b14   0x00000028   Code   RO          415    i.Cal_CRC32_2       common.o
    0x20000b3c   0x20000b3c   0x00000018   Code   RO          416    i.Cal_Check         common.o
    0x20000b54   0x20000b54   0x000000c0   Code   RO          664    i.Cal_Temp          functions.o
    0x20000c14   0x20000c14   0x000001c8   Code   RO          665    i.Cal_Tosa_Data     functions.o
    0x20000ddc   0x20000ddc   0x00000130   Code   RO          666    i.Cal_Tosa_Temp     functions.o
    0x20000f0c   0x20000f0c   0x0000007c   Code   RO          667    i.Check_Cali        functions.o
    0x20000f88   0x20000f88   0x00000038   Code   RO         1148    i.Clear_Alarm       functions.o
    0x20000fc0   0x20000fc0   0x0000000c   Code   RO          668    i.Clear_Flag        functions.o
    0x20000fcc   0x20000fcc   0x00000040   Code   RO          669    i.Clear_Lazer_Ready  functions.o
    0x2000100c   0x2000100c   0x0000002c   Code   RO          670    i.Clear_Switch_Alarm  functions.o
    0x20001038   0x20001038   0x00000016   Code   RO          671    i.Clear_Switch_Dac  functions.o
    0x2000104e   0x2000104e   0x00000002   PAD
    0x20001050   0x20001050   0x00000044   Code   RO          672    i.Clear_Switch_Ready  functions.o
    0x20001094   0x20001094   0x00000390   Code   RO           13    i.Cmd_For_Debug     command.o
    0x20001424   0x20001424   0x0000009c   Code   RO           14    i.Cmd_Get_IL        command.o
    0x200014c0   0x200014c0   0x000000d4   Code   RO           15    i.Cmd_Get_Switch    command.o
    0x20001594   0x20001594   0x000000ac   Code   RO           16    i.Cmd_Get_Temperature  command.o
    0x20001640   0x20001640   0x00000028   Code   RO           17    i.Cmd_Get_Version   command.o
    0x20001668   0x20001668   0x00000070   Code   RO           18    i.Cmd_Performance   command.o
    0x200016d8   0x200016d8   0x000000d4   Code   RO           19    i.Cmd_Process       command.o
    0x200017ac   0x200017ac   0x0000002c   Code   RO           20    i.Cmd_Query_Alarm   command.o
    0x200017d8   0x200017d8   0x00000024   Code   RO           21    i.Cmd_Query_MDate   command.o
    0x200017fc   0x200017fc   0x00000020   Code   RO           22    i.Cmd_Query_Modulation  command.o
    0x2000181c   0x2000181c   0x00000024   Code   RO           23    i.Cmd_Query_PN      command.o
    0x20001840   0x20001840   0x00000024   Code   RO           24    i.Cmd_Query_SN      command.o
    0x20001864   0x20001864   0x00000020   Code   RO           25    i.Cmd_Query_Status  command.o
    0x20001884   0x20001884   0x00000034   Code   RO           26    i.Cmd_Query_Threshold  command.o
    0x200018b8   0x200018b8   0x0000006c   Code   RO           27    i.Cmd_Query_Tosa    command.o
    0x20001924   0x20001924   0x00000088   Code   RO           28    i.Cmd_Query_Tosa_Thr  command.o
    0x200019ac   0x200019ac   0x00000024   Code   RO           29    i.Cmd_Query_Vendor  command.o
    0x200019d0   0x200019d0   0x00000064   Code   RO           30    i.Cmd_RX_PD_CALI    command.o
    0x20001a34   0x20001a34   0x000000c0   Code   RO           31    i.Cmd_Set_Modulation  command.o
    0x20001af4   0x20001af4   0x0000025c   Code   RO           32    i.Cmd_Set_Switch    command.o
    0x20001d50   0x20001d50   0x00000054   Code   RO           33    i.Cmd_Set_Threshold  command.o
    0x20001da4   0x20001da4   0x0000001c   Code   RO           34    i.Cmd_Softreset     command.o
    0x20001dc0   0x20001dc0   0x00000104   Code   RO           35    i.Cmd_TAP_PD_CALI   command.o
    0x20001ec4   0x20001ec4   0x00000350   Code   RO           36    i.Cmd_Upgrade_Data  command.o
    0x20002214   0x20002214   0x00000024   Code   RO           37    i.Cmd_Upgrade_Init  command.o
    0x20002238   0x20002238   0x000001d8   Code   RO           38    i.Cmd_Upgrade_Install  command.o
    0x20002410   0x20002410   0x000001f4   Code   RO           39    i.Cmd_Voltage       command.o
    0x20002604   0x20002604   0x000000c8   Code   RO          417    i.DAC5541_Write     common.o
    0x200026cc   0x200026cc   0x0000000c   Code   RO         1683    i.DMA2_Stream2_IRQHandler  stm32f4xx_it.o
    0x200026d8   0x200026d8   0x00000028   Code   RO         2467    i.DMA_CalcBaseAndBitshift  stm32f4xx_hal_dma.o
    0x20002700   0x20002700   0x00000054   Code   RO         2468    i.DMA_CheckFifoParam  stm32f4xx_hal_dma.o
    0x20002754   0x20002754   0x00000028   Code   RO         2469    i.DMA_SetConfig     stm32f4xx_hal_dma.o
    0x2000277c   0x2000277c   0x00000002   Code   RO         1684    i.DebugMon_Handler  stm32f4xx_it.o
    0x2000277e   0x2000277e   0x00000002   PAD
    0x20002780   0x20002780   0x0000002c   Code   RO          673    i.Disable_Tosa      functions.o
    0x200027ac   0x200027ac   0x00000006   Code   RO         1685    i.EXTI0_IRQHandler  stm32f4xx_it.o
    0x200027b2   0x200027b2   0x00000008   Code   RO         1686    i.EXTI15_10_IRQHandler  stm32f4xx_it.o
    0x200027ba   0x200027ba   0x00000006   Code   RO         1687    i.EXTI1_IRQHandler  stm32f4xx_it.o
    0x200027c0   0x200027c0   0x000000a4   Code   RO          674    i.Enable_Tosa       functions.o
    0x20002864   0x20002864   0x00000002   Code   RO         1161    i.Error_Handler     main.o
    0x20002866   0x20002866   0x00000002   PAD
    0x20002868   0x20002868   0x00000054   Code   RO         2242    i.FLASH_Erase_Sector  stm32f4xx_hal_flash_ex.o
    0x200028bc   0x200028bc   0x00000054   Code   RO         2243    i.FLASH_FlushCaches  stm32f4xx_hal_flash_ex.o
    0x20002910   0x20002910   0x00000004   Code   RO         1688    i.FLASH_IRQHandler  stm32f4xx_it.o
    0x20002914   0x20002914   0x0000002e   Code   RO          623    i.FLASH_If_Erase_IT  flash_if.o
    0x20002942   0x20002942   0x00000002   PAD
    0x20002944   0x20002944   0x00000018   Code   RO          624    i.FLASH_If_Init     flash_if.o
    0x2000295c   0x2000295c   0x00000054   Code   RO          625    i.FLASH_If_Write    flash_if.o
    0x200029b0   0x200029b0   0x00000040   Code   RO         2244    i.FLASH_MassErase   stm32f4xx_hal_flash_ex.o
    0x200029f0   0x200029f0   0x00000020   Code   RO         2124    i.FLASH_Program_Byte  stm32f4xx_hal_flash.o
    0x20002a10   0x20002a10   0x0000002c   Code   RO         2125    i.FLASH_Program_DoubleWord  stm32f4xx_hal_flash.o
    0x20002a3c   0x20002a3c   0x00000024   Code   RO         2126    i.FLASH_Program_HalfWord  stm32f4xx_hal_flash.o
    0x20002a60   0x20002a60   0x00000024   Code   RO         2127    i.FLASH_Program_Word  stm32f4xx_hal_flash.o
    0x20002a84   0x20002a84   0x0000007c   Code   RO         2128    i.FLASH_SetErrorCode  stm32f4xx_hal_flash.o
    0x20002b00   0x20002b00   0x00000050   Code   RO         2129    i.FLASH_WaitForLastOperation  stm32f4xx_hal_flash.o
    0x20002b50   0x20002b50   0x000000d4   Code   RO          675    i.Get_Current_Switch_ADC  functions.o
    0x20002c24   0x20002c24   0x000002c8   Code   RO          676    i.Get_Current_Switch_Channel  functions.o
    0x20002eec   0x20002eec   0x00000048   Code   RO          677    i.Get_EEPROM_Alarm_Status  functions.o
    0x20002f34   0x20002f34   0x0000005c   Code   RO          678    i.Get_Index_Of_Channel_Map  functions.o
    0x20002f90   0x20002f90   0x00000080   Code   RO          679    i.Get_Log_Status    functions.o
    0x20003010   0x20003010   0x0000040c   Code   RO          680    i.Get_Performance   functions.o
    0x2000341c   0x2000341c   0x0000006c   Code   RO          681    i.Get_Rx_Power      functions.o
    0x20003488   0x20003488   0x0000006c   Code   RO          682    i.Get_Switch_Adc    functions.o
    0x200034f4   0x200034f4   0x000000cc   Code   RO          683    i.Get_Switch_Position_By_IO  functions.o
    0x200035c0   0x200035c0   0x00000110   Code   RO          684    i.Get_Tap_Power     functions.o
    0x200036d0   0x200036d0   0x00000248   Code   RO          685    i.Get_Threshold     functions.o
    0x20003918   0x20003918   0x00000200   Code   RO          686    i.Get_Threshold_Table  functions.o
    0x20003b18   0x20003b18   0x000000d0   Code   RO          687    i.Get_Tosa_Data     functions.o
    0x20003be8   0x20003be8   0x0000005a   Code   RO          688    i.Get_Up_Status     functions.o
    0x20003c42   0x20003c42   0x0000008e   Code   RO         2470    i.HAL_DMA_Abort     stm32f4xx_hal_dma.o
    0x20003cd0   0x20003cd0   0x00000024   Code   RO         2471    i.HAL_DMA_Abort_IT  stm32f4xx_hal_dma.o
    0x20003cf4   0x20003cf4   0x000001a0   Code   RO         2475    i.HAL_DMA_IRQHandler  stm32f4xx_hal_dma.o
    0x20003e94   0x20003e94   0x000000d4   Code   RO         2476    i.HAL_DMA_Init      stm32f4xx_hal_dma.o
    0x20003f68   0x20003f68   0x0000006e   Code   RO         2480    i.HAL_DMA_Start_IT  stm32f4xx_hal_dma.o
    0x20003fd6   0x20003fd6   0x00000002   PAD
    0x20003fd8   0x20003fd8   0x00000068   Code   RO         2250    i.HAL_FLASHEx_Erase_IT  stm32f4xx_hal_flash_ex.o
    0x20004040   0x20004040   0x00000054   Code   RO         1162    i.HAL_FLASH_EndOfOperationCallback  main.o
    0x20004094   0x20004094   0x000000cc   Code   RO         2132    i.HAL_FLASH_IRQHandler  stm32f4xx_hal_flash.o
    0x20004160   0x20004160   0x00000014   Code   RO         2133    i.HAL_FLASH_Lock    stm32f4xx_hal_flash.o
    0x20004174   0x20004174   0x00000002   Code   RO         2137    i.HAL_FLASH_OperationErrorCallback  stm32f4xx_hal_flash.o
    0x20004176   0x20004176   0x00000002   PAD
    0x20004178   0x20004178   0x0000007c   Code   RO         2138    i.HAL_FLASH_Program  stm32f4xx_hal_flash.o
    0x200041f4   0x200041f4   0x0000002c   Code   RO         2140    i.HAL_FLASH_Unlock  stm32f4xx_hal_flash.o
    0x20004220   0x20004220   0x000000d4   Code   RO         1163    i.HAL_GPIO_EXTI_Callback  main.o
    0x200042f4   0x200042f4   0x00000018   Code   RO         2362    i.HAL_GPIO_EXTI_IRQHandler  stm32f4xx_hal_gpio.o
    0x2000430c   0x2000430c   0x000001d4   Code   RO         2363    i.HAL_GPIO_Init     stm32f4xx_hal_gpio.o
    0x200044e0   0x200044e0   0x0000000a   Code   RO         2365    i.HAL_GPIO_ReadPin  stm32f4xx_hal_gpio.o
    0x200044ea   0x200044ea   0x0000000a   Code   RO         2367    i.HAL_GPIO_WritePin  stm32f4xx_hal_gpio.o
    0x200044f4   0x200044f4   0x0000000c   Code   RO         2915    i.HAL_GetTick       stm32f4xx_hal.o
    0x20004500   0x20004500   0x00000042   Code   RO         3597    i.HAL_I2CEx_ConfigAnalogFilter  stm32f4xx_hal_i2c_ex.o
    0x20004542   0x20004542   0x0000003e   Code   RO         3598    i.HAL_I2CEx_ConfigDigitalFilter  stm32f4xx_hal_i2c_ex.o
    0x20004580   0x20004580   0x00000188   Code   RO         3181    i.HAL_I2C_Init      stm32f4xx_hal_i2c.o
    0x20004708   0x20004708   0x000001f8   Code   RO         3199    i.HAL_I2C_Mem_Read  stm32f4xx_hal_i2c.o
    0x20004900   0x20004900   0x00000130   Code   RO         3202    i.HAL_I2C_Mem_Write  stm32f4xx_hal_i2c.o
    0x20004a30   0x20004a30   0x000000a8   Code   RO         1394    i.HAL_I2C_MspInit   i2c.o
    0x20004ad8   0x20004ad8   0x00000052   Code   RO         3627    i.HAL_IWDG_Init     stm32f4xx_hal_iwdg.o
    0x20004b2a   0x20004b2a   0x0000000c   Code   RO         3628    i.HAL_IWDG_Refresh  stm32f4xx_hal_iwdg.o
    0x20004b36   0x20004b36   0x00000002   PAD
    0x20004b38   0x20004b38   0x00000010   Code   RO         2921    i.HAL_IncTick       stm32f4xx_hal.o
    0x20004b48   0x20004b48   0x00000034   Code   RO         2922    i.HAL_Init          stm32f4xx_hal.o
    0x20004b7c   0x20004b7c   0x00000074   Code   RO         1812    i.HAL_InitTick      stm32f4xx_hal_timebase_tim.o
    0x20004bf0   0x20004bf0   0x0000004c   Code   RO         1788    i.HAL_MspInit       stm32f4xx_hal_msp.o
    0x20004c3c   0x20004c3c   0x0000001a   Code   RO         2770    i.HAL_NVIC_EnableIRQ  stm32f4xx_hal_cortex.o
    0x20004c56   0x20004c56   0x00000002   PAD
    0x20004c58   0x20004c58   0x00000040   Code   RO         2776    i.HAL_NVIC_SetPriority  stm32f4xx_hal_cortex.o
    0x20004c98   0x20004c98   0x00000024   Code   RO         2777    i.HAL_NVIC_SetPriorityGrouping  stm32f4xx_hal_cortex.o
    0x20004cbc   0x20004cbc   0x00000070   Code   RO         2699    i.HAL_PWREx_EnableOverDrive  stm32f4xx_hal_pwr_ex.o
    0x20004d2c   0x20004d2c   0x00000254   Code   RO         2064    i.HAL_RCCEx_PeriphCLKConfig  stm32f4xx_hal_rcc_ex.o
    0x20004f80   0x20004f80   0x00000134   Code   RO         1957    i.HAL_RCC_ClockConfig  stm32f4xx_hal_rcc.o
    0x200050b4   0x200050b4   0x00000040   Code   RO         1961    i.HAL_RCC_GetClockConfig  stm32f4xx_hal_rcc.o
    0x200050f4   0x200050f4   0x00000020   Code   RO         1964    i.HAL_RCC_GetPCLK1Freq  stm32f4xx_hal_rcc.o
    0x20005114   0x20005114   0x00000020   Code   RO         1965    i.HAL_RCC_GetPCLK2Freq  stm32f4xx_hal_rcc.o
    0x20005134   0x20005134   0x00000064   Code   RO         1966    i.HAL_RCC_GetSysClockFreq  stm32f4xx_hal_rcc.o
    0x20005198   0x20005198   0x0000035c   Code   RO         1969    i.HAL_RCC_OscConfig  stm32f4xx_hal_rcc.o
    0x200054f4   0x200054f4   0x00000044   Code   RO         3662    i.HAL_RTC_GetDate   stm32f4xx_hal_rtc.o
    0x20005538   0x20005538   0x00000058   Code   RO         3664    i.HAL_RTC_GetTime   stm32f4xx_hal_rtc.o
    0x20005590   0x20005590   0x000000ac   Code   RO         3665    i.HAL_RTC_Init      stm32f4xx_hal_rtc.o
    0x2000563c   0x2000563c   0x00000018   Code   RO         1472    i.HAL_RTC_MspInit   rtc.o
    0x20005654   0x20005654   0x000000c8   Code   RO         3671    i.HAL_RTC_SetDate   stm32f4xx_hal_rtc.o
    0x2000571c   0x2000571c   0x000000ec   Code   RO         3672    i.HAL_RTC_SetTime   stm32f4xx_hal_rtc.o
    0x20005808   0x20005808   0x00000036   Code   RO         3673    i.HAL_RTC_WaitForSynchro  stm32f4xx_hal_rtc.o
    0x2000583e   0x2000583e   0x00000080   Code   RO         4033    i.HAL_SPI_Init      stm32f4xx_hal_spi.o
    0x200058be   0x200058be   0x00000002   PAD
    0x200058c0   0x200058c0   0x000001b0   Code   RO         1514    i.HAL_SPI_MspInit   spi.o
    0x20005a70   0x20005a70   0x0000015c   Code   RO         4041    i.HAL_SPI_Transmit  stm32f4xx_hal_spi.o
    0x20005bcc   0x20005bcc   0x000001e2   Code   RO         4042    i.HAL_SPI_TransmitReceive  stm32f4xx_hal_spi.o
    0x20005dae   0x20005dae   0x00000002   Code   RO         5021    i.HAL_TIMEx_BreakCallback  stm32f4xx_hal_tim_ex.o
    0x20005db0   0x20005db0   0x00000002   Code   RO         5022    i.HAL_TIMEx_CommutCallback  stm32f4xx_hal_tim_ex.o
    0x20005db2   0x20005db2   0x00000002   PAD
    0x20005db4   0x20005db4   0x00000090   Code   RO         5039    i.HAL_TIMEx_MasterConfigSynchronization  stm32f4xx_hal_tim_ex.o
    0x20005e44   0x20005e44   0x00000036   Code   RO         4346    i.HAL_TIM_Base_Init  stm32f4xx_hal_tim.o
    0x20005e7a   0x20005e7a   0x00000002   Code   RO         4348    i.HAL_TIM_Base_MspInit  stm32f4xx_hal_tim.o
    0x20005e7c   0x20005e7c   0x00000022   Code   RO         4351    i.HAL_TIM_Base_Start_IT  stm32f4xx_hal_tim.o
    0x20005e9e   0x20005e9e   0x00000002   PAD
    0x20005ea0   0x20005ea0   0x0000002c   Code   RO         1164    i.HAL_TIM_IC_CaptureCallback  main.o
    0x20005ecc   0x20005ecc   0x0000011e   Code   RO         4377    i.HAL_TIM_IC_ConfigChannel  stm32f4xx_hal_tim.o
    0x20005fea   0x20005fea   0x00000036   Code   RO         4380    i.HAL_TIM_IC_Init   stm32f4xx_hal_tim.o
    0x20006020   0x20006020   0x00000078   Code   RO         1586    i.HAL_TIM_IC_MspInit  tim.o
    0x20006098   0x20006098   0x00000056   Code   RO         4385    i.HAL_TIM_IC_Start_IT  stm32f4xx_hal_tim.o
    0x200060ee   0x200060ee   0x0000005e   Code   RO         4388    i.HAL_TIM_IC_Stop_IT  stm32f4xx_hal_tim.o
    0x2000614c   0x2000614c   0x00000166   Code   RO         4389    i.HAL_TIM_IRQHandler  stm32f4xx_hal_tim.o
    0x200062b2   0x200062b2   0x00000002   Code   RO         4392    i.HAL_TIM_OC_DelayElapsedCallback  stm32f4xx_hal_tim.o
    0x200062b4   0x200062b4   0x00000002   Code   RO         4419    i.HAL_TIM_PWM_PulseFinishedCallback  stm32f4xx_hal_tim.o
    0x200062b6   0x200062b6   0x00000002   PAD
    0x200062b8   0x200062b8   0x00000014   Code   RO         1165    i.HAL_TIM_PeriodElapsedCallback  main.o
    0x200062cc   0x200062cc   0x00000002   Code   RO         4432    i.HAL_TIM_TriggerCallback  stm32f4xx_hal_tim.o
    0x200062ce   0x200062ce   0x00000058   Code   RO         5291    i.HAL_UART_DMAStop  stm32f4xx_hal_uart.o
    0x20006326   0x20006326   0x00000002   Code   RO         5293    i.HAL_UART_ErrorCallback  stm32f4xx_hal_uart.o
    0x20006328   0x20006328   0x00000114   Code   RO         5296    i.HAL_UART_IRQHandler  stm32f4xx_hal_uart.o
    0x2000643c   0x2000643c   0x00000062   Code   RO         5297    i.HAL_UART_Init     stm32f4xx_hal_uart.o
    0x2000649e   0x2000649e   0x00000002   PAD
    0x200064a0   0x200064a0   0x000000f8   Code   RO         1628    i.HAL_UART_MspInit  usart.o
    0x20006598   0x20006598   0x00000098   Code   RO         5301    i.HAL_UART_Receive_DMA  stm32f4xx_hal_uart.o
    0x20006630   0x20006630   0x00000052   Code   RO         5302    i.HAL_UART_Receive_IT  stm32f4xx_hal_uart.o
    0x20006682   0x20006682   0x00000002   PAD
    0x20006684   0x20006684   0x0000001c   Code   RO         1629    i.HAL_UART_RxCpltCallback  usart.o
    0x200066a0   0x200066a0   0x00000002   Code   RO         5304    i.HAL_UART_RxHalfCpltCallback  stm32f4xx_hal_uart.o
    0x200066a2   0x200066a2   0x000000ba   Code   RO         5305    i.HAL_UART_Transmit  stm32f4xx_hal_uart.o
    0x2000675c   0x2000675c   0x00000002   Code   RO         5308    i.HAL_UART_TxCpltCallback  stm32f4xx_hal_uart.o
    0x2000675e   0x2000675e   0x00000002   Code   RO         1689    i.HardFault_Handler  stm32f4xx_it.o
    0x20006760   0x20006760   0x0000002e   Code   RO         3223    i.I2C_IsAcknowledgeFailed  stm32f4xx_hal_i2c.o
    0x2000678e   0x2000678e   0x00000002   PAD
    0x20006790   0x20006790   0x000000fc   Code   RO         3233    i.I2C_RequestMemoryRead  stm32f4xx_hal_i2c.o
    0x2000688c   0x2000688c   0x000000a8   Code   RO         3234    i.I2C_RequestMemoryWrite  stm32f4xx_hal_i2c.o
    0x20006934   0x20006934   0x0000004c   Code   RO         3237    i.I2C_WaitOnBTFFlagUntilTimeout  stm32f4xx_hal_i2c.o
    0x20006980   0x20006980   0x00000068   Code   RO         3238    i.I2C_WaitOnFlagUntilTimeout  stm32f4xx_hal_i2c.o
    0x200069e8   0x200069e8   0x00000096   Code   RO         3239    i.I2C_WaitOnMasterAddressFlagUntilTimeout  stm32f4xx_hal_i2c.o
    0x20006a7e   0x20006a7e   0x00000066   Code   RO         3240    i.I2C_WaitOnRXNEFlagUntilTimeout  stm32f4xx_hal_i2c.o
    0x20006ae4   0x20006ae4   0x0000004c   Code   RO         3241    i.I2C_WaitOnTXEFlagUntilTimeout  stm32f4xx_hal_i2c.o
    0x20006b30   0x20006b30   0x00000020   Code   RO          418    i.I2cEepromRead     common.o
    0x20006b50   0x20006b50   0x00000078   Code   RO          419    i.I2cEepromWrite    common.o
    0x20006bc8   0x20006bc8   0x00000078   Code   RO          689    i.Init_Run_Status   functions.o
    0x20006c40   0x20006c40   0x00000064   Code   RO          420    i.Is_Date_Valid     common.o
    0x20006ca4   0x20006ca4   0x0000000e   Code   RO          690    i.Is_Flag_Set       functions.o
    0x20006cb2   0x20006cb2   0x00000002   PAD
    0x20006cb4   0x20006cb4   0x00000064   Code   RO          421    i.Is_Value_Approximate  common.o
    0x20006d18   0x20006d18   0x00000012   Code   RO          691    i.Log_Read          functions.o
    0x20006d2a   0x20006d2a   0x00000002   PAD
    0x20006d2c   0x20006d2c   0x00000074   Code   RO          692    i.Log_Write         functions.o
    0x20006da0   0x20006da0   0x0000004c   Code   RO          693    i.Log_Write_byte    functions.o
    0x20006dec   0x20006dec   0x0000048c   Code   RO         1166    i.MON32_Init        main.o
    0x20007278   0x20007278   0x000000ec   Code   RO         1167    i.MON32_Init_Dev    main.o
    0x20007364   0x20007364   0x0000002c   Code   RO         1283    i.MX_DMA_Init       dma.o
    0x20007390   0x20007390   0x000001c0   Code   RO         1307    i.MX_FREERTOS_Init  freertos.o
    0x20007550   0x20007550   0x000002a0   Code   RO         1259    i.MX_GPIO_Init      gpio.o
    0x200077f0   0x200077f0   0x0000005c   Code   RO         1395    i.MX_I2C1_Init      i2c.o
    0x2000784c   0x2000784c   0x0000005c   Code   RO         1396    i.MX_I2C2_Init      i2c.o
    0x200078a8   0x200078a8   0x0000002c   Code   RO         1441    i.MX_IWDG_Init      iwdg.o
    0x200078d4   0x200078d4   0x00000034   Code   RO         1473    i.MX_RTC_Init       rtc.o
    0x20007908   0x20007908   0x00000048   Code   RO         1515    i.MX_SPI1_Init      spi.o
    0x20007950   0x20007950   0x00000044   Code   RO         1516    i.MX_SPI2_Init      spi.o
    0x20007994   0x20007994   0x00000044   Code   RO         1517    i.MX_SPI3_Init      spi.o
    0x200079d8   0x200079d8   0x00000048   Code   RO         1518    i.MX_SPI4_Init      spi.o
    0x20007a20   0x20007a20   0x00000048   Code   RO         1519    i.MX_SPI5_Init      spi.o
    0x20007a68   0x20007a68   0x00000048   Code   RO         1520    i.MX_SPI6_Init      spi.o
    0x20007ab0   0x20007ab0   0x00000080   Code   RO         1587    i.MX_TIM8_Init      tim.o
    0x20007b30   0x20007b30   0x00000038   Code   RO         1630    i.MX_USART1_UART_Init  usart.o
    0x20007b68   0x20007b68   0x00000038   Code   RO         1631    i.MX_USART3_UART_Init  usart.o
    0x20007ba0   0x20007ba0   0x00000002   Code   RO         1690    i.MemManage_Handler  stm32f4xx_it.o
    0x20007ba2   0x20007ba2   0x00000002   Code   RO         1691    i.NMI_Handler       stm32f4xx_it.o
    0x20007ba4   0x20007ba4   0x00000016   Code   RO          422    i.PRINT_HEX         common.o
    0x20007bba   0x20007bba   0x00000012   Code   RO         3674    i.RTC_Bcd2ToByte    stm32f4xx_hal_rtc.o
    0x20007bcc   0x20007bcc   0x00000016   Code   RO         3675    i.RTC_ByteToBcd2    stm32f4xx_hal_rtc.o
    0x20007be2   0x20007be2   0x00000002   PAD
    0x20007be4   0x20007be4   0x0000003a   Code   RO         3676    i.RTC_EnterInitMode  stm32f4xx_hal_rtc.o
    0x20007c1e   0x20007c1e   0x00000002   PAD
    0x20007c20   0x20007c20   0x0000012c   Code   RO          423    i.RTOS_ADC7828_Read  common.o
    0x20007d4c   0x20007d4c   0x000001f4   Code   RO          424    i.RTOS_ADC7953_SPI4_Read  common.o
    0x20007f40   0x20007f40   0x000001f0   Code   RO          425    i.RTOS_ADC7953_SPI5_Read  common.o
    0x20008130   0x20008130   0x000001f4   Code   RO          426    i.RTOS_ADC7953_SPI6_Read  common.o
    0x20008324   0x20008324   0x00000160   Code   RO          427    i.RTOS_DAC128S085_Write  common.o
    0x20008484   0x20008484   0x00000138   Code   RO          428    i.RTOS_DAC5535_Write  common.o
    0x200085bc   0x200085bc   0x000000ec   Code   RO          429    i.RTOS_EEPROM_Read  common.o
    0x200086a8   0x200086a8   0x000000ec   Code   RO          430    i.RTOS_EEPROM_Write  common.o
    0x20008794   0x20008794   0x00000010   Code   RO          431    i.RTOS_SWITCH_ADC7953_Read  common.o
    0x200087a4   0x200087a4   0x00000020   Code   RO          694    i.Reset_EEPROM_Alarm_Status  functions.o
    0x200087c4   0x200087c4   0x00000028   Code   RO          695    i.Reset_Log_Status  functions.o
    0x200087ec   0x200087ec   0x000000a0   Code   RO          696    i.Reset_Switch      functions.o
    0x2000888c   0x2000888c   0x00000078   Code   RO          697    i.Reset_Switch_Only  functions.o
    0x20008904   0x20008904   0x00000016   Code   RO          698    i.Reset_Up_Status   functions.o
    0x2000891a   0x2000891a   0x00000002   PAD
    0x2000891c   0x2000891c   0x00000058   Code   RO         4071    i.SPI_EndRxTxTransaction  stm32f4xx_hal_spi.o
    0x20008974   0x20008974   0x00000094   Code   RO         4076    i.SPI_WaitFlagStateUntilTimeout  stm32f4xx_hal_spi.o
    0x20008a08   0x20008a08   0x00000038   Code   RO         1142    i.Set_Alarm         functions.o
    0x20008a40   0x20008a40   0x0000000c   Code   RO          699    i.Set_Flag          functions.o
    0x20008a4c   0x20008a4c   0x00000040   Code   RO          700    i.Set_Lazer_Ready   functions.o
    0x20008a8c   0x20008a8c   0x00000140   Code   RO          701    i.Set_Switch        functions.o
    0x20008bcc   0x20008bcc   0x0000002c   Code   RO          702    i.Set_Switch_Alarm  functions.o
    0x20008bf8   0x20008bf8   0x00000044   Code   RO          703    i.Set_Switch_Ready  functions.o
    0x20008c3c   0x20008c3c   0x0000031c   Code   RO          704    i.Set_Threshold     functions.o
    0x20008f58   0x20008f58   0x00000008   Code   RO         1308    i.StartDefaultTask  freertos.o
    0x20008f60   0x20008f60   0x0000002c   Code   RO         7204    i.SysTick_Handler   port.o
    0x20008f8c   0x20008f8c   0x000000a8   Code   RO         1168    i.SystemClock_Config  main.o
    0x20009034   0x20009034   0x00000018   Code   RO         5599    i.SystemInit        system_stm32f4xx.o
    0x2000904c   0x2000904c   0x0000000c   Code   RO         1692    i.TIM1_TRG_COM_TIM11_IRQHandler  stm32f4xx_it.o
    0x20009058   0x20009058   0x0000000c   Code   RO         1693    i.TIM8_CC_IRQHandler  stm32f4xx_it.o
    0x20009064   0x20009064   0x000000c8   Code   RO         4434    i.TIM_Base_SetConfig  stm32f4xx_hal_tim.o
    0x2000912c   0x2000912c   0x0000001a   Code   RO         4435    i.TIM_CCxChannelCmd  stm32f4xx_hal_tim.o
    0x20009146   0x20009146   0x00000002   PAD
    0x20009148   0x20009148   0x00000080   Code   RO         4453    i.TIM_TI1_SetConfig  stm32f4xx_hal_tim.o
    0x200091c8   0x200091c8   0x00000036   Code   RO         4455    i.TIM_TI2_SetConfig  stm32f4xx_hal_tim.o
    0x200091fe   0x200091fe   0x00000002   PAD
    0x20009200   0x20009200   0x000000b0   Code   RO          705    i.Throw_Log         functions.o
    0x200092b0   0x200092b0   0x00000010   Code   RO         5310    i.UART_DMAAbortOnError  stm32f4xx_hal_uart.o
    0x200092c0   0x200092c0   0x0000004a   Code   RO         5311    i.UART_DMAError     stm32f4xx_hal_uart.o
    0x2000930a   0x2000930a   0x0000003c   Code   RO         5312    i.UART_DMAReceiveCplt  stm32f4xx_hal_uart.o
    0x20009346   0x20009346   0x0000000a   Code   RO         5314    i.UART_DMARxHalfCplt  stm32f4xx_hal_uart.o
    0x20009350   0x20009350   0x0000001c   Code   RO         5320    i.UART_EndRxTransfer  stm32f4xx_hal_uart.o
    0x2000936c   0x2000936c   0x00000012   Code   RO         5321    i.UART_EndTxTransfer  stm32f4xx_hal_uart.o
    0x2000937e   0x2000937e   0x00000096   Code   RO         5322    i.UART_Receive_IT   stm32f4xx_hal_uart.o
    0x20009414   0x20009414   0x00000128   Code   RO         5323    i.UART_SetConfig    stm32f4xx_hal_uart.o
    0x2000953c   0x2000953c   0x00000062   Code   RO         5324    i.UART_Transmit_IT  stm32f4xx_hal_uart.o
    0x2000959e   0x2000959e   0x00000064   Code   RO         5325    i.UART_WaitOnFlagUntilTimeout  stm32f4xx_hal_uart.o
    0x20009602   0x20009602   0x00000002   PAD
    0x20009604   0x20009604   0x0000000c   Code   RO         1694    i.USART1_IRQHandler  stm32f4xx_it.o
    0x20009610   0x20009610   0x000000b8   Code   RO           40    i.Uart_Respond      command.o
    0x200096c8   0x200096c8   0x00000028   Code   RO          706    i.Update_EEPROM_Alarm_Status  functions.o
    0x200096f0   0x200096f0   0x00000084   Code   RO          707    i.Update_History_Alarm  functions.o
    0x20009774   0x20009774   0x0000005c   Code   RO          708    i.Update_Log_Status  functions.o
    0x200097d0   0x200097d0   0x00000088   Code   RO          709    i.Update_Tec_Dest_Temp  functions.o
    0x20009858   0x20009858   0x00000054   Code   RO          710    i.Update_Up_Status  functions.o
    0x200098ac   0x200098ac   0x00000002   Code   RO         1695    i.UsageFault_Handler  stm32f4xx_it.o
    0x200098ae   0x200098ae   0x00000002   PAD
    0x200098b0   0x200098b0   0x00000028   Code   RO         7546    i.__0sprintf        mc_w.l(printfa.o)
    0x200098d8   0x200098d8   0x00000020   Code   RO         2783    i.__NVIC_SetPriority  stm32f4xx_hal_cortex.o
    0x200098f8   0x200098f8   0x00000024   Code   RO           41    i.__NVIC_SystemReset  command.o
    0x2000991c   0x2000991c   0x00000008   Code   RO         7662    i.__aeabi_errno_addr  mc_w.l(errno.o)
    0x20009924   0x20009924   0x00000004   PAD
    0x20009928   0x20009928   0x000003c4   Code   RO         7280    i.__hardfp_log      m_wm.l(log.o)
    0x20009cec   0x20009cec   0x000000f8   Code   RO         7606    i.__kernel_poly     m_wm.l(poly.o)
    0x20009de4   0x20009de4   0x00000004   PAD
    0x20009de8   0x20009de8   0x00000030   Code   RO         7592    i.__mathlib_dbl_divzero  m_wm.l(dunder.o)
    0x20009e18   0x20009e18   0x00000014   Code   RO         7593    i.__mathlib_dbl_infnan  m_wm.l(dunder.o)
    0x20009e2c   0x20009e2c   0x00000004   PAD
    0x20009e30   0x20009e30   0x00000020   Code   RO         7595    i.__mathlib_dbl_invalid  m_wm.l(dunder.o)
    0x20009e50   0x20009e50   0x0000000e   Code   RO         7686    i.__scatterload_copy  mc_w.l(handlers.o)
    0x20009e5e   0x20009e5e   0x00000002   Code   RO         7687    i.__scatterload_null  mc_w.l(handlers.o)
    0x20009e60   0x20009e60   0x0000000e   Code   RO         7688    i.__scatterload_zeroinit  mc_w.l(handlers.o)
    0x20009e6e   0x20009e6e   0x00000002   PAD
    0x20009e70   0x20009e70   0x0000000c   Code   RO         7664    i.__set_errno       mc_w.l(errno.o)
    0x20009e7c   0x20009e7c   0x00000184   Code   RO         7551    i._fp_digits        mc_w.l(printfa.o)
    0x2000a000   0x2000a000   0x000006dc   Code   RO         7552    i._printf_core      mc_w.l(printfa.o)
    0x2000a6dc   0x2000a6dc   0x00000024   Code   RO         7553    i._printf_post_padding  mc_w.l(printfa.o)
    0x2000a700   0x2000a700   0x0000002e   Code   RO         7554    i._printf_pre_padding  mc_w.l(printfa.o)
    0x2000a72e   0x2000a72e   0x0000000a   Code   RO         7556    i._sputc            mc_w.l(printfa.o)
    0x2000a738   0x2000a738   0x00000134   Code   RO          711    i.cal_tap_pd_by_power  functions.o
    0x2000a86c   0x2000a86c   0x000000a8   Code   RO         1309    i.cmdProcessTask    freertos.o
    0x2000a914   0x2000a914   0x00000054   Code   RO          712    i.debug_Cmd_Check_Cali  functions.o
    0x2000a968   0x2000a968   0x0000004c   Code   RO          713    i.debug_Cmd_Get_Time  functions.o
    0x2000a9b4   0x2000a9b4   0x000001b8   Code   RO          714    i.debug_Cmd_LOG_Content  functions.o
    0x2000ab6c   0x2000ab6c   0x00000070   Code   RO          715    i.debug_Cmd_LOG_Size  functions.o
    0x2000abdc   0x2000abdc   0x000000ac   Code   RO          716    i.debug_Cmd_Query_Alarm_History  functions.o
    0x2000ac88   0x2000ac88   0x00000084   Code   RO          717    i.debug_Cmd_Set_Time  functions.o
    0x2000ad0c   0x2000ad0c   0x000000b0   Code   RO          718    i.debug_cal_dump    functions.o
    0x2000adbc   0x2000adbc   0x00000026   Code   RO          719    i.debug_cal_il      functions.o
    0x2000ade2   0x2000ade2   0x00000038   Code   RO          720    i.debug_cal_rx_pd   functions.o
    0x2000ae1a   0x2000ae1a   0x0000007a   Code   RO          721    i.debug_cal_switch  functions.o
    0x2000ae94   0x2000ae94   0x0000005e   Code   RO          722    i.debug_cal_tosa    functions.o
    0x2000aef2   0x2000aef2   0x00000002   PAD
    0x2000aef4   0x2000aef4   0x0000002c   Code   RO          723    i.debug_eeprom      functions.o
    0x2000af20   0x2000af20   0x00000018   Code   RO          724    i.debug_get_inter_exp  functions.o
    0x2000af38   0x2000af38   0x0000006c   Code   RO          725    i.debug_get_pd      functions.o
    0x2000afa4   0x2000afa4   0x00000058   Code   RO          726    i.debug_get_switch_channel  functions.o
    0x2000affc   0x2000affc   0x000002a0   Code   RO          727    i.debug_get_tosa_tmp  functions.o
    0x2000b29c   0x2000b29c   0x0000009c   Code   RO          728    i.debug_get_tosa_val  functions.o
    0x2000b338   0x2000b338   0x0000005c   Code   RO          729    i.debug_pin         functions.o
    0x2000b394   0x2000b394   0x0000006c   Code   RO          730    i.debug_set_lp      functions.o
    0x2000b400   0x2000b400   0x00000014   Code   RO          731    i.debug_set_tec     functions.o
    0x2000b414   0x2000b414   0x00000010   Code   RO          732    i.debug_set_tosa    functions.o
    0x2000b424   0x2000b424   0x000000c0   Code   RO          733    i.debug_sw_adc      functions.o
    0x2000b4e4   0x2000b4e4   0x00000012   Code   RO          734    i.debug_sw_dac      functions.o
    0x2000b4f6   0x2000b4f6   0x00000002   PAD
    0x2000b4f8   0x2000b4f8   0x0000008c   Code   RO          735    i.debug_tag         functions.o
    0x2000b584   0x2000b584   0x00000034   Code   RO          736    i.debug_test_tosa   functions.o
    0x2000b5b8   0x2000b5b8   0x00000024   Code   RO          737    i.debug_vol_adc     functions.o
    0x2000b5dc   0x2000b5dc   0x00000014   Code   RO          432    i.get_32_from_eeprom  common.o
    0x2000b5f0   0x2000b5f0   0x00000164   Code   RO          738    i.get_rx_pd_power   functions.o
    0x2000b754   0x2000b754   0x00000104   Code   RO          739    i.get_tap_pd_power  functions.o
    0x2000b858   0x2000b858   0x000002b8   Code   RO         1310    i.isrTask           freertos.o
    0x2000bb10   0x2000bb10   0x00000a24   Code   RO         1311    i.lazerManagerTask  freertos.o
    0x2000c534   0x2000c534   0x000002b0   Code   RO         1312    i.logTask           freertos.o
    0x2000c7e4   0x2000c7e4   0x000000cc   Code   RO         1169    i.main              main.o
    0x2000c8b0   0x2000c8b0   0x00000de4   Code   RO         1313    i.monitorTask       freertos.o
    0x2000d694   0x2000d694   0x00000030   Code   RO          434    i.my_abs            common.o
    0x2000d6c4   0x2000d6c4   0x00000034   Code   RO         6733    i.osDelay           cmsis_os2.o
    0x2000d6f8   0x2000d6f8   0x00000038   Code   RO         6747    i.osKernelInitialize  cmsis_os2.o
    0x2000d730   0x2000d730   0x00000040   Code   RO         6750    i.osKernelStart     cmsis_os2.o
    0x2000d770   0x2000d770   0x0000007c   Code   RO         6753    i.osMessageQueueGet  cmsis_os2.o
    0x2000d7ec   0x2000d7ec   0x0000002c   Code   RO         6755    i.osMessageQueueGetCount  cmsis_os2.o
    0x2000d818   0x2000d818   0x00000074   Code   RO         6758    i.osMessageQueueNew  cmsis_os2.o
    0x2000d88c   0x2000d88c   0x00000080   Code   RO         6759    i.osMessageQueuePut  cmsis_os2.o
    0x2000d90c   0x2000d90c   0x0000006c   Code   RO         6761    i.osMutexAcquire    cmsis_os2.o
    0x2000d978   0x2000d978   0x00000080   Code   RO         6764    i.osMutexNew        cmsis_os2.o
    0x2000d9f8   0x2000d9f8   0x0000005c   Code   RO         6765    i.osMutexRelease    cmsis_os2.o
    0x2000da54   0x2000da54   0x00000074   Code   RO         6766    i.osSemaphoreAcquire  cmsis_os2.o
    0x2000dac8   0x2000dac8   0x000000b0   Code   RO         6769    i.osSemaphoreNew    cmsis_os2.o
    0x2000db78   0x2000db78   0x00000070   Code   RO         6770    i.osSemaphoreRelease  cmsis_os2.o
    0x2000dbe8   0x2000dbe8   0x000000a4   Code   RO         6784    i.osThreadNew       cmsis_os2.o
    0x2000dc8c   0x2000dc8c   0x0000005c   Code   RO         6229    i.prvAddCurrentTaskToDelayedList  tasks.o
    0x2000dce8   0x2000dce8   0x000000d0   Code   RO         6230    i.prvAddNewTaskToReadyList  tasks.o
    0x2000ddb8   0x2000ddb8   0x00000058   Code   RO         6579    i.prvCheckForValidListAndQueue  timers.o
    0x2000de10   0x2000de10   0x00000026   Code   RO         5832    i.prvCopyDataFromQueue  queue.o
    0x2000de36   0x2000de36   0x0000006c   Code   RO         5833    i.prvCopyDataToQueue  queue.o
    0x2000dea2   0x2000dea2   0x00000034   Code   RO         6231    i.prvDeleteTCB      tasks.o
    0x2000ded6   0x2000ded6   0x00000002   PAD
    0x2000ded8   0x2000ded8   0x0000004c   Code   RO         7154    i.prvHeapInit       heap_4.o
    0x2000df24   0x2000df24   0x00000060   Code   RO         6232    i.prvIdleTask       tasks.o
    0x2000df84   0x2000df84   0x00000016   Code   RO         5834    i.prvInitialiseMutex  queue.o
    0x2000df9a   0x2000df9a   0x00000002   PAD
    0x2000df9c   0x2000df9c   0x00000022   Code   RO         5835    i.prvInitialiseNewQueue  queue.o
    0x2000dfbe   0x2000dfbe   0x0000009c   Code   RO         6233    i.prvInitialiseNewTask  tasks.o
    0x2000e05a   0x2000e05a   0x00000002   PAD
    0x2000e05c   0x2000e05c   0x0000004c   Code   RO         7155    i.prvInsertBlockIntoFreeList  heap_4.o
    0x2000e0a8   0x2000e0a8   0x00000038   Code   RO         6581    i.prvInsertTimerInActiveList  timers.o
    0x2000e0e0   0x2000e0e0   0x0000001c   Code   RO         5836    i.prvIsQueueEmpty   queue.o
    0x2000e0fc   0x2000e0fc   0x000000cc   Code   RO         6582    i.prvProcessReceivedCommands  timers.o
    0x2000e1c8   0x2000e1c8   0x000000b4   Code   RO         6583    i.prvProcessTimerOrBlockTask  timers.o
    0x2000e27c   0x2000e27c   0x00000020   Code   RO         6235    i.prvResetNextTaskUnblockTime  tasks.o
    0x2000e29c   0x2000e29c   0x00000028   Code   RO         6584    i.prvSampleTimeNow  timers.o
    0x2000e2c4   0x2000e2c4   0x0000006c   Code   RO         6585    i.prvSwitchTimerLists  timers.o
    0x2000e330   0x2000e330   0x00000028   Code   RO         7205    i.prvTaskExitError  port.o
    0x2000e358   0x2000e358   0x00000024   Code   RO         6586    i.prvTimerTask      timers.o
    0x2000e37c   0x2000e37c   0x0000006a   Code   RO         5837    i.prvUnlockQueue    queue.o
    0x2000e3e6   0x2000e3e6   0x00000002   PAD
    0x2000e3e8   0x2000e3e8   0x000000d8   Code   RO         7156    i.pvPortMalloc      heap_4.o
    0x2000e4c0   0x2000e4c0   0x00000018   Code   RO         6238    i.pvTaskIncrementMutexHeldCount  tasks.o
    0x2000e4d8   0x2000e4d8   0x0000002c   Code   RO         7206    i.pxPortInitialiseStack  port.o
    0x2000e504   0x2000e504   0x000000b4   Code   RO          740    i.set_sw_dac        functions.o
    0x2000e5b8   0x2000e5b8   0x00000004   Code   RO          435    i.switch_endian     common.o
    0x2000e5bc   0x2000e5bc   0x00000004   Code   RO          436    i.switch_endian_16  common.o
    0x2000e5c0   0x2000e5c0   0x000002b4   Code   RO         1314    i.uartProcessTask   freertos.o
    0x2000e874   0x2000e874   0x00000068   Code   RO         6239    i.ulTaskNotifyTake  tasks.o
    0x2000e8dc   0x2000e8dc   0x00000170   Code   RO          741    i.update_tosa_table  functions.o
    0x2000ea4c   0x2000ea4c   0x00000026   Code   RO         5792    i.uxListRemove      list.o
    0x2000ea72   0x2000ea72   0x00000024   Code   RO         5840    i.uxQueueMessagesWaiting  queue.o
    0x2000ea96   0x2000ea96   0x00000016   Code   RO         5841    i.uxQueueMessagesWaitingFromISR  queue.o
    0x2000eaac   0x2000eaac   0x00000014   Code   RO         6796    i.vApplicationGetIdleTaskMemory  cmsis_os2.o
    0x2000eac0   0x2000eac0   0x00000018   Code   RO         6797    i.vApplicationGetTimerTaskMemory  cmsis_os2.o
    0x2000ead8   0x2000ead8   0x00000016   Code   RO         5793    i.vListInitialise   list.o
    0x2000eaee   0x2000eaee   0x00000006   Code   RO         5794    i.vListInitialiseItem  list.o
    0x2000eaf4   0x2000eaf4   0x00000030   Code   RO         5795    i.vListInsert       list.o
    0x2000eb24   0x2000eb24   0x00000018   Code   RO         5796    i.vListInsertEnd    list.o
    0x2000eb3c   0x2000eb3c   0x00000040   Code   RO         7208    i.vPortEnterCritical  port.o
    0x2000eb7c   0x2000eb7c   0x00000028   Code   RO         7209    i.vPortExitCritical  port.o
    0x2000eba4   0x2000eba4   0x0000005c   Code   RO         7157    i.vPortFree         heap_4.o
    0x2000ec00   0x2000ec00   0x00000024   Code   RO         7210    i.vPortSetupTimerInterrupt  port.o
    0x2000ec24   0x2000ec24   0x00000054   Code   RO         7211    i.vPortValidateInterruptPriority  port.o
    0x2000ec78   0x2000ec78   0x00000028   Code   RO         5843    i.vQueueAddToRegistry  queue.o
    0x2000eca0   0x2000eca0   0x0000002e   Code   RO         5844    i.vQueueDelete      queue.o
    0x2000ecce   0x2000ecce   0x00000002   PAD
    0x2000ecd0   0x2000ecd0   0x00000028   Code   RO         5846    i.vQueueUnregisterQueue  queue.o
    0x2000ecf8   0x2000ecf8   0x00000044   Code   RO         5847    i.vQueueWaitForMessageRestricted  queue.o
    0x2000ed3c   0x2000ed3c   0x0000004c   Code   RO         6247    i.vTaskDelay        tasks.o
    0x2000ed88   0x2000ed88   0x00000010   Code   RO         6252    i.vTaskInternalSetTimeOutState  tasks.o
    0x2000ed98   0x2000ed98   0x0000000c   Code   RO         6253    i.vTaskMissedYield  tasks.o
    0x2000eda4   0x2000eda4   0x00000030   Code   RO         6255    i.vTaskPlaceOnEventList  tasks.o
    0x2000edd4   0x2000edd4   0x00000038   Code   RO         6256    i.vTaskPlaceOnEventListRestricted  tasks.o
    0x2000ee0c   0x2000ee0c   0x00000090   Code   RO         6258    i.vTaskPriorityDisinheritAfterTimeout  tasks.o
    0x2000ee9c   0x2000ee9c   0x00000088   Code   RO         6264    i.vTaskStartScheduler  tasks.o
    0x2000ef24   0x2000ef24   0x00000010   Code   RO         6266    i.vTaskSuspendAll   tasks.o
    0x2000ef34   0x2000ef34   0x00000064   Code   RO         6267    i.vTaskSwitchContext  tasks.o
    0x2000ef98   0x2000ef98   0x00000018   Code   RO         1315    i.watchdogTask      freertos.o
    0x2000efb0   0x2000efb0   0x00000010   Code   RO          437    i.write_32_to_eeprom  common.o
    0x2000efc0   0x2000efc0   0x000000f4   Code   RO         7212    i.xPortStartScheduler  port.o
    0x2000f0b4   0x2000f0b4   0x0000003a   Code   RO         5848    i.xQueueCreateCountingSemaphore  queue.o
    0x2000f0ee   0x2000f0ee   0x00000040   Code   RO         5849    i.xQueueCreateCountingSemaphoreStatic  queue.o
    0x2000f12e   0x2000f12e   0x00000016   Code   RO         5850    i.xQueueCreateMutex  queue.o
    0x2000f144   0x2000f144   0x0000001a   Code   RO         5851    i.xQueueCreateMutexStatic  queue.o
    0x2000f15e   0x2000f15e   0x00000048   Code   RO         5852    i.xQueueGenericCreate  queue.o
    0x2000f1a6   0x2000f1a6   0x00000066   Code   RO         5853    i.xQueueGenericCreateStatic  queue.o
    0x2000f20c   0x2000f20c   0x00000088   Code   RO         5854    i.xQueueGenericReset  queue.o
    0x2000f294   0x2000f294   0x00000160   Code   RO         5855    i.xQueueGenericSend  queue.o
    0x2000f3f4   0x2000f3f4   0x000000bc   Code   RO         5856    i.xQueueGenericSendFromISR  queue.o
    0x2000f4b0   0x2000f4b0   0x0000009c   Code   RO         5859    i.xQueueGiveFromISR  queue.o
    0x2000f54c   0x2000f54c   0x0000003e   Code   RO         5860    i.xQueueGiveMutexRecursive  queue.o
    0x2000f58a   0x2000f58a   0x00000002   PAD
    0x2000f58c   0x2000f58c   0x00000138   Code   RO         5865    i.xQueueReceive     queue.o
    0x2000f6c4   0x2000f6c4   0x0000009a   Code   RO         5866    i.xQueueReceiveFromISR  queue.o
    0x2000f75e   0x2000f75e   0x00000002   PAD
    0x2000f760   0x2000f760   0x00000178   Code   RO         5867    i.xQueueSemaphoreTake  queue.o
    0x2000f8d8   0x2000f8d8   0x00000040   Code   RO         5868    i.xQueueTakeMutexRecursive  queue.o
    0x2000f918   0x2000f918   0x00000074   Code   RO         6268    i.xTaskCheckForTimeOut  tasks.o
    0x2000f98c   0x2000f98c   0x0000005a   Code   RO         6269    i.xTaskCreate       tasks.o
    0x2000f9e6   0x2000f9e6   0x00000056   Code   RO         6270    i.xTaskCreateStatic  tasks.o
    0x2000fa3c   0x2000fa3c   0x000000c8   Code   RO         6271    i.xTaskGenericNotify  tasks.o
    0x2000fb04   0x2000fb04   0x0000000c   Code   RO         6273    i.xTaskGetCurrentTaskHandle  tasks.o
    0x2000fb10   0x2000fb10   0x0000001c   Code   RO         6274    i.xTaskGetSchedulerState  tasks.o
    0x2000fb2c   0x2000fb2c   0x0000000c   Code   RO         6275    i.xTaskGetTickCount  tasks.o
    0x2000fb38   0x2000fb38   0x000000c8   Code   RO         6277    i.xTaskIncrementTick  tasks.o
    0x2000fc00   0x2000fc00   0x00000080   Code   RO         6280    i.xTaskPriorityDisinherit  tasks.o
    0x2000fc80   0x2000fc80   0x00000078   Code   RO         6281    i.xTaskPriorityInherit  tasks.o
    0x2000fcf8   0x2000fcf8   0x00000070   Code   RO         6282    i.xTaskRemoveFromEventList  tasks.o
    0x2000fd68   0x2000fd68   0x000000c4   Code   RO         6283    i.xTaskResumeAll    tasks.o
    0x2000fe2c   0x2000fe2c   0x00000060   Code   RO         6593    i.xTimerCreateTimerTask  timers.o
    0x2000fe8c   0x2000fe8c   0x00000068   Code   RO         6594    i.xTimerGenericCommand  timers.o
    0x2000fef4   0x2000fef4   0x00000008   Data   RO          742    .constdata          functions.o
    0x2000fefc   0x2000fefc   0x00000028   Data   RO         1173    .constdata          main.o
    0x2000ff24   0x2000ff24   0x00000004   Data   RO         1174    .constdata          main.o
    0x2000ff28   0x2000ff28   0x00000001   Data   RO         1175    .constdata          main.o
    0x2000ff29   0x2000ff29   0x00000003   PAD
    0x2000ff2c   0x2000ff2c   0x00000004   Data   RO         1176    .constdata          main.o
    0x2000ff30   0x2000ff30   0x00000001   Data   RO         1177    .constdata          main.o
    0x2000ff31   0x2000ff31   0x00000003   PAD
    0x2000ff34   0x2000ff34   0x00000130   Data   RO         1316    .constdata          freertos.o
    0x20010064   0x20010064   0x00000008   Data   RO         2482    .constdata          stm32f4xx_hal_dma.o
    0x2001006c   0x2001006c   0x00000010   Data   RO         5600    .constdata          system_stm32f4xx.o
    0x2001007c   0x2001007c   0x00000008   Data   RO         5601    .constdata          system_stm32f4xx.o
    0x20010084   0x20010084   0x00000004   PAD
    0x20010088   0x20010088   0x00000038   Data   RO         7283    .constdata          m_wm.l(log.o)
    0x200100c0   0x200100c0   0x00000008   Data   RO         7608    .constdata          m_wm.l(qnan.o)
    0x200100c8   0x200100c8   0x00000081   Data   RO         7635    .constdata          mc_w.l(ctype_o.o)
    0x20010149   0x20010149   0x00000003   PAD
    0x2001014c   0x2001014c   0x00000004   Data   RO         7636    .constdata          mc_w.l(ctype_o.o)
    0x20010150   0x20010150   0x00000005   Data   RO           43    .conststring        command.o
    0x20010155   0x20010155   0x00000003   PAD
    0x20010158   0x20010158   0x00000088   Data   RO         1178    .conststring        main.o
    0x200101e0   0x200101e0   0x000000ca   Data   RO         1317    .conststring        freertos.o
    0x200102aa   0x200102aa   0x00000002   PAD
    0x200102ac   0x200102ac   0x00000020   Data   RO         7684    Region$$Table       anon$$obj.o


    Execution Region RW_IRAM1 (Exec base: 0x20018000, Load base: 0x200102cc, Size: 0x00005ec8, Max: 0x00017c00, ABSOLUTE, COMPRESSED[0x0000054c])

    Exec Addr    Load Addr    Size         Type   Attr      Idx    E Section Name        Object

    0x20018000   COMPRESSED   0x000000dc   Data   RW           44    .data               command.o
    0x200180dc   COMPRESSED   0x00000400   Data   RW          441    .data               common.o
    0x200184dc   COMPRESSED   0x00000088   Data   RW          743    .data               functions.o
    0x20018564   COMPRESSED   0x0000000c   Data   RW         1179    .data               main.o
    0x20018570   COMPRESSED   0x00000001   Data   RW         1180    .data               main.o
    0x20018571   COMPRESSED   0x00000007   PAD
    0x20018578   COMPRESSED   0x00000008   Data   RW         1181    .data               main.o
    0x20018580   COMPRESSED   0x00000008   Data   RW         1182    .data               main.o
    0x20018588   COMPRESSED   0x00000001   Data   RW         1183    .data               main.o
    0x20018589   COMPRESSED   0x00000001   Data   RW         1184    .data               main.o
    0x2001858a   COMPRESSED   0x00000002   PAD
    0x2001858c   COMPRESSED   0x0000005c   Data   RW         1318    .data               freertos.o
    0x200185e8   COMPRESSED   0x0000000c   Data   RW         2929    .data               stm32f4xx_hal.o
    0x200185f4   COMPRESSED   0x00000004   Data   RW         5602    .data               system_stm32f4xx.o
    0x200185f8   COMPRESSED   0x0000003c   Data   RW         6286    .data               tasks.o
    0x20018634   COMPRESSED   0x00000014   Data   RW         6602    .data               timers.o
    0x20018648   COMPRESSED   0x00000004   Data   RW         6799    .data               cmsis_os2.o
    0x2001864c   COMPRESSED   0x00000018   Data   RW         7162    .data               heap_4.o
    0x20018664   COMPRESSED   0x0000000c   Data   RW         7213    .data               port.o
    0x20018670   COMPRESSED   0x00000004   Data   RW         7665    .data               mc_w.l(errno.o)
    0x20018674        -       0x00000241   Zero   RW           42    .bss                command.o
    0x200188b5        -       0x00000400   Zero   RW          440    .bss                common.o
    0x20018cb5   COMPRESSED   0x00000003   PAD
    0x20018cb8        -       0x00000038   Zero   RW         1171    .bss                main.o
    0x20018cf0        -       0x000000a0   Zero   RW         1172    .bss                main.o
    0x20018d90        -       0x000000a8   Zero   RW         1397    .bss                i2c.o
    0x20018e38        -       0x0000000c   Zero   RW         1442    .bss                iwdg.o
    0x20018e44        -       0x00000020   Zero   RW         1474    .bss                rtc.o
    0x20018e64        -       0x00000210   Zero   RW         1521    .bss                spi.o
    0x20019074        -       0x00000040   Zero   RW         1588    .bss                tim.o
    0x200190b4        -       0x000000e0   Zero   RW         1632    .bss                usart.o
    0x20019194        -       0x00000040   Zero   RW         1815    .bss                stm32f4xx_hal_timebase_tim.o
    0x200191d4        -       0x00000020   Zero   RW         2141    .bss                stm32f4xx_hal_flash.o
    0x200191f4        -       0x00000040   Zero   RW         5869    .bss                queue.o
    0x20019234        -       0x000004c4   Zero   RW         6285    .bss                tasks.o
    0x200196f8        -       0x00000118   Zero   RW         6601    .bss                timers.o
    0x20019810        -       0x000006b8   Zero   RW         6798    .bss                cmsis_os2.o
    0x20019ec8        -       0x00003c00   Zero   RW         7161    .bss                heap_4.o
    0x2001dac8        -       0x00000400   Zero   RW            1    STACK               startup_stm32f427xx.o


    Execution Region RW_IRAM2 (Exec base: 0x2002fc00, Load base: 0x20010818, Size: 0x00000168, Max: 0x00000400, ABSOLUTE, UNINIT)

    Exec Addr    Load Addr    Size         Type   Attr      Idx    E Section Name        Object

    0x2002fc00        -       0x00000168   Zero   RW         1170    .ARM.__AT_0x2002FC00  main.o


==============================================================================

Image component sizes


      Code (inc. data)   RO Data    RW Data    ZI Data      Debug   Object Name

      1524         92          0          4       1720      29753   cmsis_os2.o
      5708       1396          5        220        577     837911   command.o
      3762       1164          0       1024       1024      23269   common.o
         0          0          0          0          0       7052   croutine.o
        44          4          0          0          0        766   dma.o
         0          0          0          0          0      20104   event_groups.o
       154          8          0          0          0       2273   flash_if.o
      8876       2152        506         92          0      12693   freertos.o
     13366       1672          8        136          0      62629   functions.o
       672         42          0          0          0       1339   gpio.o
       460         24          0         24      15360       4787   heap_4.o
       352         50          0          0        168       2382   i2c.o
        44          8          0          0         12        719   iwdg.o
       138          0          0          0          0       3558   list.o
      2134        506        186         31        576       7794   main.o
       786         82          0         12          0      11617   port.o
      2732         28          0          0         64      31873   queue.o
        76         16          0          0         32       1463   rtc.o
       856        108          0          0        528       5042   spi.o
        36          8        428          0       1024        840   startup_stm32f427xx.o
        80         14          0         12          0       8238   stm32f4xx_hal.o
       158         14          0          0          0      33166   stm32f4xx_hal_cortex.o
      1080         16          8          0          0       7374   stm32f4xx_hal_dma.o
       746         74          0          0         32       7996   stm32f4xx_hal_flash.o
       336         22          0          0          0       4205   stm32f4xx_hal_flash_ex.o
       512         60          0          0          0       3718   stm32f4xx_hal_gpio.o
      2174         52          0          0          0      12918   stm32f4xx_hal_i2c.o
       128          0          0          0          0       1867   stm32f4xx_hal_i2c_ex.o
        94          0          0          0          0       1763   stm32f4xx_hal_iwdg.o
        76          6          0          0          0        866   stm32f4xx_hal_msp.o
       112         14          0          0          0       1292   stm32f4xx_hal_pwr_ex.o
      1396         92          0          0          0       5905   stm32f4xx_hal_rcc.o
       596         36          0          0          0       1616   stm32f4xx_hal_rcc_ex.o
       916         30          0          0          0       7540   stm32f4xx_hal_rtc.o
      1194          8          0          0          0       6272   stm32f4xx_hal_spi.o
      1382         72          0          0          0      12235   stm32f4xx_hal_tim.o
       148         28          0          0          0       2465   stm32f4xx_hal_tim_ex.o
       116         16          0          0         64     770512   stm32f4xx_hal_timebase_tim.o
      1738         30          0          0          0      14395   stm32f4xx_hal_uart.o
        84         24          0          0          0       6536   stm32f4xx_it.o
         0          0          0          0          0       8876   stream_buffer.o
        24          4         24          4          0       1167   system_stm32f4xx.o
      2668        226          0         60       1220      29317   tasks.o
       248         22          0          0         64       1780   tim.o
       912         82          0         20        280      26239   timers.o
       388         54          0          0        224       3071   usart.o

    ----------------------------------------------------------------------
     59094       8356       1212       1648      22972    2049193   Object Totals
         0          0         32          0          0          0   (incl. Generated)
        68          0         15          9          3          0   (incl. Padding)

    ----------------------------------------------------------------------

      Code (inc. data)   RO Data    RW Data    ZI Data      Debug   Library Member Name

       100         28          0          0          0        372   dunder.o
       964         92         56          0          0        316   log.o
       248          0          0          0          0        152   poly.o
         0          0          8          0          0          0   qnan.o
        86          0          0          0          0          0   __dczerorl2.o
        28          0          0          0          0         68   _chval.o
       158          0          0          0          0         92   _strtoul.o
         8          4        133          0          0         68   ctype_o.o
         0          0          0          0          0          0   entry.o
         0          0          0          0          0          0   entry10a.o
         0          0          0          0          0          0   entry11a.o
         8          4          0          0          0          0   entry2.o
         4          0          0          0          0          0   entry5.o
         0          0          0          0          0          0   entry7b.o
         0          0          0          0          0          0   entry8b.o
         8          4          0          0          0          0   entry9a.o
        20         10          0          4          0        136   errno.o
        30          0          0          0          0          0   handlers.o
        36          8          0          0          0         68   init.o
         0          0          0          0          0          0   iusefp.o
        30          0          0          0          0         68   llshl.o
        36          0          0          0          0         68   llsshr.o
        32          0          0          0          0         68   llushr.o
        36          0          0          0          0         68   memcpya.o
        36          0          0          0          0        108   memseta.o
      2276         86          0          0          0        520   printfa.o
        14          0          0          0          0         68   strlen.o
        30          0          0          0          0         80   strncmp.o
       114          0          0          0          0         92   strtoul.o
        44          0          0          0          0         80   uidiv.o
        98          0          0          0          0         92   uldiv.o
        48          0          0          0          0         68   cdcmple.o
        48          0          0          0          0         68   cdrcmple.o
       334          0          0          0          0        148   dadd.o
       222          0          0          0          0        100   ddiv.o
       186          0          0          0          0        176   depilogue.o
        62          0          0          0          0         80   dfixi.o
        50          0          0          0          0         76   dfixui.o
        48          0          0          0          0         68   dfixul.o
        34          0          0          0          0         76   dflti.o
        26          0          0          0          0         76   dfltui.o
       228          0          0          0          0         96   dmul.o

    ----------------------------------------------------------------------
      5746        240        200          4          0       3616   Library Totals
        16          4          3          0          0          0   (incl. Padding)

    ----------------------------------------------------------------------

      Code (inc. data)   RO Data    RW Data    ZI Data      Debug   Library Name

      1312        120         64          0          0        840   m_wm.l
      3132        116        133          4          0       1744   mc_w.l
      1286          0          0          0          0       1032   mf_w.l

    ----------------------------------------------------------------------
      5746        240        200          4          0       3616   Library Totals

    ----------------------------------------------------------------------

==============================================================================


      Code (inc. data)   RO Data    RW Data    ZI Data      Debug   

     64840       8596       1412       1652      22972    2011737   Grand Totals
     64840       8596       1412       1356      22972    2011737   ELF Image Totals (compressed)
     64840       8596       1412       1356          0          0   ROM Totals

==============================================================================

    Total RO  Size (Code + RO Data)                66252 (  64.70kB)
    Total RW  Size (RW Data + ZI Data)             24624 (  24.05kB)
    Total ROM Size (Code + RO Data + RW Data)      67608 (  66.02kB)

==============================================================================

