Component: ARM Compiler 5.06 update 6 (build 750) Tool: armlink [4d35ed]

==============================================================================

Section Cross References

    startup_stm32f427xx.o(RESET) refers to startup_stm32f427xx.o(STACK) for __initial_sp
    startup_stm32f427xx.o(RESET) refers to startup_stm32f427xx.o(.text) for Reset_Handler
    startup_stm32f427xx.o(RESET) refers to stm32f4xx_it.o(i.NMI_Handler) for NMI_Handler
    startup_stm32f427xx.o(RESET) refers to stm32f4xx_it.o(i.HardFault_Handler) for HardFault_Handler
    startup_stm32f427xx.o(RESET) refers to stm32f4xx_it.o(i.MemManage_Handler) for MemManage_Handler
    startup_stm32f427xx.o(RESET) refers to stm32f4xx_it.o(i.BusFault_Handler) for BusFault_Handler
    startup_stm32f427xx.o(RESET) refers to stm32f4xx_it.o(i.UsageFault_Handler) for UsageFault_Handler
    startup_stm32f427xx.o(RESET) refers to port.o(.emb_text) for SVC_Handler
    startup_stm32f427xx.o(RESET) refers to stm32f4xx_it.o(i.DebugMon_Handler) for DebugMon_Handler
    startup_stm32f427xx.o(RESET) refers to port.o(i.SysTick_Handler) for SysTick_Handler
    startup_stm32f427xx.o(RESET) refers to stm32f4xx_it.o(i.FLASH_IRQHandler) for FLASH_IRQHandler
    startup_stm32f427xx.o(RESET) refers to stm32f4xx_it.o(i.EXTI0_IRQHandler) for EXTI0_IRQHandler
    startup_stm32f427xx.o(RESET) refers to stm32f4xx_it.o(i.EXTI1_IRQHandler) for EXTI1_IRQHandler
    startup_stm32f427xx.o(RESET) refers to stm32f4xx_it.o(i.TIM1_TRG_COM_TIM11_IRQHandler) for TIM1_TRG_COM_TIM11_IRQHandler
    startup_stm32f427xx.o(RESET) refers to stm32f4xx_it.o(i.USART1_IRQHandler) for USART1_IRQHandler
    startup_stm32f427xx.o(RESET) refers to stm32f4xx_it.o(i.EXTI15_10_IRQHandler) for EXTI15_10_IRQHandler
    startup_stm32f427xx.o(RESET) refers to stm32f4xx_it.o(i.TIM8_CC_IRQHandler) for TIM8_CC_IRQHandler
    startup_stm32f427xx.o(RESET) refers to stm32f4xx_it.o(i.TIM6_DAC_IRQHandler) for TIM6_DAC_IRQHandler
    startup_stm32f427xx.o(RESET) refers to stm32f4xx_it.o(i.DMA2_Stream2_IRQHandler) for DMA2_Stream2_IRQHandler
    startup_stm32f427xx.o(.text) refers to system_stm32f4xx.o(i.SystemInit) for SystemInit
    startup_stm32f427xx.o(.text) refers to entry.o(.ARM.Collect$$$$00000000) for __main
    command.o(i.Cmd_For_Debug) refers to common.o(i.Buffer_To_BE32) for Buffer_To_BE32
    command.o(i.Cmd_For_Debug) refers to functions.o(i.debug_Check_Cali) for debug_Check_Cali
    command.o(i.Cmd_For_Debug) refers to functions.o(i.debug_sw_dac) for debug_sw_dac
    command.o(i.Cmd_For_Debug) refers to functions.o(i.debug_sw_adc) for debug_sw_adc
    command.o(i.Cmd_For_Debug) refers to functions.o(i.debug_vol_adc) for debug_vol_adc
    command.o(i.Cmd_For_Debug) refers to functions.o(i.debug_tag) for debug_tag
    command.o(i.Cmd_For_Debug) refers to functions.o(i.debug_pin) for debug_pin
    command.o(i.Cmd_For_Debug) refers to functions.o(i.debug_cal_switch) for debug_cal_switch
    command.o(i.Cmd_For_Debug) refers to functions.o(i.debug_cal_tosa) for debug_cal_tosa
    command.o(i.Cmd_For_Debug) refers to functions.o(i.debug_get_tosa_val) for debug_get_tosa_val
    command.o(i.Cmd_For_Debug) refers to functions.o(i.debug_cal_il) for debug_cal_il
    command.o(i.Cmd_For_Debug) refers to functions.o(i.debug_cal_default_temp) for debug_cal_default_temp
    command.o(i.Cmd_For_Debug) refers to functions.o(i.debug_cal_rx_pd) for debug_cal_rx_pd
    command.o(i.Cmd_For_Debug) refers to functions.o(i.debug_cal_dump) for debug_cal_dump
    command.o(i.Cmd_For_Debug) refers to functions.o(i.debug_eeprom) for debug_eeprom
    command.o(i.Cmd_For_Debug) refers to functions.o(i.Reset_Log_Status) for Reset_Log_Status
    command.o(i.Cmd_For_Debug) refers to functions.o(i.Reset_Up_Status) for Reset_Up_Status
    command.o(i.Cmd_For_Debug) refers to functions.o(i.debug_test_tosa) for debug_test_tosa
    command.o(i.Cmd_For_Debug) refers to functions.o(i.debug_set_tosa) for debug_set_tosa
    command.o(i.Cmd_For_Debug) refers to functions.o(i.debug_set_tec) for debug_set_tec
    command.o(i.Cmd_For_Debug) refers to memseta.o(.text) for __aeabi_memclr
    command.o(i.Cmd_For_Debug) refers to functions.o(i.debug_get_tosa_tmp) for debug_get_tosa_tmp
    command.o(i.Cmd_For_Debug) refers to functions.o(i.debug_get_pd) for debug_get_pd
    command.o(i.Cmd_For_Debug) refers to functions.o(i.debug_set_lp) for debug_set_lp
    command.o(i.Cmd_For_Debug) refers to functions.o(i.debug_get_switch_channel) for debug_get_switch_channel
    command.o(i.Cmd_For_Debug) refers to functions.o(i.Reset_EEPROM_Alarm_Status) for Reset_EEPROM_Alarm_Status
    command.o(i.Cmd_For_Debug) refers to functions.o(i.debug_get_inter_exp) for debug_get_inter_exp
    command.o(i.Cmd_For_Debug) refers to dfltui.o(.text) for __aeabi_ui2d
    command.o(i.Cmd_For_Debug) refers to ddiv.o(.text) for __aeabi_ddiv
    command.o(i.Cmd_For_Debug) refers to command.o(.bss) for .bss
    command.o(i.Cmd_For_Debug) refers to main.o(.data) for lock_debug
[...]
    RTOS_DAC5535_Write_Nodelay               0x20008ead   Thumb Code   196  common.o(i.RTOS_DAC5535_Write_Nodelay)
    RTOS_EEPROM_Read                         0x20008fe1   Thumb Code   142  common.o(i.RTOS_EEPROM_Read)
    RTOS_EEPROM_Write                        0x200090cd   Thumb Code   142  common.o(i.RTOS_EEPROM_Write)
    RTOS_SWITCH_ADC7953_Read                 0x200091b9   Thumb Code    16  common.o(i.RTOS_SWITCH_ADC7953_Read)
    Reset_EEPROM_Alarm_Status                0x200091c9   Thumb Code    26  functions.o(i.Reset_EEPROM_Alarm_Status)
    Reset_Log_Status                         0x200091e9   Thumb Code    36  functions.o(i.Reset_Log_Status)
    Reset_Switch                             0x20009211   Thumb Code   174  functions.o(i.Reset_Switch)
    Reset_Switch_Only                        0x200092cd   Thumb Code   106  functions.o(i.Reset_Switch_Only)
    Reset_Tec_Dest_Temp                      0x20009345   Thumb Code   166  functions.o(i.Reset_Tec_Dest_Temp)
    Reset_Up_Status                          0x2000941d   Thumb Code    22  functions.o(i.Reset_Up_Status)
    Set_Alarm                                0x20009521   Thumb Code    46  functions.o(i.Set_Alarm)
    Set_Flag                                 0x20009559   Thumb Code    12  functions.o(i.Set_Flag)
    Set_Lazer_Ready                          0x20009565   Thumb Code    50  functions.o(i.Set_Lazer_Ready)
    Set_Switch                               0x200095a5   Thumb Code   520  functions.o(i.Set_Switch)
    Set_Switch_Alarm                         0x200097e1   Thumb Code    38  functions.o(i.Set_Switch_Alarm)
    Set_Switch_Ready                         0x2000980d   Thumb Code    56  functions.o(i.Set_Switch_Ready)
    Set_Threshold                            0x20009851   Thumb Code   758  functions.o(i.Set_Threshold)
    StartDefaultTask                         0x20009b75   Thumb Code     8  freertos.o(i.StartDefaultTask)
    SysTick_Handler                          0x20009b7d   Thumb Code    38  port.o(i.SysTick_Handler)
    SystemClock_Config                       0x20009ba9   Thumb Code   160  main.o(i.SystemClock_Config)
    SystemInit                               0x20009c51   Thumb Code    20  system_stm32f4xx.o(i.SystemInit)
    TIM1_TRG_COM_TIM11_IRQHandler            0x20009c69   Thumb Code     6  stm32f4xx_it.o(i.TIM1_TRG_COM_TIM11_IRQHandler)
    TIM6_DAC_IRQHandler                      0x20009c75   Thumb Code     6  stm32f4xx_it.o(i.TIM6_DAC_IRQHandler)
    TIM8_CC_IRQHandler                       0x20009c81   Thumb Code     6  stm32f4xx_it.o(i.TIM8_CC_IRQHandler)
    TIM_Base_SetConfig                       0x20009c8d   Thumb Code   156  stm32f4xx_hal_tim.o(i.TIM_Base_SetConfig)
    TIM_CCxChannelCmd                        0x20009d55   Thumb Code    26  stm32f4xx_hal_tim.o(i.TIM_CCxChannelCmd)
    TIM_TI1_SetConfig                        0x20009d71   Thumb Code   100  stm32f4xx_hal_tim.o(i.TIM_TI1_SetConfig)
    Throw_Log                                0x20009e29   Thumb Code   130  functions.o(i.Throw_Log)
    USART1_IRQHandler                        0x2000a22d   Thumb Code     6  stm32f4xx_it.o(i.USART1_IRQHandler)
    Uart_Respond                             0x2000a239   Thumb Code   126  command.o(i.Uart_Respond)
    Update_EEPROM_Alarm_Status               0x2000a2f1   Thumb Code    40  functions.o(i.Update_EEPROM_Alarm_Status)
    Update_History_Alarm                     0x2000a319   Thumb Code   118  functions.o(i.Update_History_Alarm)
    Update_Log_Status                        0x2000a39d   Thumb Code    88  functions.o(i.Update_Log_Status)
    Update_Tec_Dest_Temp                     0x2000a3f9   Thumb Code   224  functions.o(i.Update_Tec_Dest_Temp)
    Update_Up_Status                         0x2000a4f1   Thumb Code    84  functions.o(i.Update_Up_Status)
    UsageFault_Handler                       0x2000a545   Thumb Code     2  stm32f4xx_it.o(i.UsageFault_Handler)
    __0sprintf                               0x2000a549   Thumb Code    34  printfa.o(i.__0sprintf)
    __1sprintf                               0x2000a549   Thumb Code     0  printfa.o(i.__0sprintf)
    __2sprintf                               0x2000a549   Thumb Code     0  printfa.o(i.__0sprintf)
    __c89sprintf                             0x2000a549   Thumb Code     0  printfa.o(i.__0sprintf)
    sprintf                                  0x2000a549   Thumb Code     0  printfa.o(i.__0sprintf)
    __aeabi_errno_addr                       0x2000a5b5   Thumb Code     4  errno.o(i.__aeabi_errno_addr)
    __rt_errno_addr                          0x2000a5b5   Thumb Code     0  errno.o(i.__aeabi_errno_addr)
    __hardfp_log                             0x2000a5c1   Thumb Code   872  log.o(i.__hardfp_log)
    __kernel_poly                            0x2000a985   Thumb Code   248  poly.o(i.__kernel_poly)
    __mathlib_dbl_divzero                    0x2000aa81   Thumb Code    28  dunder.o(i.__mathlib_dbl_divzero)
    __mathlib_dbl_infnan                     0x2000aab1   Thumb Code    20  dunder.o(i.__mathlib_dbl_infnan)
    __mathlib_dbl_invalid                    0x2000aac9   Thumb Code    24  dunder.o(i.__mathlib_dbl_invalid)
    __scatterload_copy                       0x2000aae9   Thumb Code    14  handlers.o(i.__scatterload_copy)
    __scatterload_null                       0x2000aaf7   Thumb Code     2  handlers.o(i.__scatterload_null)
    __scatterload_zeroinit                   0x2000aaf9   Thumb Code    14  handlers.o(i.__scatterload_zeroinit)
    __set_errno                              0x2000ab09   Thumb Code     6  errno.o(i.__set_errno)
    cal_tap_pd_by_power                      0x2000b3d1   Thumb Code   314  functions.o(i.cal_tap_pd_by_power)
    cmdProcessTask                           0x2000b515   Thumb Code   106  freertos.o(i.cmdProcessTask)
    debug_Check_Cali                         0x2000b5bd   Thumb Code    80  functions.o(i.debug_Check_Cali)
    debug_cal_default_temp                   0x2000b611   Thumb Code    22  functions.o(i.debug_cal_default_temp)
    debug_cal_dump                           0x2000b629   Thumb Code   176  functions.o(i.debug_cal_dump)
    debug_cal_il                             0x2000b6dd   Thumb Code    66  functions.o(i.debug_cal_il)
    debug_cal_rx_pd                          0x2000b71f   Thumb Code    56  functions.o(i.debug_cal_rx_pd)
    debug_cal_switch                         0x2000b757   Thumb Code   120  functions.o(i.debug_cal_switch)
    debug_cal_tosa                           0x2000b7cf   Thumb Code    94  functions.o(i.debug_cal_tosa)
    debug_eeprom                             0x2000b82d   Thumb Code    40  functions.o(i.debug_eeprom)
    debug_get_inter_exp                      0x2000b859   Thumb Code    16  functions.o(i.debug_get_inter_exp)
    debug_get_pd                             0x2000b871   Thumb Code    96  functions.o(i.debug_get_pd)
    debug_get_switch_channel                 0x2000b8dd   Thumb Code    70  functions.o(i.debug_get_switch_channel)
    debug_get_tosa_tmp                       0x2000b929   Thumb Code   586  functions.o(i.debug_get_tosa_tmp)
    debug_get_tosa_val                       0x2000bbc9   Thumb Code   140  functions.o(i.debug_get_tosa_val)
    debug_pin                                0x2000bc65   Thumb Code    74  functions.o(i.debug_pin)
    debug_set_lp                             0x2000bcc1   Thumb Code    86  functions.o(i.debug_set_lp)
    debug_set_tec                            0x2000bd1d   Thumb Code    20  functions.o(i.debug_set_tec)
    debug_set_tosa                           0x2000bd31   Thumb Code    24  functions.o(i.debug_set_tosa)
    debug_sw_adc                             0x2000bd4d   Thumb Code   128  functions.o(i.debug_sw_adc)
    debug_sw_dac                             0x2000bdd5   Thumb Code    18  functions.o(i.debug_sw_dac)
    debug_tag                                0x2000bde9   Thumb Code   132  functions.o(i.debug_tag)
    debug_test_tosa                          0x2000be75   Thumb Code    68  functions.o(i.debug_test_tosa)
    debug_vol_adc                            0x2000bebd   Thumb Code    32  functions.o(i.debug_vol_adc)
    get_32_from_eeprom                       0x2000bee1   Thumb Code    20  common.o(i.get_32_from_eeprom)
    get_rx_pd_power                          0x2000bef5   Thumb Code   344  functions.o(i.get_rx_pd_power)
    get_tap_pd_power                         0x2000c059   Thumb Code   268  functions.o(i.get_tap_pd_power)
    isrTask                                  0x2000c171   Thumb Code   626  freertos.o(i.isrTask)
    lazerManagerTask                         0x2000c4cd   Thumb Code  1774  freertos.o(i.lazerManagerTask)
    logTask                                  0x2000ccf5   Thumb Code   646  freertos.o(i.logTask)
    main                                     0x2000cfa5   Thumb Code   180  main.o(i.main)
    monitorTask                              0x2000d075   Thumb Code  3450  freertos.o(i.monitorTask)
    my_abs                                   0x2000df65   Thumb Code    44  common.o(i.my_abs)
    osDelay                                  0x2000df95   Thumb Code    46  cmsis_os2.o(i.osDelay)
    osKernelInitialize                       0x2000dfc9   Thumb Code    50  cmsis_os2.o(i.osKernelInitialize)
    osKernelStart                            0x2000e001   Thumb Code    58  cmsis_os2.o(i.osKernelStart)
    osMessageQueueGet                        0x2000e041   Thumb Code   116  cmsis_os2.o(i.osMessageQueueGet)
    osMessageQueueGetCount                   0x2000e0bd   Thumb Code    40  cmsis_os2.o(i.osMessageQueueGetCount)
    osMessageQueueNew                        0x2000e0e9   Thumb Code   110  cmsis_os2.o(i.osMessageQueueNew)
    osMessageQueuePut                        0x2000e15d   Thumb Code   120  cmsis_os2.o(i.osMessageQueuePut)
    osMutexAcquire                           0x2000e1dd   Thumb Code   104  cmsis_os2.o(i.osMutexAcquire)
    osMutexNew                               0x2000e249   Thumb Code   124  cmsis_os2.o(i.osMutexNew)
    osMutexRelease                           0x2000e2c9   Thumb Code    88  cmsis_os2.o(i.osMutexRelease)
    osSemaphoreAcquire                       0x2000e325   Thumb Code   108  cmsis_os2.o(i.osSemaphoreAcquire)
    osSemaphoreNew                           0x2000e399   Thumb Code   172  cmsis_os2.o(i.osSemaphoreNew)
    osSemaphoreRelease                       0x2000e449   Thumb Code   102  cmsis_os2.o(i.osSemaphoreRelease)
    osThreadNew                              0x2000e4b9   Thumb Code   160  cmsis_os2.o(i.osThreadNew)
    pvPortMalloc                             0x2000ecb9   Thumb Code   210  heap_4.o(i.pvPortMalloc)
    pvTaskIncrementMutexHeldCount            0x2000ed91   Thumb Code    18  tasks.o(i.pvTaskIncrementMutexHeldCount)
    pxPortInitialiseStack                    0x2000eda9   Thumb Code    40  port.o(i.pxPortInitialiseStack)
    set_sw_dac                               0x2000edd5   Thumb Code   174  functions.o(i.set_sw_dac)
    set_sw_dac_2                             0x2000ee89   Thumb Code   118  functions.o(i.set_sw_dac_2)
    swIsrTask                                0x2000ef05   Thumb Code   148  freertos.o(i.swIsrTask)
    switch_endian                            0x2000efa5   Thumb Code     4  common.o(i.switch_endian)
    switch_endian_16                         0x2000efa9   Thumb Code     4  common.o(i.switch_endian_16)
    uartProcessTask                          0x2000efad   Thumb Code   488  freertos.o(i.uartProcessTask)
    ulTaskNotifyTake                         0x2000f255   Thumb Code    96  tasks.o(i.ulTaskNotifyTake)
    update_tosa_table                        0x2000f2bd   Thumb Code   326  functions.o(i.update_tosa_table)
    uxListRemove                             0x2000f43d   Thumb Code    38  list.o(i.uxListRemove)
    uxQueueMessagesWaiting                   0x2000f463   Thumb Code    36  queue.o(i.uxQueueMessagesWaiting)
    uxQueueMessagesWaitingFromISR            0x2000f487   Thumb Code    22  queue.o(i.uxQueueMessagesWaitingFromISR)
    vApplicationGetIdleTaskMemory            0x2000f49d   Thumb Code    16  cmsis_os2.o(i.vApplicationGetIdleTaskMemory)
    vApplicationGetTimerTaskMemory           0x2000f4b1   Thumb Code    18  cmsis_os2.o(i.vApplicationGetTimerTaskMemory)
    vListInitialise                          0x2000f4c9   Thumb Code    22  list.o(i.vListInitialise)
    vListInitialiseItem                      0x2000f4df   Thumb Code     6  list.o(i.vListInitialiseItem)
    vListInsert                              0x2000f4e5   Thumb Code    48  list.o(i.vListInsert)
    vListInsertEnd                           0x2000f515   Thumb Code    24  list.o(i.vListInsertEnd)
    vPortEnterCritical                       0x2000f52d   Thumb Code    54  port.o(i.vPortEnterCritical)
    vPortExitCritical                        0x2000f56d   Thumb Code    34  port.o(i.vPortExitCritical)
    vPortFree                                0x2000f595   Thumb Code    88  heap_4.o(i.vPortFree)
    vPortSetupTimerInterrupt                 0x2000f5f1   Thumb Code    32  port.o(i.vPortSetupTimerInterrupt)
    vPortValidateInterruptPriority           0x2000f615   Thumb Code    74  port.o(i.vPortValidateInterruptPriority)
    vQueueAddToRegistry                      0x2000f669   Thumb Code    34  queue.o(i.vQueueAddToRegistry)
    vQueueDelete                             0x2000f691   Thumb Code    46  queue.o(i.vQueueDelete)
    vQueueUnregisterQueue                    0x2000f6c1   Thumb Code    36  queue.o(i.vQueueUnregisterQueue)
    vQueueWaitForMessageRestricted           0x2000f6e9   Thumb Code    68  queue.o(i.vQueueWaitForMessageRestricted)
    vTaskDelay                               0x2000f72d   Thumb Code    66  tasks.o(i.vTaskDelay)
    vTaskInternalSetTimeOutState             0x2000f779   Thumb Code    12  tasks.o(i.vTaskInternalSetTimeOutState)
    vTaskMissedYield                         0x2000f789   Thumb Code     8  tasks.o(i.vTaskMissedYield)
    vTaskPlaceOnEventList                    0x2000f795   Thumb Code    44  tasks.o(i.vTaskPlaceOnEventList)
    vTaskPlaceOnEventListRestricted          0x2000f7c5   Thumb Code    52  tasks.o(i.vTaskPlaceOnEventListRestricted)
    vTaskPriorityDisinheritAfterTimeout      0x2000f7fd   Thumb Code   134  tasks.o(i.vTaskPriorityDisinheritAfterTimeout)
    vTaskStartScheduler                      0x2000f88d   Thumb Code   118  tasks.o(i.vTaskStartScheduler)
    vTaskSuspendAll                          0x2000f915   Thumb Code    10  tasks.o(i.vTaskSuspendAll)
    vTaskSwitchContext                       0x2000f925   Thumb Code    90  tasks.o(i.vTaskSwitchContext)
    watchdogTask                             0x2000f989   Thumb Code    18  freertos.o(i.watchdogTask)
    write_32_to_eeprom                       0x2000f9a1   Thumb Code    16  common.o(i.write_32_to_eeprom)
    xPortStartScheduler                      0x2000f9b1   Thumb Code   222  port.o(i.xPortStartScheduler)
    xQueueCreateCountingSemaphore            0x2000faa5   Thumb Code    58  queue.o(i.xQueueCreateCountingSemaphore)
    xQueueCreateCountingSemaphoreStatic      0x2000fadf   Thumb Code    64  queue.o(i.xQueueCreateCountingSemaphoreStatic)
    xQueueCreateMutex                        0x2000fb1f   Thumb Code    22  queue.o(i.xQueueCreateMutex)
    xQueueCreateMutexStatic                  0x2000fb35   Thumb Code    26  queue.o(i.xQueueCreateMutexStatic)
    xQueueGenericCreate                      0x2000fb4f   Thumb Code    72  queue.o(i.xQueueGenericCreate)
    xQueueGenericCreateStatic                0x2000fb97   Thumb Code   102  queue.o(i.xQueueGenericCreateStatic)
    xQueueGenericReset                       0x2000fbfd   Thumb Code   132  queue.o(i.xQueueGenericReset)
    xQueueGenericSend                        0x2000fc85   Thumb Code   346  queue.o(i.xQueueGenericSend)
    xQueueGenericSendFromISR                 0x2000fde5   Thumb Code   188  queue.o(i.xQueueGenericSendFromISR)
    xQueueGiveFromISR                        0x2000fea1   Thumb Code   156  queue.o(i.xQueueGiveFromISR)
    xQueueGiveMutexRecursive                 0x2000ff3d   Thumb Code    62  queue.o(i.xQueueGiveMutexRecursive)
    xQueueReceive                            0x2000ff7d   Thumb Code   308  queue.o(i.xQueueReceive)
    xQueueReceiveFromISR                     0x200100b5   Thumb Code   154  queue.o(i.xQueueReceiveFromISR)
    xQueueSemaphoreTake                      0x20010151   Thumb Code   372  queue.o(i.xQueueSemaphoreTake)
    xQueueTakeMutexRecursive                 0x200102c9   Thumb Code    64  queue.o(i.xQueueTakeMutexRecursive)
    xTaskCheckForTimeOut                     0x20010309   Thumb Code   112  tasks.o(i.xTaskCheckForTimeOut)
    xTaskCreate                              0x2001037d   Thumb Code    90  tasks.o(i.xTaskCreate)
    xTaskCreateStatic                        0x200103d7   Thumb Code    86  tasks.o(i.xTaskCreateStatic)
    xTaskGenericNotify                       0x2001042d   Thumb Code   188  tasks.o(i.xTaskGenericNotify)
    xTaskGetCurrentTaskHandle                0x200104f5   Thumb Code     6  tasks.o(i.xTaskGetCurrentTaskHandle)
    xTaskGetSchedulerState                   0x20010501   Thumb Code    22  tasks.o(i.xTaskGetSchedulerState)
    xTaskGetTickCount                        0x2001051d   Thumb Code     6  tasks.o(i.xTaskGetTickCount)
    xTaskIncrementTick                       0x20010529   Thumb Code   190  tasks.o(i.xTaskIncrementTick)
    xTaskPriorityDisinherit                  0x200105f1   Thumb Code   118  tasks.o(i.xTaskPriorityDisinherit)
    xTaskPriorityInherit                     0x20010671   Thumb Code   112  tasks.o(i.xTaskPriorityInherit)
    xTaskRemoveFromEventList                 0x200106e9   Thumb Code    98  tasks.o(i.xTaskRemoveFromEventList)
    xTaskResumeAll                           0x20010759   Thumb Code   182  tasks.o(i.xTaskResumeAll)
    xTimerCreateTimerTask                    0x2001081d   Thumb Code    78  timers.o(i.xTimerCreateTimerTask)
    xTimerGenericCommand                     0x2001087d   Thumb Code    98  timers.o(i.xTimerGenericCommand)
    error_file_flash_addr                    0x20010cec   Data          28  main.o(.constdata)
    normal_file_flash_addr                   0x20010d08   Data          12  main.o(.constdata)
    error_file_flash_end                     0x20010d14   Data           4  main.o(.constdata)
    error_file_flash_count                   0x20010d18   Data           1  main.o(.constdata)
    normal_file_flash_end                    0x20010d1c   Data           4  main.o(.constdata)
    normal_file_flash_count                  0x20010d20   Data           1  main.o(.constdata)
    Thread_Mutex_attr                        0x20010d24   Data          16  freertos.o(.constdata)
    cmdProcessTask_attributes                0x20010d34   Data          36  freertos.o(.constdata)
    uartProcessTask_attributes               0x20010d58   Data          36  freertos.o(.constdata)
    watchdogTask_attributes                  0x20010d7c   Data          36  freertos.o(.constdata)
    isrTask_attributes                       0x20010da0   Data          36  freertos.o(.constdata)
    swIsrTask_attributes                     0x20010dc4   Data          36  freertos.o(.constdata)
    logTask_attributes                       0x20010de8   Data          36  freertos.o(.constdata)
    monTask_attributes                       0x20010e0c   Data          36  freertos.o(.constdata)
    lazerManagerTask_attributes              0x20010e30   Data          36  freertos.o(.constdata)
    defaultTask_attributes                   0x20010e54   Data          36  freertos.o(.constdata)
    AHBPrescTable                            0x20010e80   Data          16  system_stm32f4xx.o(.constdata)
    APBPrescTable                            0x20010e90   Data           8  system_stm32f4xx.o(.constdata)
    __mathlib_zero                           0x20010ed0   Data           8  qnan.o(.constdata)
    __ctype_table                            0x20010ed8   Data         129  ctype_o.o(.constdata)
    Region$$Table$$Base                      0x200110dc   Number         0  anon$$obj.o(Region$$Table)
    Region$$Table$$Limit                     0x200110fc   Number         0  anon$$obj.o(Region$$Table)
    fw_version                               0x20018000   Data           4  command.o(.data)
    hw_version                               0x20018004   Data           5  command.o(.data)
    command_list                             0x2001800c   Data         272  command.o(.data)
    channel_map_count                        0x2001811c   Data           4  functions.o(.data)
    channel_map                              0x20018120   Data          60  functions.o(.data)
    switch_map                               0x2001815c   Data          72  functions.o(.data)
    reset_flag                               0x200181a4   Data           1  main.o(.data)
    flash_in_use                             0x200181a5   Data           1  main.o(.data)
    history_alarm_status                     0x200181a8   Data           8  main.o(.data)
    tosa_table_count                         0x200181b0   Data           1  main.o(.data)
    tosa_power_high_max_thr                  0x200181b8   Data           8  main.o(.data)
    tosa_power_low_min_thr                   0x200181c0   Data           8  main.o(.data)
    device_busy                              0x200181c8   Data           1  main.o(.data)
    allow_tosa                               0x200181c9   Data           1  main.o(.data)
    enable_tosa_failed                       0x200181ca   Data           1  main.o(.data)
    lock_debug                               0x200181cb   Data           1  main.o(.data)
    uart_sync                                0x200181cc   Data           2  freertos.o(.data)
    uartProcessSemaphore                     0x200181d0   Data           4  freertos.o(.data)
    cmdProcessSemaphore                      0x200181d4   Data           4  freertos.o(.data)
    switchSemaphore                          0x200181d8   Data           4  freertos.o(.data)
    logEraseSemaphore                        0x200181dc   Data           4  freertos.o(.data)
    mid_LogMsg                               0x200181e0   Data           4  freertos.o(.data)
    mid_ISR                                  0x200181e4   Data           4  freertos.o(.data)
    mid_SwISR                                0x200181e8   Data           4  freertos.o(.data)
    mid_LazerManager                         0x200181ec   Data           4  freertos.o(.data)
    mid_CmdProcess                           0x200181f0   Data           4  freertos.o(.data)
    i2c1Mutex                                0x200181f4   Data           4  freertos.o(.data)
    i2c2Mutex                                0x200181f8   Data           4  freertos.o(.data)
    spi2Mutex                                0x200181fc   Data           4  freertos.o(.data)
    spi3Mutex                                0x20018200   Data           4  freertos.o(.data)
    spi4Mutex                                0x20018204   Data           4  freertos.o(.data)
    spi5Mutex                                0x20018208   Data           4  freertos.o(.data)
    spi6Mutex                                0x2001820c   Data           4  freertos.o(.data)
    swMutex                                  0x20018210   Data           4  freertos.o(.data)
    cmdProcessTaskHandle                     0x20018214   Data           4  freertos.o(.data)
    uartProcessTaskHandle                    0x20018218   Data           4  freertos.o(.data)
    watchdogTaskHandle                       0x2001821c   Data           4  freertos.o(.data)
    isrTaskHandle                            0x20018220   Data           4  freertos.o(.data)
    swIsrTaskHandle                          0x20018224   Data           4  freertos.o(.data)
    logTaskHandle                            0x20018228   Data           4  freertos.o(.data)
    monTaskHandle                            0x2001822c   Data           4  freertos.o(.data)
    lazerManagerTaskHandle                   0x20018230   Data           4  freertos.o(.data)
    defaultTaskHandle                        0x20018234   Data           4  freertos.o(.data)
    uwTickFreq                               0x20018238   Data           1  stm32f4xx_hal.o(.data)
    uwTickPrio                               0x2001823c   Data           4  stm32f4xx_hal.o(.data)
    uwTick                                   0x20018240   Data           4  stm32f4xx_hal.o(.data)
    SystemCoreClock                          0x20018244   Data           4  system_stm32f4xx.o(.data)
    pxCurrentTCB                             0x20018248   Data           4  tasks.o(.data)
    resp_buf                                 0x200182c4   Data         262  command.o(.bss)
    trans_buf                                0x200183ca   Data         259  command.o(.bss)
    up_state                                 0x200184d0   Data          36  command.o(.bss)
    pn                                       0x200184f4   Data          17  command.o(.bss)
    debug_buf                                0x20018505   Data        1024  common.o(.bss)
    upgrade_status                           0x20018908   Data          24  main.o(.bss)
    log_file_state                           0x20018920   Data          32  main.o(.bss)
    sw_tim_control                           0x20018940   Data          32  main.o(.bss)
    tim_isr_msg                              0x20018960   Data          12  main.o(.bss)
    pro_isr_msg                              0x2001896c   Data          12  main.o(.bss)
    tosa_table                               0x20018978   Data         240  main.o(.bss)
    hi2c1                                    0x20018a68   Data          84  i2c.o(.bss)
    hi2c2                                    0x20018abc   Data          84  i2c.o(.bss)
    hiwdg                                    0x20018b10   Data          12  iwdg.o(.bss)
    hrtc                                     0x20018b1c   Data          32  rtc.o(.bss)
    hspi1                                    0x20018b3c   Data          88  spi.o(.bss)
    hspi2                                    0x20018b94   Data          88  spi.o(.bss)
    hspi3                                    0x20018bec   Data          88  spi.o(.bss)
    hspi4                                    0x20018c44   Data          88  spi.o(.bss)
    hspi5                                    0x20018c9c   Data          88  spi.o(.bss)
    hspi6                                    0x20018cf4   Data          88  spi.o(.bss)
    htim6                                    0x20018d4c   Data          64  tim.o(.bss)
    htim8                                    0x20018d8c   Data          64  tim.o(.bss)
    huart1                                   0x20018dcc   Data          64  usart.o(.bss)
    huart3                                   0x20018e0c   Data          64  usart.o(.bss)
    hdma_usart1_rx                           0x20018e4c   Data          96  usart.o(.bss)
    htim11                                   0x20018eac   Data          64  stm32f4xx_hal_timebase_tim.o(.bss)
    pFlash                                   0x20018eec   Data          32  stm32f4xx_hal_flash.o(.bss)
    xQueueRegistry                           0x20018f0c   Data          64  queue.o(.bss)
    __initial_sp                             0x2001dbe0   Data           0  startup_stm32f427xx.o(STACK)
    run_status                               0x2002fc00   Data         384  main.o(.ARM.__AT_0x2002FC00)



==============================================================================

Memory Map of the image

  Image Entry point : 0x200001ad

  Load Region LR_IROM2 (Base: 0x20000000, Size: 0x000113c0, Max: 0x00018000, ABSOLUTE, COMPRESSED[0x00011278])

    Execution Region ER_IROM2 (Exec base: 0x20000000, Load base: 0x20000000, Size: 0x000110fc, Max: 0x00018000, ABSOLUTE)

    Exec Addr    Load Addr    Size         Type   Attr      Idx    E Section Name        Object

    0x20000000   0x20000000   0x000001ac   Data   RO            3    RESET               startup_stm32f427xx.o
    0x200001ac   0x200001ac   0x00000000   Code   RO         7242  * .ARM.Collect$$$$00000000  mc_w.l(entry.o)
    0x200001ac   0x200001ac   0x00000004   Code   RO         7557    .ARM.Collect$$$$00000001  mc_w.l(entry2.o)
    0x200001b0   0x200001b0   0x00000004   Code   RO         7560    .ARM.Collect$$$$00000004  mc_w.l(entry5.o)
    0x200001b4   0x200001b4   0x00000000   Code   RO         7562    .ARM.Collect$$$$00000008  mc_w.l(entry7b.o)
    0x200001b4   0x200001b4   0x00000000   Code   RO         7564    .ARM.Collect$$$$0000000A  mc_w.l(entry8b.o)
    0x200001b4   0x200001b4   0x00000008   Code   RO         7565    .ARM.Collect$$$$0000000B  mc_w.l(entry9a.o)
    0x200001bc   0x200001bc   0x00000000   Code   RO         7567    .ARM.Collect$$$$0000000D  mc_w.l(entry10a.o)
    0x200001bc   0x200001bc   0x00000000   Code   RO         7569    .ARM.Collect$$$$0000000F  mc_w.l(entry11a.o)
    0x200001bc   0x200001bc   0x00000004   Code   RO         7558    .ARM.Collect$$$$00002712  mc_w.l(entry2.o)
    0x200001c0   0x200001c0   0x000000be   Code   RO         7151    .emb_text           port.o
    0x2000027e   0x2000027e   0x00000002   PAD
    0x20000280   0x20000280   0x00000024   Code   RO            4    .text               startup_stm32f427xx.o
    0x200002a4   0x200002a4   0x00000062   Code   RO         7245    .text               mc_w.l(uldiv.o)
    0x20000306   0x20000306   0x00000024   Code   RO         7247    .text               mc_w.l(memcpya.o)
    0x2000032a   0x2000032a   0x00000024   Code   RO         7251    .text               mc_w.l(memseta.o)
    0x2000034e   0x2000034e   0x0000000e   Code   RO         7253    .text               mc_w.l(strlen.o)
    0x2000035c   0x2000035c   0x0000001e   Code   RO         7255    .text               mc_w.l(strncmp.o)
    0x2000037a   0x2000037a   0x00000072   Code   RO         7520    .text               mc_w.l(strtoul.o)
    0x200003ec   0x200003ec   0x0000014e   Code   RO         7522    .text               mf_w.l(dadd.o)
    0x2000053a   0x2000053a   0x000000e4   Code   RO         7524    .text               mf_w.l(dmul.o)
    0x2000061e   0x2000061e   0x000000de   Code   RO         7526    .text               mf_w.l(ddiv.o)
    0x200006fc   0x200006fc   0x00000022   Code   RO         7528    .text               mf_w.l(dflti.o)
    0x2000071e   0x2000071e   0x0000001a   Code   RO         7530    .text               mf_w.l(dfltui.o)
    0x20000738   0x20000738   0x0000003e   Code   RO         7532    .text               mf_w.l(dfixi.o)
    0x20000776   0x20000776   0x00000032   Code   RO         7534    .text               mf_w.l(dfixui.o)
    0x200007a8   0x200007a8   0x00000030   Code   RO         7536    .text               mf_w.l(cdcmple.o)
    0x200007d8   0x200007d8   0x00000030   Code   RO         7538    .text               mf_w.l(cdrcmple.o)
    0x20000808   0x20000808   0x0000002c   Code   RO         7574    .text               mc_w.l(uidiv.o)
    0x20000834   0x20000834   0x0000001e   Code   RO         7576    .text               mc_w.l(llshl.o)
    0x20000852   0x20000852   0x00000020   Code   RO         7578    .text               mc_w.l(llushr.o)
    0x20000872   0x20000872   0x00000024   Code   RO         7580    .text               mc_w.l(llsshr.o)
    0x20000896   0x20000896   0x00000002   PAD
    0x20000898   0x20000898   0x00000008   Code   RO         7582    .text               mc_w.l(ctype_o.o)
    0x200008a0   0x200008a0   0x0000009e   Code   RO         7617    .text               mc_w.l(_strtoul.o)
    0x2000093e   0x2000093e   0x00000000   Code   RO         7619    .text               mc_w.l(iusefp.o)
    0x2000093e   0x2000093e   0x000000ba   Code   RO         7620    .text               mf_w.l(depilogue.o)
    0x200009f8   0x200009f8   0x00000030   Code   RO         7624    .text               mf_w.l(dfixul.o)
    0x20000a28   0x20000a28   0x00000024   Code   RO         7626    .text               mc_w.l(init.o)
    0x20000a4c   0x20000a4c   0x0000001c   Code   RO         7629    .text               mc_w.l(_chval.o)
    0x20000a68   0x20000a68   0x00000056   Code   RO         7640    .text               mc_w.l(__dczerorl2.o)
    0x20000abe   0x20000abe   0x00000008   Code   RO          458    i.BE16_To_Buffer    common.o
    0x20000ac6   0x20000ac6   0x00000010   Code   RO          459    i.BE32_To_Buffer    common.o
    0x20000ad6   0x20000ad6   0x00000006   Code   RO          460    i.Buffer_To_BE16    common.o
    0x20000adc   0x20000adc   0x0000000e   Code   RO          461    i.Buffer_To_BE32    common.o
    0x20000aea   0x20000aea   0x00000002   Code   RO         1757    i.BusFault_Handler  stm32f4xx_it.o
    0x20000aec   0x20000aec   0x00000028   Code   RO          462    i.Cal_CRC32         common.o
    0x20000b14   0x20000b14   0x00000028   Code   RO          463    i.Cal_CRC32_2       common.o
    0x20000b3c   0x20000b3c   0x00000018   Code   RO          464    i.Cal_Check         common.o
    0x20000b54   0x20000b54   0x000000c0   Code   RO          712    i.Cal_Temp          functions.o
    0x20000c14   0x20000c14   0x000001b8   Code   RO          713    i.Cal_Tosa_Data     functions.o
    0x20000dcc   0x20000dcc   0x00000130   Code   RO          714    i.Cal_Tosa_Temp     functions.o
    0x20000efc   0x20000efc   0x0000034c   Code   RO          715    i.Cali_Power        functions.o
    0x20001248   0x20001248   0x0000007c   Code   RO          716    i.Check_Cali        functions.o
    0x200012c4   0x200012c4   0x00000038   Code   RO         1198    i.Clear_Alarm       functions.o
    0x200012fc   0x200012fc   0x0000000c   Code   RO          717    i.Clear_Flag        functions.o
    0x20001308   0x20001308   0x00000040   Code   RO          718    i.Clear_Lazer_Ready  functions.o
    0x20001348   0x20001348   0x0000002c   Code   RO          719    i.Clear_Switch_Alarm  functions.o
    0x20001374   0x20001374   0x00000016   Code   RO          720    i.Clear_Switch_Dac  functions.o
    0x2000138a   0x2000138a   0x00000002   PAD
    0x2000138c   0x2000138c   0x00000044   Code   RO          721    i.Clear_Switch_Ready  functions.o
    0x200013d0   0x200013d0   0x00000368   Code   RO           13    i.Cmd_For_Debug     command.o
    0x20001738   0x20001738   0x000000a0   Code   RO           14    i.Cmd_Get_IL        command.o
    0x200017d8   0x200017d8   0x000000d4   Code   RO           15    i.Cmd_Get_Switch    command.o
    0x200018ac   0x200018ac   0x000000ac   Code   RO           16    i.Cmd_Get_Temperature  command.o
    0x20001958   0x20001958   0x00000058   Code   RO           17    i.Cmd_Get_Time      command.o
    0x200019b0   0x200019b0   0x00000028   Code   RO           18    i.Cmd_Get_Version   command.o
    0x200019d8   0x200019d8   0x00000208   Code   RO           19    i.Cmd_LOG_Content   command.o
    0x20001be0   0x20001be0   0x00000084   Code   RO           20    i.Cmd_LOG_Size      command.o
    0x20001c64   0x20001c64   0x00000030   Code   RO           21    i.Cmd_Loopback_Result  command.o
    0x20001c94   0x20001c94   0x000000d0   Code   RO           22    i.Cmd_Loopback_Test  command.o
    0x20001d64   0x20001d64   0x00000070   Code   RO           23    i.Cmd_Performance   command.o
    0x20001dd4   0x20001dd4   0x000000d4   Code   RO           24    i.Cmd_Process       command.o
    0x20001ea8   0x20001ea8   0x0000002c   Code   RO           25    i.Cmd_Query_Alarm   command.o
    0x20001ed4   0x20001ed4   0x000000bc   Code   RO           26    i.Cmd_Query_Alarm_History  command.o
    0x20001f90   0x20001f90   0x00000024   Code   RO           27    i.Cmd_Query_MDate   command.o
    0x20001fb4   0x20001fb4   0x00000020   Code   RO           28    i.Cmd_Query_Modulation  command.o
    0x20001fd4   0x20001fd4   0x00000024   Code   RO           29    i.Cmd_Query_PN      command.o
    0x20001ff8   0x20001ff8   0x00000024   Code   RO           30    i.Cmd_Query_SN      command.o
    0x2000201c   0x2000201c   0x00000020   Code   RO           31    i.Cmd_Query_Status  command.o
    0x2000203c   0x2000203c   0x00000034   Code   RO           32    i.Cmd_Query_Threshold  command.o
    0x20002070   0x20002070   0x0000006c   Code   RO           33    i.Cmd_Query_Tosa    command.o
    0x200020dc   0x200020dc   0x00000088   Code   RO           34    i.Cmd_Query_Tosa_Thr  command.o
    0x20002164   0x20002164   0x00000024   Code   RO           35    i.Cmd_Query_Vendor  command.o
    0x20002188   0x20002188   0x00000064   Code   RO           36    i.Cmd_RX_PD_CALI    command.o
    0x200021ec   0x200021ec   0x00000060   Code   RO           37    i.Cmd_Set_Modulation  command.o
    0x2000224c   0x2000224c   0x000002bc   Code   RO           38    i.Cmd_Set_Switch    command.o
    0x20002508   0x20002508   0x00000054   Code   RO           39    i.Cmd_Set_Threshold  command.o
    0x2000255c   0x2000255c   0x000000a0   Code   RO           40    i.Cmd_Set_Time      command.o
    0x200025fc   0x200025fc   0x00000108   Code   RO           41    i.Cmd_Set_Tosa      command.o
    0x20002704   0x20002704   0x0000001c   Code   RO           42    i.Cmd_Softreset     command.o
    0x20002720   0x20002720   0x00000104   Code   RO           43    i.Cmd_TAP_PD_CALI   command.o
    0x20002824   0x20002824   0x00000350   Code   RO           44    i.Cmd_Upgrade_Data  command.o
    0x20002b74   0x20002b74   0x00000024   Code   RO           45    i.Cmd_Upgrade_Init  command.o
    0x20002b98   0x20002b98   0x000001e0   Code   RO           46    i.Cmd_Upgrade_Install  command.o
    0x20002d78   0x20002d78   0x000001f4   Code   RO           47    i.Cmd_Voltage       command.o
    0x20002f6c   0x20002f6c   0x0000000c   Code   RO         1758    i.DMA2_Stream2_IRQHandler  stm32f4xx_it.o
    0x20002f78   0x20002f78   0x00000028   Code   RO         2443    i.DMA_CalcBaseAndBitshift  stm32f4xx_hal_dma.o
    0x20002fa0   0x20002fa0   0x00000054   Code   RO         2444    i.DMA_CheckFifoParam  stm32f4xx_hal_dma.o
    0x20002ff4   0x20002ff4   0x00000028   Code   RO         2445    i.DMA_SetConfig     stm32f4xx_hal_dma.o
    0x2000301c   0x2000301c   0x00000002   Code   RO         1759    i.DebugMon_Handler  stm32f4xx_it.o
    0x2000301e   0x2000301e   0x00000002   PAD
    0x20003020   0x20003020   0x00000044   Code   RO          722    i.Disable_Tosa      functions.o
    0x20003064   0x20003064   0x00000006   Code   RO         1760    i.EXTI0_IRQHandler  stm32f4xx_it.o
    0x2000306a   0x2000306a   0x00000008   Code   RO         1761    i.EXTI15_10_IRQHandler  stm32f4xx_it.o
    0x20003072   0x20003072   0x00000006   Code   RO         1762    i.EXTI1_IRQHandler  stm32f4xx_it.o
    0x20003078   0x20003078   0x00000044   Code   RO          723    i.Enable_Tosa       functions.o
    0x200030bc   0x200030bc   0x00000002   Code   RO         1211    i.Error_Handler     main.o
    0x200030be   0x200030be   0x00000002   PAD
    0x200030c0   0x200030c0   0x00000054   Code   RO         2218    i.FLASH_Erase_Sector  stm32f4xx_hal_flash_ex.o
    0x20003114   0x20003114   0x00000054   Code   RO         2219    i.FLASH_FlushCaches  stm32f4xx_hal_flash_ex.o
    0x20003168   0x20003168   0x00000004   Code   RO         1763    i.FLASH_IRQHandler  stm32f4xx_it.o
    0x2000316c   0x2000316c   0x0000002e   Code   RO          671    i.FLASH_If_Erase_IT  flash_if.o
    0x2000319a   0x2000319a   0x00000002   PAD
    0x2000319c   0x2000319c   0x00000018   Code   RO          672    i.FLASH_If_Init     flash_if.o
    0x200031b4   0x200031b4   0x00000054   Code   RO          673    i.FLASH_If_Write    flash_if.o
    0x20003208   0x20003208   0x00000040   Code   RO         2220    i.FLASH_MassErase   stm32f4xx_hal_flash_ex.o
    0x20003248   0x20003248   0x00000020   Code   RO         2100    i.FLASH_Program_Byte  stm32f4xx_hal_flash.o
    0x20003268   0x20003268   0x0000002c   Code   RO         2101    i.FLASH_Program_DoubleWord  stm32f4xx_hal_flash.o
    0x20003294   0x20003294   0x00000024   Code   RO         2102    i.FLASH_Program_HalfWord  stm32f4xx_hal_flash.o
    0x200032b8   0x200032b8   0x00000024   Code   RO         2103    i.FLASH_Program_Word  stm32f4xx_hal_flash.o
    0x200032dc   0x200032dc   0x0000007c   Code   RO         2104    i.FLASH_SetErrorCode  stm32f4xx_hal_flash.o
    0x20003358   0x20003358   0x00000050   Code   RO         2105    i.FLASH_WaitForLastOperation  stm32f4xx_hal_flash.o
    0x200033a8   0x200033a8   0x000000d4   Code   RO          724    i.Get_Current_Switch_ADC  functions.o
    0x2000347c   0x2000347c   0x000002b0   Code   RO          725    i.Get_Current_Switch_Channel  functions.o
    0x2000372c   0x2000372c   0x00000048   Code   RO          726    i.Get_EEPROM_Alarm_Status  functions.o
    0x20003774   0x20003774   0x00000054   Code   RO          727    i.Get_Index_Of_Channel_Map  functions.o
    0x200037c8   0x200037c8   0x00000080   Code   RO          728    i.Get_Log_Status    functions.o
    0x20003848   0x20003848   0x0000040c   Code   RO          729    i.Get_Performance   functions.o
    0x20003c54   0x20003c54   0x0000006c   Code   RO          730    i.Get_Rx_Power      functions.o
    0x20003cc0   0x20003cc0   0x0000006c   Code   RO          731    i.Get_Switch_Adc    functions.o
    0x20003d2c   0x20003d2c   0x000000b0   Code   RO          732    i.Get_Switch_Position_By_IO  functions.o
    0x20003ddc   0x20003ddc   0x00000140   Code   RO          733    i.Get_Tap_Power     functions.o
    0x20003f1c   0x20003f1c   0x00000248   Code   RO          734    i.Get_Threshold     functions.o
    0x20004164   0x20004164   0x00000200   Code   RO          735    i.Get_Threshold_Table  functions.o
    0x20004364   0x20004364   0x00000100   Code   RO          736    i.Get_Tosa_Data     functions.o
    0x20004464   0x20004464   0x0000005a   Code   RO          737    i.Get_Up_Status     functions.o
    0x200044be   0x200044be   0x0000008e   Code   RO         2446    i.HAL_DMA_Abort     stm32f4xx_hal_dma.o
    0x2000454c   0x2000454c   0x00000024   Code   RO         2447    i.HAL_DMA_Abort_IT  stm32f4xx_hal_dma.o
    0x20004570   0x20004570   0x000001a0   Code   RO         2451    i.HAL_DMA_IRQHandler  stm32f4xx_hal_dma.o
    0x20004710   0x20004710   0x000000d4   Code   RO         2452    i.HAL_DMA_Init      stm32f4xx_hal_dma.o
    0x200047e4   0x200047e4   0x0000006e   Code   RO         2456    i.HAL_DMA_Start_IT  stm32f4xx_hal_dma.o
    0x20004852   0x20004852   0x00000002   PAD
    0x20004854   0x20004854   0x00000068   Code   RO         2226    i.HAL_FLASHEx_Erase_IT  stm32f4xx_hal_flash_ex.o
    0x200048bc   0x200048bc   0x00000054   Code   RO         1212    i.HAL_FLASH_EndOfOperationCallback  main.o
    0x20004910   0x20004910   0x000000cc   Code   RO         2108    i.HAL_FLASH_IRQHandler  stm32f4xx_hal_flash.o
    0x200049dc   0x200049dc   0x00000014   Code   RO         2109    i.HAL_FLASH_Lock    stm32f4xx_hal_flash.o
    0x200049f0   0x200049f0   0x00000002   Code   RO         2113    i.HAL_FLASH_OperationErrorCallback  stm32f4xx_hal_flash.o
    0x200049f2   0x200049f2   0x00000002   PAD
    0x200049f4   0x200049f4   0x0000007c   Code   RO         2114    i.HAL_FLASH_Program  stm32f4xx_hal_flash.o
    0x20004a70   0x20004a70   0x0000002c   Code   RO         2116    i.HAL_FLASH_Unlock  stm32f4xx_hal_flash.o
    0x20004a9c   0x20004a9c   0x00000074   Code   RO         1213    i.HAL_GPIO_EXTI_Callback  main.o
    0x20004b10   0x20004b10   0x00000018   Code   RO         2338    i.HAL_GPIO_EXTI_IRQHandler  stm32f4xx_hal_gpio.o
    0x20004b28   0x20004b28   0x000001d4   Code   RO         2339    i.HAL_GPIO_Init     stm32f4xx_hal_gpio.o
    0x20004cfc   0x20004cfc   0x0000000a   Code   RO         2341    i.HAL_GPIO_ReadPin  stm32f4xx_hal_gpio.o
    0x20004d06   0x20004d06   0x0000000a   Code   RO         2343    i.HAL_GPIO_WritePin  stm32f4xx_hal_gpio.o
    0x20004d10   0x20004d10   0x0000000c   Code   RO         2891    i.HAL_GetTick       stm32f4xx_hal.o
    0x20004d1c   0x20004d1c   0x00000042   Code   RO         3573    i.HAL_I2CEx_ConfigAnalogFilter  stm32f4xx_hal_i2c_ex.o
    0x20004d5e   0x20004d5e   0x0000003e   Code   RO         3574    i.HAL_I2CEx_ConfigDigitalFilter  stm32f4xx_hal_i2c_ex.o
    0x20004d9c   0x20004d9c   0x00000188   Code   RO         3157    i.HAL_I2C_Init      stm32f4xx_hal_i2c.o
    0x20004f24   0x20004f24   0x000001f8   Code   RO         3175    i.HAL_I2C_Mem_Read  stm32f4xx_hal_i2c.o
    0x2000511c   0x2000511c   0x00000130   Code   RO         3178    i.HAL_I2C_Mem_Write  stm32f4xx_hal_i2c.o
    0x2000524c   0x2000524c   0x000000a8   Code   RO         1451    i.HAL_I2C_MspInit   i2c.o
    0x200052f4   0x200052f4   0x00000052   Code   RO         3603    i.HAL_IWDG_Init     stm32f4xx_hal_iwdg.o
    0x20005346   0x20005346   0x0000000c   Code   RO         3604    i.HAL_IWDG_Refresh  stm32f4xx_hal_iwdg.o
    0x20005352   0x20005352   0x00000002   PAD
    0x20005354   0x20005354   0x00000010   Code   RO         2897    i.HAL_IncTick       stm32f4xx_hal.o
    0x20005364   0x20005364   0x00000034   Code   RO         2898    i.HAL_Init          stm32f4xx_hal.o
    0x20005398   0x20005398   0x00000074   Code   RO         1893    i.HAL_InitTick      stm32f4xx_hal_timebase_tim.o
    0x2000540c   0x2000540c   0x0000004c   Code   RO         1869    i.HAL_MspInit       stm32f4xx_hal_msp.o
    0x20005458   0x20005458   0x0000001a   Code   RO         2746    i.HAL_NVIC_EnableIRQ  stm32f4xx_hal_cortex.o
    0x20005472   0x20005472   0x00000002   PAD
    0x20005474   0x20005474   0x00000040   Code   RO         2752    i.HAL_NVIC_SetPriority  stm32f4xx_hal_cortex.o
    0x200054b4   0x200054b4   0x00000024   Code   RO         2753    i.HAL_NVIC_SetPriorityGrouping  stm32f4xx_hal_cortex.o
    0x200054d8   0x200054d8   0x00000070   Code   RO         2675    i.HAL_PWREx_EnableOverDrive  stm32f4xx_hal_pwr_ex.o
    0x20005548   0x20005548   0x00000254   Code   RO         2040    i.HAL_RCCEx_PeriphCLKConfig  stm32f4xx_hal_rcc_ex.o
    0x2000579c   0x2000579c   0x00000134   Code   RO         1933    i.HAL_RCC_ClockConfig  stm32f4xx_hal_rcc.o
    0x200058d0   0x200058d0   0x00000040   Code   RO         1937    i.HAL_RCC_GetClockConfig  stm32f4xx_hal_rcc.o
    0x20005910   0x20005910   0x00000020   Code   RO         1940    i.HAL_RCC_GetPCLK1Freq  stm32f4xx_hal_rcc.o
    0x20005930   0x20005930   0x00000020   Code   RO         1941    i.HAL_RCC_GetPCLK2Freq  stm32f4xx_hal_rcc.o
    0x20005950   0x20005950   0x00000064   Code   RO         1942    i.HAL_RCC_GetSysClockFreq  stm32f4xx_hal_rcc.o
    0x200059b4   0x200059b4   0x0000035c   Code   RO         1945    i.HAL_RCC_OscConfig  stm32f4xx_hal_rcc.o
    0x20005d10   0x20005d10   0x00000044   Code   RO         3638    i.HAL_RTC_GetDate   stm32f4xx_hal_rtc.o
    0x20005d54   0x20005d54   0x00000058   Code   RO         3640    i.HAL_RTC_GetTime   stm32f4xx_hal_rtc.o
    0x20005dac   0x20005dac   0x000000ac   Code   RO         3641    i.HAL_RTC_Init      stm32f4xx_hal_rtc.o
    0x20005e58   0x20005e58   0x00000018   Code   RO         1529    i.HAL_RTC_MspInit   rtc.o
    0x20005e70   0x20005e70   0x000000c8   Code   RO         3647    i.HAL_RTC_SetDate   stm32f4xx_hal_rtc.o
    0x20005f38   0x20005f38   0x000000ec   Code   RO         3648    i.HAL_RTC_SetTime   stm32f4xx_hal_rtc.o
    0x20006024   0x20006024   0x00000036   Code   RO         3649    i.HAL_RTC_WaitForSynchro  stm32f4xx_hal_rtc.o
    0x2000605a   0x2000605a   0x00000080   Code   RO         4009    i.HAL_SPI_Init      stm32f4xx_hal_spi.o
    0x200060da   0x200060da   0x00000002   PAD
    0x200060dc   0x200060dc   0x000001b0   Code   RO         1571    i.HAL_SPI_MspInit   spi.o
    0x2000628c   0x2000628c   0x0000015c   Code   RO         4017    i.HAL_SPI_Transmit  stm32f4xx_hal_spi.o
    0x200063e8   0x200063e8   0x000001e2   Code   RO         4018    i.HAL_SPI_TransmitReceive  stm32f4xx_hal_spi.o
    0x200065ca   0x200065ca   0x00000002   Code   RO         4997    i.HAL_TIMEx_BreakCallback  stm32f4xx_hal_tim_ex.o
    0x200065cc   0x200065cc   0x00000002   Code   RO         4998    i.HAL_TIMEx_CommutCallback  stm32f4xx_hal_tim_ex.o
    0x200065ce   0x200065ce   0x00000002   PAD
    0x200065d0   0x200065d0   0x00000090   Code   RO         5015    i.HAL_TIMEx_MasterConfigSynchronization  stm32f4xx_hal_tim_ex.o
    0x20006660   0x20006660   0x00000036   Code   RO         4322    i.HAL_TIM_Base_Init  stm32f4xx_hal_tim.o
    0x20006696   0x20006696   0x00000002   PAD
    0x20006698   0x20006698   0x0000003c   Code   RO         1643    i.HAL_TIM_Base_MspInit  tim.o
    0x200066d4   0x200066d4   0x00000022   Code   RO         4327    i.HAL_TIM_Base_Start_IT  stm32f4xx_hal_tim.o
    0x200066f6   0x200066f6   0x0000002a   Code   RO         4330    i.HAL_TIM_Base_Stop_IT  stm32f4xx_hal_tim.o
    0x20006720   0x20006720   0x00000038   Code   RO         1214    i.HAL_TIM_IC_CaptureCallback  main.o
    0x20006758   0x20006758   0x0000011e   Code   RO         4353    i.HAL_TIM_IC_ConfigChannel  stm32f4xx_hal_tim.o
    0x20006876   0x20006876   0x00000036   Code   RO         4356    i.HAL_TIM_IC_Init   stm32f4xx_hal_tim.o
    0x200068ac   0x200068ac   0x00000078   Code   RO         1645    i.HAL_TIM_IC_MspInit  tim.o
    0x20006924   0x20006924   0x00000056   Code   RO         4361    i.HAL_TIM_IC_Start_IT  stm32f4xx_hal_tim.o
    0x2000697a   0x2000697a   0x0000005e   Code   RO         4364    i.HAL_TIM_IC_Stop_IT  stm32f4xx_hal_tim.o
    0x200069d8   0x200069d8   0x00000166   Code   RO         4365    i.HAL_TIM_IRQHandler  stm32f4xx_hal_tim.o
    0x20006b3e   0x20006b3e   0x00000002   Code   RO         4368    i.HAL_TIM_OC_DelayElapsedCallback  stm32f4xx_hal_tim.o
    0x20006b40   0x20006b40   0x00000002   Code   RO         4395    i.HAL_TIM_PWM_PulseFinishedCallback  stm32f4xx_hal_tim.o
    0x20006b42   0x20006b42   0x00000002   PAD
    0x20006b44   0x20006b44   0x0000005c   Code   RO         1215    i.HAL_TIM_PeriodElapsedCallback  main.o
    0x20006ba0   0x20006ba0   0x00000002   Code   RO         4408    i.HAL_TIM_TriggerCallback  stm32f4xx_hal_tim.o
    0x20006ba2   0x20006ba2   0x00000058   Code   RO         5267    i.HAL_UART_DMAStop  stm32f4xx_hal_uart.o
    0x20006bfa   0x20006bfa   0x00000002   Code   RO         5269    i.HAL_UART_ErrorCallback  stm32f4xx_hal_uart.o
    0x20006bfc   0x20006bfc   0x00000114   Code   RO         5272    i.HAL_UART_IRQHandler  stm32f4xx_hal_uart.o
    0x20006d10   0x20006d10   0x00000062   Code   RO         5273    i.HAL_UART_Init     stm32f4xx_hal_uart.o
    0x20006d72   0x20006d72   0x00000002   PAD
    0x20006d74   0x20006d74   0x000000f8   Code   RO         1703    i.HAL_UART_MspInit  usart.o
    0x20006e6c   0x20006e6c   0x00000098   Code   RO         5277    i.HAL_UART_Receive_DMA  stm32f4xx_hal_uart.o
    0x20006f04   0x20006f04   0x00000052   Code   RO         5278    i.HAL_UART_Receive_IT  stm32f4xx_hal_uart.o
    0x20006f56   0x20006f56   0x00000002   PAD
    0x20006f58   0x20006f58   0x0000001c   Code   RO         1704    i.HAL_UART_RxCpltCallback  usart.o
    0x20006f74   0x20006f74   0x00000002   Code   RO         5280    i.HAL_UART_RxHalfCpltCallback  stm32f4xx_hal_uart.o
    0x20006f76   0x20006f76   0x000000ba   Code   RO         5281    i.HAL_UART_Transmit  stm32f4xx_hal_uart.o
    0x20007030   0x20007030   0x00000002   Code   RO         5284    i.HAL_UART_TxCpltCallback  stm32f4xx_hal_uart.o
    0x20007032   0x20007032   0x00000002   Code   RO         1764    i.HardFault_Handler  stm32f4xx_it.o
    0x20007034   0x20007034   0x0000002e   Code   RO         3199    i.I2C_IsAcknowledgeFailed  stm32f4xx_hal_i2c.o
    0x20007062   0x20007062   0x00000002   PAD
    0x20007064   0x20007064   0x000000fc   Code   RO         3209    i.I2C_RequestMemoryRead  stm32f4xx_hal_i2c.o
    0x20007160   0x20007160   0x000000a8   Code   RO         3210    i.I2C_RequestMemoryWrite  stm32f4xx_hal_i2c.o
    0x20007208   0x20007208   0x0000004c   Code   RO         3213    i.I2C_WaitOnBTFFlagUntilTimeout  stm32f4xx_hal_i2c.o
    0x20007254   0x20007254   0x00000068   Code   RO         3214    i.I2C_WaitOnFlagUntilTimeout  stm32f4xx_hal_i2c.o
    0x200072bc   0x200072bc   0x00000096   Code   RO         3215    i.I2C_WaitOnMasterAddressFlagUntilTimeout  stm32f4xx_hal_i2c.o
    0x20007352   0x20007352   0x00000066   Code   RO         3216    i.I2C_WaitOnRXNEFlagUntilTimeout  stm32f4xx_hal_i2c.o
    0x200073b8   0x200073b8   0x0000004c   Code   RO         3217    i.I2C_WaitOnTXEFlagUntilTimeout  stm32f4xx_hal_i2c.o
    0x20007404   0x20007404   0x00000020   Code   RO          465    i.I2cEepromRead     common.o
    0x20007424   0x20007424   0x00000078   Code   RO          466    i.I2cEepromWrite    common.o
    0x2000749c   0x2000749c   0x00000080   Code   RO          738    i.Init_Run_Status   functions.o
    0x2000751c   0x2000751c   0x00000064   Code   RO          467    i.Is_Date_Valid     common.o
    0x20007580   0x20007580   0x0000000e   Code   RO          739    i.Is_Flag_Set       functions.o
    0x2000758e   0x2000758e   0x00000002   PAD
    0x20007590   0x20007590   0x00000018   Code   RO          740    i.Is_Tec_Lock       functions.o
    0x200075a8   0x200075a8   0x00000064   Code   RO          468    i.Is_Value_Approximate  common.o
    0x2000760c   0x2000760c   0x00000012   Code   RO          741    i.Log_Read          functions.o
    0x2000761e   0x2000761e   0x00000002   PAD
    0x20007620   0x20007620   0x00000074   Code   RO          742    i.Log_Write         functions.o
    0x20007694   0x20007694   0x0000004c   Code   RO          743    i.Log_Write_byte    functions.o
    0x200076e0   0x200076e0   0x00000400   Code   RO         1216    i.MON32_Init        main.o
    0x20007ae0   0x20007ae0   0x000000cc   Code   RO         1217    i.MON32_Init_Dev    main.o
    0x20007bac   0x20007bac   0x0000002c   Code   RO         1334    i.MX_DMA_Init       dma.o
    0x20007bd8   0x20007bd8   0x00000210   Code   RO         1358    i.MX_FREERTOS_Init  freertos.o
    0x20007de8   0x20007de8   0x000002b4   Code   RO         1310    i.MX_GPIO_Init      gpio.o
    0x2000809c   0x2000809c   0x0000005c   Code   RO         1452    i.MX_I2C1_Init      i2c.o
    0x200080f8   0x200080f8   0x0000005c   Code   RO         1453    i.MX_I2C2_Init      i2c.o
    0x20008154   0x20008154   0x0000002c   Code   RO         1498    i.MX_IWDG_Init      iwdg.o
    0x20008180   0x20008180   0x00000034   Code   RO         1530    i.MX_RTC_Init       rtc.o
    0x200081b4   0x200081b4   0x00000048   Code   RO         1572    i.MX_SPI1_Init      spi.o
    0x200081fc   0x200081fc   0x00000044   Code   RO         1573    i.MX_SPI2_Init      spi.o
    0x20008240   0x20008240   0x00000044   Code   RO         1574    i.MX_SPI3_Init      spi.o
    0x20008284   0x20008284   0x00000048   Code   RO         1575    i.MX_SPI4_Init      spi.o
    0x200082cc   0x200082cc   0x00000048   Code   RO         1576    i.MX_SPI5_Init      spi.o
    0x20008314   0x20008314   0x00000048   Code   RO         1577    i.MX_SPI6_Init      spi.o
    0x2000835c   0x2000835c   0x00000044   Code   RO         1646    i.MX_TIM6_Init      tim.o
    0x200083a0   0x200083a0   0x00000080   Code   RO         1647    i.MX_TIM8_Init      tim.o
    0x20008420   0x20008420   0x00000038   Code   RO         1705    i.MX_USART1_UART_Init  usart.o
    0x20008458   0x20008458   0x00000038   Code   RO         1706    i.MX_USART3_UART_Init  usart.o
    0x20008490   0x20008490   0x00000002   Code   RO         1765    i.MemManage_Handler  stm32f4xx_it.o
    0x20008492   0x20008492   0x00000002   Code   RO         1766    i.NMI_Handler       stm32f4xx_it.o
    0x20008494   0x20008494   0x00000016   Code   RO          469    i.PRINT_HEX         common.o
    0x200084aa   0x200084aa   0x00000012   Code   RO         3650    i.RTC_Bcd2ToByte    stm32f4xx_hal_rtc.o
    0x200084bc   0x200084bc   0x00000016   Code   RO         3651    i.RTC_ByteToBcd2    stm32f4xx_hal_rtc.o
    0x200084d2   0x200084d2   0x00000002   PAD
    0x200084d4   0x200084d4   0x0000003a   Code   RO         3652    i.RTC_EnterInitMode  stm32f4xx_hal_rtc.o
    0x2000850e   0x2000850e   0x00000002   PAD
    0x20008510   0x20008510   0x0000012c   Code   RO          470    i.RTOS_ADC7828_Read  common.o
    0x2000863c   0x2000863c   0x000001f4   Code   RO          471    i.RTOS_ADC7953_SPI4_Read  common.o
    0x20008830   0x20008830   0x000001f0   Code   RO          472    i.RTOS_ADC7953_SPI5_Read  common.o
    0x20008a20   0x20008a20   0x000001f4   Code   RO          473    i.RTOS_ADC7953_SPI6_Read  common.o
    0x20008c14   0x20008c14   0x00000160   Code   RO          474    i.RTOS_DAC128S085_Write  common.o
    0x20008d74   0x20008d74   0x00000138   Code   RO          475    i.RTOS_DAC5535_Write  common.o
    0x20008eac   0x20008eac   0x00000134   Code   RO          476    i.RTOS_DAC5535_Write_Nodelay  common.o
    0x20008fe0   0x20008fe0   0x000000ec   Code   RO          477    i.RTOS_EEPROM_Read  common.o
    0x200090cc   0x200090cc   0x000000ec   Code   RO          478    i.RTOS_EEPROM_Write  common.o
    0x200091b8   0x200091b8   0x00000010   Code   RO          479    i.RTOS_SWITCH_ADC7953_Read  common.o
    0x200091c8   0x200091c8   0x00000020   Code   RO          744    i.Reset_EEPROM_Alarm_Status  functions.o
    0x200091e8   0x200091e8   0x00000028   Code   RO          745    i.Reset_Log_Status  functions.o
    0x20009210   0x20009210   0x000000bc   Code   RO          746    i.Reset_Switch      functions.o
    0x200092cc   0x200092cc   0x00000078   Code   RO          747    i.Reset_Switch_Only  functions.o
    0x20009344   0x20009344   0x000000d8   Code   RO          748    i.Reset_Tec_Dest_Temp  functions.o
    0x2000941c   0x2000941c   0x00000016   Code   RO          749    i.Reset_Up_Status   functions.o
    0x20009432   0x20009432   0x00000002   PAD
    0x20009434   0x20009434   0x00000058   Code   RO         4047    i.SPI_EndRxTxTransaction  stm32f4xx_hal_spi.o
    0x2000948c   0x2000948c   0x00000094   Code   RO         4052    i.SPI_WaitFlagStateUntilTimeout  stm32f4xx_hal_spi.o
    0x20009520   0x20009520   0x00000038   Code   RO         1192    i.Set_Alarm         functions.o
    0x20009558   0x20009558   0x0000000c   Code   RO          750    i.Set_Flag          functions.o
    0x20009564   0x20009564   0x00000040   Code   RO          751    i.Set_Lazer_Ready   functions.o
    0x200095a4   0x200095a4   0x0000023c   Code   RO          752    i.Set_Switch        functions.o
    0x200097e0   0x200097e0   0x0000002c   Code   RO          753    i.Set_Switch_Alarm  functions.o
    0x2000980c   0x2000980c   0x00000044   Code   RO          754    i.Set_Switch_Ready  functions.o
    0x20009850   0x20009850   0x00000324   Code   RO          755    i.Set_Threshold     functions.o
    0x20009b74   0x20009b74   0x00000008   Code   RO         1359    i.StartDefaultTask  freertos.o
    0x20009b7c   0x20009b7c   0x0000002c   Code   RO         7152    i.SysTick_Handler   port.o
    0x20009ba8   0x20009ba8   0x000000a8   Code   RO         1218    i.SystemClock_Config  main.o
    0x20009c50   0x20009c50   0x00000018   Code   RO         5575    i.SystemInit        system_stm32f4xx.o
    0x20009c68   0x20009c68   0x0000000c   Code   RO         1767    i.TIM1_TRG_COM_TIM11_IRQHandler  stm32f4xx_it.o
    0x20009c74   0x20009c74   0x0000000c   Code   RO         1768    i.TIM6_DAC_IRQHandler  stm32f4xx_it.o
    0x20009c80   0x20009c80   0x0000000c   Code   RO         1769    i.TIM8_CC_IRQHandler  stm32f4xx_it.o
    0x20009c8c   0x20009c8c   0x000000c8   Code   RO         4410    i.TIM_Base_SetConfig  stm32f4xx_hal_tim.o
    0x20009d54   0x20009d54   0x0000001a   Code   RO         4411    i.TIM_CCxChannelCmd  stm32f4xx_hal_tim.o
    0x20009d6e   0x20009d6e   0x00000002   PAD
    0x20009d70   0x20009d70   0x00000080   Code   RO         4429    i.TIM_TI1_SetConfig  stm32f4xx_hal_tim.o
    0x20009df0   0x20009df0   0x00000036   Code   RO         4431    i.TIM_TI2_SetConfig  stm32f4xx_hal_tim.o
    0x20009e26   0x20009e26   0x00000002   PAD
    0x20009e28   0x20009e28   0x000000b0   Code   RO          756    i.Throw_Log         functions.o
    0x20009ed8   0x20009ed8   0x00000010   Code   RO         5286    i.UART_DMAAbortOnError  stm32f4xx_hal_uart.o
    0x20009ee8   0x20009ee8   0x0000004a   Code   RO         5287    i.UART_DMAError     stm32f4xx_hal_uart.o
    0x20009f32   0x20009f32   0x0000003c   Code   RO         5288    i.UART_DMAReceiveCplt  stm32f4xx_hal_uart.o
    0x20009f6e   0x20009f6e   0x0000000a   Code   RO         5290    i.UART_DMARxHalfCplt  stm32f4xx_hal_uart.o
    0x20009f78   0x20009f78   0x0000001c   Code   RO         5296    i.UART_EndRxTransfer  stm32f4xx_hal_uart.o
    0x20009f94   0x20009f94   0x00000012   Code   RO         5297    i.UART_EndTxTransfer  stm32f4xx_hal_uart.o
    0x20009fa6   0x20009fa6   0x00000096   Code   RO         5298    i.UART_Receive_IT   stm32f4xx_hal_uart.o
    0x2000a03c   0x2000a03c   0x00000128   Code   RO         5299    i.UART_SetConfig    stm32f4xx_hal_uart.o
    0x2000a164   0x2000a164   0x00000062   Code   RO         5300    i.UART_Transmit_IT  stm32f4xx_hal_uart.o
    0x2000a1c6   0x2000a1c6   0x00000064   Code   RO         5301    i.UART_WaitOnFlagUntilTimeout  stm32f4xx_hal_uart.o
    0x2000a22a   0x2000a22a   0x00000002   PAD
    0x2000a22c   0x2000a22c   0x0000000c   Code   RO         1770    i.USART1_IRQHandler  stm32f4xx_it.o
    0x2000a238   0x2000a238   0x000000b8   Code   RO           48    i.Uart_Respond      command.o
    0x2000a2f0   0x2000a2f0   0x00000028   Code   RO          757    i.Update_EEPROM_Alarm_Status  functions.o
    0x2000a318   0x2000a318   0x00000084   Code   RO          758    i.Update_History_Alarm  functions.o
    0x2000a39c   0x2000a39c   0x0000005c   Code   RO          759    i.Update_Log_Status  functions.o
    0x2000a3f8   0x2000a3f8   0x000000f8   Code   RO          760    i.Update_Tec_Dest_Temp  functions.o
    0x2000a4f0   0x2000a4f0   0x00000054   Code   RO          761    i.Update_Up_Status  functions.o
    0x2000a544   0x2000a544   0x00000002   Code   RO         1771    i.UsageFault_Handler  stm32f4xx_it.o
    0x2000a546   0x2000a546   0x00000002   PAD
    0x2000a548   0x2000a548   0x00000028   Code   RO         7494    i.__0sprintf        mc_w.l(printfa.o)
    0x2000a570   0x2000a570   0x00000020   Code   RO         2759    i.__NVIC_SetPriority  stm32f4xx_hal_cortex.o
    0x2000a590   0x2000a590   0x00000024   Code   RO           49    i.__NVIC_SystemReset  command.o
    0x2000a5b4   0x2000a5b4   0x00000008   Code   RO         7610    i.__aeabi_errno_addr  mc_w.l(errno.o)
    0x2000a5bc   0x2000a5bc   0x00000004   PAD
    0x2000a5c0   0x2000a5c0   0x000003c4   Code   RO         7228    i.__hardfp_log      m_wm.l(log.o)
    0x2000a984   0x2000a984   0x000000f8   Code   RO         7554    i.__kernel_poly     m_wm.l(poly.o)
    0x2000aa7c   0x2000aa7c   0x00000004   PAD
    0x2000aa80   0x2000aa80   0x00000030   Code   RO         7540    i.__mathlib_dbl_divzero  m_wm.l(dunder.o)
    0x2000aab0   0x2000aab0   0x00000014   Code   RO         7541    i.__mathlib_dbl_infnan  m_wm.l(dunder.o)
    0x2000aac4   0x2000aac4   0x00000004   PAD
    0x2000aac8   0x2000aac8   0x00000020   Code   RO         7543    i.__mathlib_dbl_invalid  m_wm.l(dunder.o)
    0x2000aae8   0x2000aae8   0x0000000e   Code   RO         7634    i.__scatterload_copy  mc_w.l(handlers.o)
    0x2000aaf6   0x2000aaf6   0x00000002   Code   RO         7635    i.__scatterload_null  mc_w.l(handlers.o)
    0x2000aaf8   0x2000aaf8   0x0000000e   Code   RO         7636    i.__scatterload_zeroinit  mc_w.l(handlers.o)
    0x2000ab06   0x2000ab06   0x00000002   PAD
    0x2000ab08   0x2000ab08   0x0000000c   Code   RO         7612    i.__set_errno       mc_w.l(errno.o)
    0x2000ab14   0x2000ab14   0x00000184   Code   RO         7499    i._fp_digits        mc_w.l(printfa.o)
    0x2000ac98   0x2000ac98   0x000006dc   Code   RO         7500    i._printf_core      mc_w.l(printfa.o)
    0x2000b374   0x2000b374   0x00000024   Code   RO         7501    i._printf_post_padding  mc_w.l(printfa.o)
    0x2000b398   0x2000b398   0x0000002e   Code   RO         7502    i._printf_pre_padding  mc_w.l(printfa.o)
    0x2000b3c6   0x2000b3c6   0x0000000a   Code   RO         7504    i._sputc            mc_w.l(printfa.o)
    0x2000b3d0   0x2000b3d0   0x00000144   Code   RO          762    i.cal_tap_pd_by_power  functions.o
    0x2000b514   0x2000b514   0x000000a8   Code   RO         1360    i.cmdProcessTask    freertos.o
    0x2000b5bc   0x2000b5bc   0x00000054   Code   RO          763    i.debug_Check_Cali  functions.o
    0x2000b610   0x2000b610   0x00000016   Code   RO          764    i.debug_cal_default_temp  functions.o
    0x2000b626   0x2000b626   0x00000002   PAD
    0x2000b628   0x2000b628   0x000000b4   Code   RO          765    i.debug_cal_dump    functions.o
    0x2000b6dc   0x2000b6dc   0x00000042   Code   RO          766    i.debug_cal_il      functions.o
    0x2000b71e   0x2000b71e   0x00000038   Code   RO          767    i.debug_cal_rx_pd   functions.o
    0x2000b756   0x2000b756   0x00000078   Code   RO          768    i.debug_cal_switch  functions.o
    0x2000b7ce   0x2000b7ce   0x0000005e   Code   RO          769    i.debug_cal_tosa    functions.o
    0x2000b82c   0x2000b82c   0x0000002c   Code   RO          770    i.debug_eeprom      functions.o
    0x2000b858   0x2000b858   0x00000018   Code   RO          771    i.debug_get_inter_exp  functions.o
    0x2000b870   0x2000b870   0x0000006c   Code   RO          772    i.debug_get_pd      functions.o
    0x2000b8dc   0x2000b8dc   0x0000004c   Code   RO          773    i.debug_get_switch_channel  functions.o
    0x2000b928   0x2000b928   0x000002a0   Code   RO          774    i.debug_get_tosa_tmp  functions.o
    0x2000bbc8   0x2000bbc8   0x0000009c   Code   RO          775    i.debug_get_tosa_val  functions.o
    0x2000bc64   0x2000bc64   0x0000005c   Code   RO          776    i.debug_pin         functions.o
    0x2000bcc0   0x2000bcc0   0x0000005c   Code   RO          777    i.debug_set_lp      functions.o
    0x2000bd1c   0x2000bd1c   0x00000014   Code   RO          778    i.debug_set_tec     functions.o
    0x2000bd30   0x2000bd30   0x0000001c   Code   RO          779    i.debug_set_tosa    functions.o
    0x2000bd4c   0x2000bd4c   0x00000088   Code   RO          780    i.debug_sw_adc      functions.o
    0x2000bdd4   0x2000bdd4   0x00000012   Code   RO          781    i.debug_sw_dac      functions.o
    0x2000bde6   0x2000bde6   0x00000002   PAD
    0x2000bde8   0x2000bde8   0x0000008c   Code   RO          782    i.debug_tag         functions.o
    0x2000be74   0x2000be74   0x00000048   Code   RO          783    i.debug_test_tosa   functions.o
    0x2000bebc   0x2000bebc   0x00000024   Code   RO          784    i.debug_vol_adc     functions.o
    0x2000bee0   0x2000bee0   0x00000014   Code   RO          480    i.get_32_from_eeprom  common.o
    0x2000bef4   0x2000bef4   0x00000164   Code   RO          785    i.get_rx_pd_power   functions.o
    0x2000c058   0x2000c058   0x00000118   Code   RO          786    i.get_tap_pd_power  functions.o
    0x2000c170   0x2000c170   0x0000035c   Code   RO         1361    i.isrTask           freertos.o
    0x2000c4cc   0x2000c4cc   0x00000828   Code   RO         1362    i.lazerManagerTask  freertos.o
    0x2000ccf4   0x2000ccf4   0x000002b0   Code   RO         1363    i.logTask           freertos.o
    0x2000cfa4   0x2000cfa4   0x000000d0   Code   RO         1219    i.main              main.o
    0x2000d074   0x2000d074   0x00000ef0   Code   RO         1364    i.monitorTask       freertos.o
    0x2000df64   0x2000df64   0x00000030   Code   RO          482    i.my_abs            common.o
    0x2000df94   0x2000df94   0x00000034   Code   RO         6681    i.osDelay           cmsis_os2.o
    0x2000dfc8   0x2000dfc8   0x00000038   Code   RO         6695    i.osKernelInitialize  cmsis_os2.o
    0x2000e000   0x2000e000   0x00000040   Code   RO         6698    i.osKernelStart     cmsis_os2.o
    0x2000e040   0x2000e040   0x0000007c   Code   RO         6701    i.osMessageQueueGet  cmsis_os2.o
    0x2000e0bc   0x2000e0bc   0x0000002c   Code   RO         6703    i.osMessageQueueGetCount  cmsis_os2.o
    0x2000e0e8   0x2000e0e8   0x00000074   Code   RO         6706    i.osMessageQueueNew  cmsis_os2.o
    0x2000e15c   0x2000e15c   0x00000080   Code   RO         6707    i.osMessageQueuePut  cmsis_os2.o
    0x2000e1dc   0x2000e1dc   0x0000006c   Code   RO         6709    i.osMutexAcquire    cmsis_os2.o
    0x2000e248   0x2000e248   0x00000080   Code   RO         6712    i.osMutexNew        cmsis_os2.o
    0x2000e2c8   0x2000e2c8   0x0000005c   Code   RO         6713    i.osMutexRelease    cmsis_os2.o
    0x2000e324   0x2000e324   0x00000074   Code   RO         6714    i.osSemaphoreAcquire  cmsis_os2.o
    0x2000e398   0x2000e398   0x000000b0   Code   RO         6717    i.osSemaphoreNew    cmsis_os2.o
    0x2000e448   0x2000e448   0x00000070   Code   RO         6718    i.osSemaphoreRelease  cmsis_os2.o
    0x2000e4b8   0x2000e4b8   0x000000a4   Code   RO         6732    i.osThreadNew       cmsis_os2.o
    0x2000e55c   0x2000e55c   0x0000005c   Code   RO         6177    i.prvAddCurrentTaskToDelayedList  tasks.o
    0x2000e5b8   0x2000e5b8   0x000000d0   Code   RO         6178    i.prvAddNewTaskToReadyList  tasks.o
    0x2000e688   0x2000e688   0x00000058   Code   RO         6527    i.prvCheckForValidListAndQueue  timers.o
    0x2000e6e0   0x2000e6e0   0x00000026   Code   RO         5780    i.prvCopyDataFromQueue  queue.o
    0x2000e706   0x2000e706   0x0000006c   Code   RO         5781    i.prvCopyDataToQueue  queue.o
    0x2000e772   0x2000e772   0x00000034   Code   RO         6179    i.prvDeleteTCB      tasks.o
    0x2000e7a6   0x2000e7a6   0x00000002   PAD
    0x2000e7a8   0x2000e7a8   0x0000004c   Code   RO         7102    i.prvHeapInit       heap_4.o
    0x2000e7f4   0x2000e7f4   0x00000060   Code   RO         6180    i.prvIdleTask       tasks.o
    0x2000e854   0x2000e854   0x00000016   Code   RO         5782    i.prvInitialiseMutex  queue.o
    0x2000e86a   0x2000e86a   0x00000002   PAD
    0x2000e86c   0x2000e86c   0x00000022   Code   RO         5783    i.prvInitialiseNewQueue  queue.o
    0x2000e88e   0x2000e88e   0x0000009c   Code   RO         6181    i.prvInitialiseNewTask  tasks.o
    0x2000e92a   0x2000e92a   0x00000002   PAD
    0x2000e92c   0x2000e92c   0x0000004c   Code   RO         7103    i.prvInsertBlockIntoFreeList  heap_4.o
    0x2000e978   0x2000e978   0x00000038   Code   RO         6529    i.prvInsertTimerInActiveList  timers.o
    0x2000e9b0   0x2000e9b0   0x0000001c   Code   RO         5784    i.prvIsQueueEmpty   queue.o
    0x2000e9cc   0x2000e9cc   0x000000cc   Code   RO         6530    i.prvProcessReceivedCommands  timers.o
    0x2000ea98   0x2000ea98   0x000000b4   Code   RO         6531    i.prvProcessTimerOrBlockTask  timers.o
    0x2000eb4c   0x2000eb4c   0x00000020   Code   RO         6183    i.prvResetNextTaskUnblockTime  tasks.o
    0x2000eb6c   0x2000eb6c   0x00000028   Code   RO         6532    i.prvSampleTimeNow  timers.o
    0x2000eb94   0x2000eb94   0x0000006c   Code   RO         6533    i.prvSwitchTimerLists  timers.o
    0x2000ec00   0x2000ec00   0x00000028   Code   RO         7153    i.prvTaskExitError  port.o
    0x2000ec28   0x2000ec28   0x00000024   Code   RO         6534    i.prvTimerTask      timers.o
    0x2000ec4c   0x2000ec4c   0x0000006a   Code   RO         5785    i.prvUnlockQueue    queue.o
    0x2000ecb6   0x2000ecb6   0x00000002   PAD
    0x2000ecb8   0x2000ecb8   0x000000d8   Code   RO         7104    i.pvPortMalloc      heap_4.o
    0x2000ed90   0x2000ed90   0x00000018   Code   RO         6186    i.pvTaskIncrementMutexHeldCount  tasks.o
    0x2000eda8   0x2000eda8   0x0000002c   Code   RO         7154    i.pxPortInitialiseStack  port.o
    0x2000edd4   0x2000edd4   0x000000b4   Code   RO          787    i.set_sw_dac        functions.o
    0x2000ee88   0x2000ee88   0x0000007c   Code   RO          788    i.set_sw_dac_2      functions.o
    0x2000ef04   0x2000ef04   0x000000a0   Code   RO         1365    i.swIsrTask         freertos.o
    0x2000efa4   0x2000efa4   0x00000004   Code   RO          483    i.switch_endian     common.o
    0x2000efa8   0x2000efa8   0x00000004   Code   RO          484    i.switch_endian_16  common.o
    0x2000efac   0x2000efac   0x000002a8   Code   RO         1366    i.uartProcessTask   freertos.o
    0x2000f254   0x2000f254   0x00000068   Code   RO         6187    i.ulTaskNotifyTake  tasks.o
    0x2000f2bc   0x2000f2bc   0x00000180   Code   RO          789    i.update_tosa_table  functions.o
    0x2000f43c   0x2000f43c   0x00000026   Code   RO         5740    i.uxListRemove      list.o
    0x2000f462   0x2000f462   0x00000024   Code   RO         5788    i.uxQueueMessagesWaiting  queue.o
    0x2000f486   0x2000f486   0x00000016   Code   RO         5789    i.uxQueueMessagesWaitingFromISR  queue.o
    0x2000f49c   0x2000f49c   0x00000014   Code   RO         6744    i.vApplicationGetIdleTaskMemory  cmsis_os2.o
    0x2000f4b0   0x2000f4b0   0x00000018   Code   RO         6745    i.vApplicationGetTimerTaskMemory  cmsis_os2.o
    0x2000f4c8   0x2000f4c8   0x00000016   Code   RO         5741    i.vListInitialise   list.o
    0x2000f4de   0x2000f4de   0x00000006   Code   RO         5742    i.vListInitialiseItem  list.o
    0x2000f4e4   0x2000f4e4   0x00000030   Code   RO         5743    i.vListInsert       list.o
    0x2000f514   0x2000f514   0x00000018   Code   RO         5744    i.vListInsertEnd    list.o
    0x2000f52c   0x2000f52c   0x00000040   Code   RO         7156    i.vPortEnterCritical  port.o
    0x2000f56c   0x2000f56c   0x00000028   Code   RO         7157    i.vPortExitCritical  port.o
    0x2000f594   0x2000f594   0x0000005c   Code   RO         7105    i.vPortFree         heap_4.o
    0x2000f5f0   0x2000f5f0   0x00000024   Code   RO         7158    i.vPortSetupTimerInterrupt  port.o
    0x2000f614   0x2000f614   0x00000054   Code   RO         7159    i.vPortValidateInterruptPriority  port.o
    0x2000f668   0x2000f668   0x00000028   Code   RO         5791    i.vQueueAddToRegistry  queue.o
    0x2000f690   0x2000f690   0x0000002e   Code   RO         5792    i.vQueueDelete      queue.o
    0x2000f6be   0x2000f6be   0x00000002   PAD
    0x2000f6c0   0x2000f6c0   0x00000028   Code   RO         5794    i.vQueueUnregisterQueue  queue.o
    0x2000f6e8   0x2000f6e8   0x00000044   Code   RO         5795    i.vQueueWaitForMessageRestricted  queue.o
    0x2000f72c   0x2000f72c   0x0000004c   Code   RO         6195    i.vTaskDelay        tasks.o
    0x2000f778   0x2000f778   0x00000010   Code   RO         6200    i.vTaskInternalSetTimeOutState  tasks.o
    0x2000f788   0x2000f788   0x0000000c   Code   RO         6201    i.vTaskMissedYield  tasks.o
    0x2000f794   0x2000f794   0x00000030   Code   RO         6203    i.vTaskPlaceOnEventList  tasks.o
    0x2000f7c4   0x2000f7c4   0x00000038   Code   RO         6204    i.vTaskPlaceOnEventListRestricted  tasks.o
    0x2000f7fc   0x2000f7fc   0x00000090   Code   RO         6206    i.vTaskPriorityDisinheritAfterTimeout  tasks.o
    0x2000f88c   0x2000f88c   0x00000088   Code   RO         6212    i.vTaskStartScheduler  tasks.o
    0x2000f914   0x2000f914   0x00000010   Code   RO         6214    i.vTaskSuspendAll   tasks.o
    0x2000f924   0x2000f924   0x00000064   Code   RO         6215    i.vTaskSwitchContext  tasks.o
    0x2000f988   0x2000f988   0x00000018   Code   RO         1367    i.watchdogTask      freertos.o
    0x2000f9a0   0x2000f9a0   0x00000010   Code   RO          485    i.write_32_to_eeprom  common.o
    0x2000f9b0   0x2000f9b0   0x000000f4   Code   RO         7160    i.xPortStartScheduler  port.o
    0x2000faa4   0x2000faa4   0x0000003a   Code   RO         5796    i.xQueueCreateCountingSemaphore  queue.o
    0x2000fade   0x2000fade   0x00000040   Code   RO         5797    i.xQueueCreateCountingSemaphoreStatic  queue.o
    0x2000fb1e   0x2000fb1e   0x00000016   Code   RO         5798    i.xQueueCreateMutex  queue.o
    0x2000fb34   0x2000fb34   0x0000001a   Code   RO         5799    i.xQueueCreateMutexStatic  queue.o
    0x2000fb4e   0x2000fb4e   0x00000048   Code   RO         5800    i.xQueueGenericCreate  queue.o
    0x2000fb96   0x2000fb96   0x00000066   Code   RO         5801    i.xQueueGenericCreateStatic  queue.o
    0x2000fbfc   0x2000fbfc   0x00000088   Code   RO         5802    i.xQueueGenericReset  queue.o
    0x2000fc84   0x2000fc84   0x00000160   Code   RO         5803    i.xQueueGenericSend  queue.o
    0x2000fde4   0x2000fde4   0x000000bc   Code   RO         5804    i.xQueueGenericSendFromISR  queue.o
    0x2000fea0   0x2000fea0   0x0000009c   Code   RO         5807    i.xQueueGiveFromISR  queue.o
    0x2000ff3c   0x2000ff3c   0x0000003e   Code   RO         5808    i.xQueueGiveMutexRecursive  queue.o
    0x2000ff7a   0x2000ff7a   0x00000002   PAD
    0x2000ff7c   0x2000ff7c   0x00000138   Code   RO         5813    i.xQueueReceive     queue.o
    0x200100b4   0x200100b4   0x0000009a   Code   RO         5814    i.xQueueReceiveFromISR  queue.o
    0x2001014e   0x2001014e   0x00000002   PAD
    0x20010150   0x20010150   0x00000178   Code   RO         5815    i.xQueueSemaphoreTake  queue.o
    0x200102c8   0x200102c8   0x00000040   Code   RO         5816    i.xQueueTakeMutexRecursive  queue.o
    0x20010308   0x20010308   0x00000074   Code   RO         6216    i.xTaskCheckForTimeOut  tasks.o
    0x2001037c   0x2001037c   0x0000005a   Code   RO         6217    i.xTaskCreate       tasks.o
    0x200103d6   0x200103d6   0x00000056   Code   RO         6218    i.xTaskCreateStatic  tasks.o
    0x2001042c   0x2001042c   0x000000c8   Code   RO         6219    i.xTaskGenericNotify  tasks.o
    0x200104f4   0x200104f4   0x0000000c   Code   RO         6221    i.xTaskGetCurrentTaskHandle  tasks.o
    0x20010500   0x20010500   0x0000001c   Code   RO         6222    i.xTaskGetSchedulerState  tasks.o
    0x2001051c   0x2001051c   0x0000000c   Code   RO         6223    i.xTaskGetTickCount  tasks.o
    0x20010528   0x20010528   0x000000c8   Code   RO         6225    i.xTaskIncrementTick  tasks.o
    0x200105f0   0x200105f0   0x00000080   Code   RO         6228    i.xTaskPriorityDisinherit  tasks.o
    0x20010670   0x20010670   0x00000078   Code   RO         6229    i.xTaskPriorityInherit  tasks.o
    0x200106e8   0x200106e8   0x00000070   Code   RO         6230    i.xTaskRemoveFromEventList  tasks.o
    0x20010758   0x20010758   0x000000c4   Code   RO         6231    i.xTaskResumeAll    tasks.o
    0x2001081c   0x2001081c   0x00000060   Code   RO         6541    i.xTimerCreateTimerTask  timers.o
    0x2001087c   0x2001087c   0x00000068   Code   RO         6542    i.xTimerGenericCommand  timers.o
    0x200108e4   0x200108e4   0x00000400   Data   RO          489    .constdata          common.o
    0x20010ce4   0x20010ce4   0x00000008   Data   RO          790    .constdata          functions.o
    0x20010cec   0x20010cec   0x00000028   Data   RO         1223    .constdata          main.o
    0x20010d14   0x20010d14   0x00000004   Data   RO         1224    .constdata          main.o
    0x20010d18   0x20010d18   0x00000001   Data   RO         1225    .constdata          main.o
    0x20010d19   0x20010d19   0x00000003   PAD
    0x20010d1c   0x20010d1c   0x00000004   Data   RO         1226    .constdata          main.o
    0x20010d20   0x20010d20   0x00000001   Data   RO         1227    .constdata          main.o
    0x20010d21   0x20010d21   0x00000003   PAD
    0x20010d24   0x20010d24   0x00000154   Data   RO         1368    .constdata          freertos.o
    0x20010e78   0x20010e78   0x00000008   Data   RO         2458    .constdata          stm32f4xx_hal_dma.o
    0x20010e80   0x20010e80   0x00000010   Data   RO         5576    .constdata          system_stm32f4xx.o
    0x20010e90   0x20010e90   0x00000008   Data   RO         5577    .constdata          system_stm32f4xx.o
    0x20010e98   0x20010e98   0x00000038   Data   RO         7231    .constdata          m_wm.l(log.o)
    0x20010ed0   0x20010ed0   0x00000008   Data   RO         7556    .constdata          m_wm.l(qnan.o)
    0x20010ed8   0x20010ed8   0x00000081   Data   RO         7583    .constdata          mc_w.l(ctype_o.o)
    0x20010f59   0x20010f59   0x00000003   PAD
    0x20010f5c   0x20010f5c   0x00000004   Data   RO         7584    .constdata          mc_w.l(ctype_o.o)
    0x20010f60   0x20010f60   0x00000005   Data   RO           51    .conststring        command.o
    0x20010f65   0x20010f65   0x00000003   PAD
    0x20010f68   0x20010f68   0x0000009a   Data   RO          791    .conststring        functions.o
    0x20011002   0x20011002   0x00000002   PAD
    0x20011004   0x20011004   0x000000d6   Data   RO         1369    .conststring        freertos.o
    0x200110da   0x200110da   0x00000002   PAD
    0x200110dc   0x200110dc   0x00000020   Data   RO         7632    Region$$Table       anon$$obj.o


    Execution Region RW_IRAM1 (Exec base: 0x20018000, Load base: 0x200110fc, Size: 0x00005be0, Max: 0x00017c00, ABSOLUTE, COMPRESSED[0x0000017c])

    Exec Addr    Load Addr    Size         Type   Attr      Idx    E Section Name        Object

    0x20018000   COMPRESSED   0x0000011c   Data   RW           52    .data               command.o
    0x2001811c   COMPRESSED   0x00000088   Data   RW          792    .data               functions.o
    0x200181a4   COMPRESSED   0x0000000c   Data   RW         1228    .data               main.o
    0x200181b0   COMPRESSED   0x00000001   Data   RW         1229    .data               main.o
    0x200181b1   COMPRESSED   0x00000007   PAD
    0x200181b8   COMPRESSED   0x00000008   Data   RW         1230    .data               main.o
    0x200181c0   COMPRESSED   0x00000008   Data   RW         1231    .data               main.o
    0x200181c8   COMPRESSED   0x00000001   Data   RW         1232    .data               main.o
    0x200181c9   COMPRESSED   0x00000001   Data   RW         1233    .data               main.o
    0x200181ca   COMPRESSED   0x00000001   Data   RW         1234    .data               main.o
    0x200181cb   COMPRESSED   0x00000001   Data   RW         1235    .data               main.o
    0x200181cc   COMPRESSED   0x0000006c   Data   RW         1370    .data               freertos.o
    0x20018238   COMPRESSED   0x0000000c   Data   RW         2905    .data               stm32f4xx_hal.o
    0x20018244   COMPRESSED   0x00000004   Data   RW         5578    .data               system_stm32f4xx.o
    0x20018248   COMPRESSED   0x0000003c   Data   RW         6234    .data               tasks.o
    0x20018284   COMPRESSED   0x00000014   Data   RW         6550    .data               timers.o
    0x20018298   COMPRESSED   0x00000004   Data   RW         6747    .data               cmsis_os2.o
    0x2001829c   COMPRESSED   0x00000018   Data   RW         7110    .data               heap_4.o
    0x200182b4   COMPRESSED   0x0000000c   Data   RW         7161    .data               port.o
    0x200182c0   COMPRESSED   0x00000004   Data   RW         7613    .data               mc_w.l(errno.o)
    0x200182c4        -       0x00000241   Zero   RW           50    .bss                command.o
    0x20018505        -       0x00000400   Zero   RW          488    .bss                common.o
    0x20018905   COMPRESSED   0x00000003   PAD
    0x20018908        -       0x00000070   Zero   RW         1221    .bss                main.o
    0x20018978        -       0x000000f0   Zero   RW         1222    .bss                main.o
    0x20018a68        -       0x000000a8   Zero   RW         1454    .bss                i2c.o
    0x20018b10        -       0x0000000c   Zero   RW         1499    .bss                iwdg.o
    0x20018b1c        -       0x00000020   Zero   RW         1531    .bss                rtc.o
    0x20018b3c        -       0x00000210   Zero   RW         1578    .bss                spi.o
    0x20018d4c        -       0x00000080   Zero   RW         1648    .bss                tim.o
    0x20018dcc        -       0x000000e0   Zero   RW         1707    .bss                usart.o
    0x20018eac        -       0x00000040   Zero   RW         1896    .bss                stm32f4xx_hal_timebase_tim.o
    0x20018eec        -       0x00000020   Zero   RW         2117    .bss                stm32f4xx_hal_flash.o
    0x20018f0c        -       0x00000040   Zero   RW         5817    .bss                queue.o
    0x20018f4c        -       0x000004c4   Zero   RW         6233    .bss                tasks.o
    0x20019410        -       0x00000118   Zero   RW         6549    .bss                timers.o
    0x20019528        -       0x000006b8   Zero   RW         6746    .bss                cmsis_os2.o
    0x20019be0        -       0x00003c00   Zero   RW         7109    .bss                heap_4.o
    0x2001d7e0        -       0x00000400   Zero   RW            1    STACK               startup_stm32f427xx.o


    Execution Region RW_IRAM2 (Exec base: 0x2002fc00, Load base: 0x20011278, Size: 0x00000180, Max: 0x00000400, ABSOLUTE, UNINIT)

    Exec Addr    Load Addr    Size         Type   Attr      Idx    E Section Name        Object

    0x2002fc00        -       0x00000180   Zero   RW         1220    .ARM.__AT_0x2002FC00  main.o


==============================================================================

Image component sizes


      Code (inc. data)   RO Data    RW Data    ZI Data      Debug   Object Name

      1524         92          0          4       1720      29825   cmsis_os2.o
      7288       1750          5        284        577     854085   command.o
      3870       1200       1024          0       1024      23578   common.o
        44          4          0          0          0        766   dma.o
         0          0          0          0          0      20120   event_groups.o
       154          8          0          0          0       2273   flash_if.o
      9028       2116        554        108          0      13112   freertos.o
     14050       1810        162        136          0      63173   functions.o
       692         42          0          0          0       1343   gpio.o
       460         24          0         24      15360       4807   heap_4.o
       352         50          0          0        168       2370   i2c.o
        44          8          0          0         12        719   iwdg.o
       138          0          0          0          0       3582   list.o
      1954        444         50         33        736       8018   main.o
       786         82          0         12          0      11657   port.o
      2732         28          0          0         64      31965   queue.o
        76         16          0          0         32       1463   rtc.o
       856        108          0          0        528       5026   spi.o
        36          8        428          0       1024        840   startup_stm32f427xx.o
        80         14          0         12          0       8254   stm32f4xx_hal.o
       158         14          0          0          0      33186   stm32f4xx_hal_cortex.o
      1080         16          8          0          0       7402   stm32f4xx_hal_dma.o
       746         74          0          0         32       8028   stm32f4xx_hal_flash.o
       336         22          0          0          0       4221   stm32f4xx_hal_flash_ex.o
       512         60          0          0          0       3730   stm32f4xx_hal_gpio.o
      2174         52          0          0          0      12950   stm32f4xx_hal_i2c.o
       128          0          0          0          0       1875   stm32f4xx_hal_i2c_ex.o
        94          0          0          0          0       1775   stm32f4xx_hal_iwdg.o
        76          6          0          0          0        866   stm32f4xx_hal_msp.o
       112         14          0          0          0       1300   stm32f4xx_hal_pwr_ex.o
      1396         92          0          0          0       5929   stm32f4xx_hal_rcc.o
       596         36          0          0          0       1624   stm32f4xx_hal_rcc_ex.o
       916         30          0          0          0       7564   stm32f4xx_hal_rtc.o
      1194          8          0          0          0       6292   stm32f4xx_hal_spi.o
      1422         72          0          0          0      12355   stm32f4xx_hal_tim.o
       148         28          0          0          0       2481   stm32f4xx_hal_tim_ex.o
       116         16          0          0         64       1412   stm32f4xx_hal_timebase_tim.o
      1738         30          0          0          0      14431   stm32f4xx_hal_uart.o
        96         30          0          0          0       6994   stm32f4xx_it.o
         0          0          0          0          0       8880   stream_buffer.o
        24          4         24          4          0       1171   system_stm32f4xx.o
      2668        226          0         60       1220      29405   tasks.o
       376         42          0          0        128       2944   tim.o
       912         82          0         20        280      26287   timers.o
       388         54          0          0        224       3067   usart.o

    ----------------------------------------------------------------------
     61638       8812       2300        704      23196    1293145   Object Totals
         0          0         32          0          0          0   (incl. Generated)
        68          0         13          7          3          0   (incl. Padding)

    ----------------------------------------------------------------------

      Code (inc. data)   RO Data    RW Data    ZI Data      Debug   Library Member Name

       100         28          0          0          0        372   dunder.o
       964         92         56          0          0        316   log.o
       248          0          0          0          0        152   poly.o
         0          0          8          0          0          0   qnan.o
        86          0          0          0          0          0   __dczerorl2.o
        28          0          0          0          0         68   _chval.o
       158          0          0          0          0         92   _strtoul.o
         8          4        133          0          0         68   ctype_o.o
         0          0          0          0          0          0   entry.o
         0          0          0          0          0          0   entry10a.o
         0          0          0          0          0          0   entry11a.o
         8          4          0          0          0          0   entry2.o
         4          0          0          0          0          0   entry5.o
         0          0          0          0          0          0   entry7b.o
         0          0          0          0          0          0   entry8b.o
         8          4          0          0          0          0   entry9a.o
        20         10          0          4          0        136   errno.o
        30          0          0          0          0          0   handlers.o
        36          8          0          0          0         68   init.o
         0          0          0          0          0          0   iusefp.o
        30          0          0          0          0         68   llshl.o
        36          0          0          0          0         68   llsshr.o
        32          0          0          0          0         68   llushr.o
        36          0          0          0          0         68   memcpya.o
        36          0          0          0          0        108   memseta.o
      2276         86          0          0          0        520   printfa.o
        14          0          0          0          0         68   strlen.o
        30          0          0          0          0         80   strncmp.o
       114          0          0          0          0         92   strtoul.o
        44          0          0          0          0         80   uidiv.o
        98          0          0          0          0         92   uldiv.o
        48          0          0          0          0         68   cdcmple.o
        48          0          0          0          0         68   cdrcmple.o
       334          0          0          0          0        148   dadd.o
       222          0          0          0          0        100   ddiv.o
       186          0          0          0          0        176   depilogue.o
        62          0          0          0          0         80   dfixi.o
        50          0          0          0          0         76   dfixui.o
        48          0          0          0          0         68   dfixul.o
        34          0          0          0          0         76   dflti.o
        26          0          0          0          0         76   dfltui.o
       228          0          0          0          0         96   dmul.o

    ----------------------------------------------------------------------
      5746        240        200          4          0       3616   Library Totals
        16          4          3          0          0          0   (incl. Padding)

    ----------------------------------------------------------------------

      Code (inc. data)   RO Data    RW Data    ZI Data      Debug   Library Name

      1312        120         64          0          0        840   m_wm.l
      3132        116        133          4          0       1744   mc_w.l
      1286          0          0          0          0       1032   mf_w.l

    ----------------------------------------------------------------------
      5746        240        200          4          0       3616   Library Totals

    ----------------------------------------------------------------------

==============================================================================


      Code (inc. data)   RO Data    RW Data    ZI Data      Debug   

     67384       9052       2500        708      23196    1254489   Grand Totals
     67384       9052       2500        380      23196    1254489   ELF Image Totals (compressed)
     67384       9052       2500        380          0          0   ROM Totals

==============================================================================

    Total RO  Size (Code + RO Data)                69884 (  68.25kB)
    Total RW  Size (RW Data + ZI Data)             23904 (  23.34kB)
    Total ROM Size (Code + RO Data + RW Data)      70264 (  68.62kB)

==============================================================================

